<html>
<body>
<pre>
<h1>礦ision Build Log</h1>
<h2>Tool Versions:</h2>
IDE-Version: μVision V5.14.0.0
Copyright (C) 2015 ARM Ltd and ARM Germany GmbH. All rights reserved.
License Information: DoubleM DoubleM, DoubleM, LIC=0VRKP-MYUBG-WKLB8-3VYAR-UAXN8-IUDFL
 
Tool Versions:
Toolchain:       MDK-ARM Professional  Version: 5.14.0.0
Toolchain Path:  D:\SoftwareInstallationPath\keil5\ARM\ARMCC\Bin
C Compiler:      Armcc.exe V5.05 update 1 (build 106)
Assembler:       Armasm.exe V5.05 update 1 (build 106)
Linker/Locator:  ArmLink.exe V5.05 update 1 (build 106)
Library Manager: ArmAr.exe V5.05 update 1 (build 106)
Hex Converter:   FromElf.exe V5.05 update 1 (build 106)
CPU DLL:         SARMCM3.DLL V5.14.0.0
Dialog DLL:      DCM.DLL V1.13.1.0
Target DLL:      STLink\ST-LINKIII-KEIL_SWO.dll V2.0.14.0_KEIL
Dialog DLL:      TCM.DLL V1.14.4.0
 
<h2>Project:</h2>
C:\Users\DoubleM\Desktop\2017电子设计大赛程序\1-----------------摄像头模块\3-----------------双摄像头切换用\Project\DoubleM.uvprojx
Project File Date:  08/10/2017

<h2>Output:</h2>
Build target 'DoubleM'
compiling misc.c...
compiling stm32f10x_exti.c...
compiling stm32f10x_gpio.c...
compiling stm32f10x_rcc.c...
compiling stm32f10x_tim.c...
compiling stm32f10x_usart.c...
compiling stm32f10x_fsmc.c...
compiling sys.c...
compiling usart.c...
compiling usmart.c...
compiling usmart_config.c...
compiling usmart_str.c...
compiling timer.c...
compiling ov7670.c...
compiling sccb.c...
compiling led.c...
compiling lcd.c...
compiling key.c...
compiling exti.c...
compiling HardWork.c...
compiling core_cm3.c...
assembling startup_stm32f10x_hd.s...
compiling main.c...
compiling pbdata.c...
compiling stm32f10x_it.c...
compiling system_stm32f10x.c...
linking...
Program Size: Code=30120 RO-data=7076 RW-data=368 ZI-data=1336  
".\Objects\DoubleM.axf" - 0 Error(s), 0 Warning(s).

<h2>Collection of Component include folders:</h2>
  C:\Users\DoubleM\Desktop\2017电子设计大赛程序\1-----------------摄像头模块\3-----------------双摄像头切换用\Project\RTE
  D:\SoftwareInstallationPath\keil5\ARM\PACK\Keil\STM32F1xx_DFP\1.0.5\Device\Include

<h2>Collection of Component Files used:</h2>
</pre>
</body>
</html>
