Component: ARM Compiler 5.05 update 1 (build 106) Tool: armlink [4d0efa]

==============================================================================

Section Cross References

    startup_stm32f10x_hd.o(STACK) refers (Special) to heapauxi.o(.text) for __use_two_region_memory
    startup_stm32f10x_hd.o(HEAP) refers (Special) to heapauxi.o(.text) for __use_two_region_memory
    startup_stm32f10x_hd.o(RESET) refers (Special) to heapauxi.o(.text) for __use_two_region_memory
    startup_stm32f10x_hd.o(RESET) refers to startup_stm32f10x_hd.o(STACK) for __initial_sp
    startup_stm32f10x_hd.o(RESET) refers to startup_stm32f10x_hd.o(.text) for Reset_Handler
    startup_stm32f10x_hd.o(RESET) refers to stm32f10x_it.o(.text) for NMI_Handler
    startup_stm32f10x_hd.o(RESET) refers to porttimer.o(.text) for TIM4_IRQHandler
    startup_stm32f10x_hd.o(RESET) refers to portserial.o(.text) for USART2_IRQHandler
    startup_stm32f10x_hd.o(.text) refers (Special) to heapauxi.o(.text) for __use_two_region_memory
    startup_stm32f10x_hd.o(.text) refers to system_stm32f10x.o(.text) for SystemInit
    startup_stm32f10x_hd.o(.text) refers to __main.o(!!!main) for __main
    startup_stm32f10x_hd.o(.text) refers to startup_stm32f10x_hd.o(HEAP) for Heap_Mem
    startup_stm32f10x_hd.o(.text) refers to startup_stm32f10x_hd.o(STACK) for Stack_Mem
    main.o(.text) refers to stm32f10x_gpio.o(.text) for GPIO_SetBits
    main.o(.text) refers to pbdata.o(.text) for delay_ms
    main.o(.text) refers to stm32f10x_usart.o(.text) for USART_SendData
    main.o(.text) refers to system_stm32f10x.o(.text) for SystemInit
    main.o(.text) refers to stm32f10x_rcc.o(.text) for RCC_APB2PeriphClockCmd
    main.o(.text) refers to mb.o(.text) for eMBInit
    main.o(.text) refers to main.o(.constdata) for auchCRCHi
    main.o(.text) refers to portserial.o(.data) for rx_bz
    main.o(.text) refers to main.o(.data) for i
    main.o(.text) refers to main.o(.bss) for RS485_RX_BUFF
    stm32f10x_it.o(.text) refers to stm32f10x_usart.o(.text) for USART_GetITStatus
    pbdata.o(.text) refers to stm32f10x_rcc.o(.text) for RCC_DeInit
    stm32f10x_gpio.o(.text) refers to stm32f10x_rcc.o(.text) for RCC_APB2PeriphResetCmd
    stm32f10x_rcc.o(.text) refers to stm32f10x_rcc.o(.data) for APBAHBPrescTable
    stm32f10x_usart.o(.text) refers to stm32f10x_rcc.o(.text) for RCC_APB2PeriphResetCmd
    stm32f10x_tim.o(.text) refers to stm32f10x_rcc.o(.text) for RCC_APB2PeriphResetCmd
    system_stm32f10x.o(.text) refers to system_stm32f10x.o(.data) for SystemCoreClock
    mbascii.o(.text) refers to portserial.o(.text) for xMBPortSerialInit
    mbascii.o(.text) refers to porttimer.o(.text) for xMBPortTimersInit
    mbascii.o(.text) refers to portevent.o(.text) for xMBPortEventPost
    mbascii.o(.text) refers to assert.o(.text) for __aeabi_assert
    mbascii.o(.text) refers to mbascii.o(.data) for ucMBLFCharacter
    mbascii.o(.text) refers to mbascii.o(.conststring) for .conststring
    mbascii.o(.data) refers to mbrtu.o(.bss) for ucRTUBuf
    mbfunccoils.o(.text) refers to main.o(.text) for eMBRegCoilsCB
    mbfunccoils.o(.text) refers to mbutils.o(.text) for prveMBError2Exception
    mbfuncdisc.o(.text) refers to main.o(.text) for eMBRegDiscreteCB
    mbfuncdisc.o(.text) refers to mbutils.o(.text) for prveMBError2Exception
    mbfuncholding.o(.text) refers to main.o(.text) for eMBRegHoldingCB
    mbfuncholding.o(.text) refers to mbutils.o(.text) for prveMBError2Exception
    mbfuncinput.o(.text) refers to main.o(.text) for eMBRegInputCB
    mbfuncinput.o(.text) refers to mbutils.o(.text) for prveMBError2Exception
    mbfuncother.o(.text) refers to rt_memcpy_v6.o(.text) for __aeabi_memcpy
    mbfuncother.o(.text) refers to mbfuncother.o(.data) for usMBSlaveIDLen
    mbfuncother.o(.text) refers to mbfuncother.o(.bss) for ucMBSlaveID
    mbutils.o(.text) refers to assert.o(.text) for __aeabi_assert
    mbcrc.o(.text) refers to mbcrc.o(.constdata) for aucCRCHi
    mbrtu.o(.text) refers to portserial.o(.text) for xMBPortSerialInit
    mbrtu.o(.text) refers to porttimer.o(.text) for xMBPortTimersInit
    mbrtu.o(.text) refers to assert.o(.text) for __aeabi_assert
    mbrtu.o(.text) refers to mbcrc.o(.text) for usMBCRC16
    mbrtu.o(.text) refers to portevent.o(.text) for xMBPortEventPost
    mbrtu.o(.text) refers to mbrtu.o(.data) for eRcvState
    mbrtu.o(.text) refers to mbrtu.o(.bss) for ucRTUBuf
    mbrtu.o(.text) refers to mbrtu.o(.conststring) for .conststring
    mb.o(.text) refers to mbrtu.o(.text) for eMBRTUInit
    mb.o(.text) refers to mbascii.o(.text) for eMBASCIIInit
    mb.o(.text) refers to portevent.o(.text) for xMBPortEventInit
    mb.o(.text) refers to mb.o(.data) for ucMBAddress
    mb.o(.data) refers to mbfuncother.o(.text) for eMBFuncReportSlaveID
    mb.o(.data) refers to mbfuncinput.o(.text) for eMBFuncReadInputRegister
    mb.o(.data) refers to mbfuncholding.o(.text) for eMBFuncReadHoldingRegister
[...]
    sys_stackheap_outer.o(.text) refers to libspace.o(.text) for __user_perproc_libspace
    sys_stackheap_outer.o(.text) refers to startup_stm32f10x_hd.o(.text) for __user_initial_stackheap
    rt_raise.o(.text) refers to __raise.o(.text) for __raise
    rt_raise.o(.text) refers to sys_exit.o(.text) for _sys_exit
    exit.o(.text) refers to rtexit.o(.ARM.Collect$$rtexit$$00000000) for __rt_exit
    defsig_exit.o(.text) refers to sys_exit.o(.text) for _sys_exit
    defsig_abrt_inner.o(.text) refers to defsig_general.o(.text) for __default_signal_display
    libinit.o(.ARM.Collect$$libinit$$00000000) refers (Special) to libinit2.o(.ARM.Collect$$libinit$$0000002E) for __rt_lib_init_alloca_1
    libinit.o(.ARM.Collect$$libinit$$00000000) refers (Special) to libinit2.o(.ARM.Collect$$libinit$$0000002C) for __rt_lib_init_argv_1
    libinit.o(.ARM.Collect$$libinit$$00000000) refers (Special) to libinit2.o(.ARM.Collect$$libinit$$0000001B) for __rt_lib_init_atexit_1
    libinit.o(.ARM.Collect$$libinit$$00000000) refers (Special) to libinit2.o(.ARM.Collect$$libinit$$00000021) for __rt_lib_init_clock_1
    libinit.o(.ARM.Collect$$libinit$$00000000) refers (Special) to libinit2.o(.ARM.Collect$$libinit$$00000032) for __rt_lib_init_cpp_1
    libinit.o(.ARM.Collect$$libinit$$00000000) refers (Special) to libinit2.o(.ARM.Collect$$libinit$$00000030) for __rt_lib_init_exceptions_1
    libinit.o(.ARM.Collect$$libinit$$00000000) refers (Special) to libinit2.o(.ARM.Collect$$libinit$$00000002) for __rt_lib_init_fp_1
    libinit.o(.ARM.Collect$$libinit$$00000000) refers (Special) to libinit2.o(.ARM.Collect$$libinit$$0000001F) for __rt_lib_init_fp_trap_1
    libinit.o(.ARM.Collect$$libinit$$00000000) refers (Special) to libinit2.o(.ARM.Collect$$libinit$$00000023) for __rt_lib_init_getenv_1
    libinit.o(.ARM.Collect$$libinit$$00000000) refers (Special) to libinit2.o(.ARM.Collect$$libinit$$0000000A) for __rt_lib_init_heap_1
    libinit.o(.ARM.Collect$$libinit$$00000000) refers (Special) to libinit2.o(.ARM.Collect$$libinit$$00000011) for __rt_lib_init_lc_collate_1
    libinit.o(.ARM.Collect$$libinit$$00000000) refers (Special) to libinit2.o(.ARM.Collect$$libinit$$00000013) for __rt_lib_init_lc_ctype_1
    libinit.o(.ARM.Collect$$libinit$$00000000) refers (Special) to libinit2.o(.ARM.Collect$$libinit$$00000015) for __rt_lib_init_lc_monetary_1
    libinit.o(.ARM.Collect$$libinit$$00000000) refers (Special) to libinit2.o(.ARM.Collect$$libinit$$00000017) for __rt_lib_init_lc_numeric_1
    libinit.o(.ARM.Collect$$libinit$$00000000) refers (Special) to libinit2.o(.ARM.Collect$$libinit$$00000019) for __rt_lib_init_lc_time_1
    libinit.o(.ARM.Collect$$libinit$$00000000) refers (Special) to libinit2.o(.ARM.Collect$$libinit$$00000004) for __rt_lib_init_preinit_1
    libinit.o(.ARM.Collect$$libinit$$00000000) refers (Special) to libinit2.o(.ARM.Collect$$libinit$$0000000E) for __rt_lib_init_rand_1
    libinit.o(.ARM.Collect$$libinit$$00000000) refers (Special) to libinit2.o(.ARM.Collect$$libinit$$00000033) for __rt_lib_init_return
    libinit.o(.ARM.Collect$$libinit$$00000000) refers (Special) to libinit2.o(.ARM.Collect$$libinit$$0000001D) for __rt_lib_init_signal_1
    libinit.o(.ARM.Collect$$libinit$$00000000) refers (Special) to libinit2.o(.ARM.Collect$$libinit$$00000025) for __rt_lib_init_stdio_1
    libinit.o(.ARM.Collect$$libinit$$00000000) refers (Special) to libinit2.o(.ARM.Collect$$libinit$$0000000C) for __rt_lib_init_user_alloc_1
    libspace.o(.text) refers to libspace.o(.bss) for __libspace_start
    rtexit.o(.ARM.Collect$$rtexit$$00000000) refers (Special) to rtexit2.o(.ARM.Collect$$rtexit$$00000004) for __rt_exit_exit
    rtexit.o(.ARM.Collect$$rtexit$$00000000) refers (Special) to rtexit2.o(.ARM.Collect$$rtexit$$00000003) for __rt_exit_ls
    rtexit.o(.ARM.Collect$$rtexit$$00000000) refers (Special) to rtexit2.o(.ARM.Collect$$rtexit$$00000002) for __rt_exit_prels_1
    rtexit.o(.ARM.exidx) refers (Special) to rtexit2.o(.ARM.Collect$$rtexit$$00000004) for __rt_exit_exit
    rtexit.o(.ARM.exidx) refers (Special) to rtexit2.o(.ARM.Collect$$rtexit$$00000003) for __rt_exit_ls
    rtexit.o(.ARM.exidx) refers (Special) to rtexit2.o(.ARM.Collect$$rtexit$$00000002) for __rt_exit_prels_1
    rtexit.o(.ARM.exidx) refers to rtexit.o(.ARM.Collect$$rtexit$$00000000) for .ARM.Collect$$rtexit$$00000000
    __raise.o(.text) refers to defsig.o(CL$$defsig) for __default_signal_handler
    defsig_general.o(.text) refers to sys_wrch.o(.text) for _ttywrch
    libinit2.o(.ARM.Collect$$libinit$$00000010) refers to libinit2.o(.ARM.Collect$$libinit$$0000000F) for .ARM.Collect$$libinit$$0000000F
    libinit2.o(.ARM.Collect$$libinit$$00000012) refers to libinit2.o(.ARM.Collect$$libinit$$0000000F) for .ARM.Collect$$libinit$$0000000F
    libinit2.o(.ARM.Collect$$libinit$$00000014) refers to libinit2.o(.ARM.Collect$$libinit$$0000000F) for .ARM.Collect$$libinit$$0000000F
    libinit2.o(.ARM.Collect$$libinit$$00000016) refers to libinit2.o(.ARM.Collect$$libinit$$0000000F) for .ARM.Collect$$libinit$$0000000F
    libinit2.o(.ARM.Collect$$libinit$$00000018) refers to libinit2.o(.ARM.Collect$$libinit$$0000000F) for .ARM.Collect$$libinit$$0000000F
    libinit2.o(.ARM.Collect$$libinit$$00000026) refers to argv_veneer.o(.emb_text) for __ARM_argv_veneer
    libinit2.o(.ARM.Collect$$libinit$$00000027) refers to argv_veneer.o(.emb_text) for __ARM_argv_veneer
    rtexit2.o(.ARM.Collect$$rtexit$$00000003) refers to libshutdown.o(.ARM.Collect$$libshutdown$$00000000) for __rt_lib_shutdown
    rtexit2.o(.ARM.Collect$$rtexit$$00000004) refers to sys_exit.o(.text) for _sys_exit
    rtexit2.o(.ARM.exidx) refers to rtexit2.o(.ARM.Collect$$rtexit$$00000001) for .ARM.Collect$$rtexit$$00000001
    rtexit2.o(.ARM.exidx) refers to rtexit2.o(.ARM.Collect$$rtexit$$00000003) for .ARM.Collect$$rtexit$$00000003
    rtexit2.o(.ARM.exidx) refers to rtexit2.o(.ARM.Collect$$rtexit$$00000004) for .ARM.Collect$$rtexit$$00000004
    defsig.o(CL$$defsig) refers to defsig_abrt_inner.o(.text) for __rt_SIGABRT_inner
    defsig.o(CL$$defsig) refers to defsig_rtmem_inner.o(.text) for __rt_SIGRTMEM_inner
    argv_veneer.o(.emb_text) refers to no_argv.o(.text) for __ARM_get_argv
    defsig_fpe_inner.o(.text) refers to defsig_general.o(.text) for __default_signal_display
    defsig_rtred_inner.o(.text) refers to defsig_general.o(.text) for __default_signal_display
    defsig_rtmem_inner.o(.text) refers to defsig_general.o(.text) for __default_signal_display
    defsig_stak_inner.o(.text) refers to defsig_general.o(.text) for __default_signal_display
    defsig_pvfn_inner.o(.text) refers to defsig_general.o(.text) for __default_signal_display
    defsig_cppl_inner.o(.text) refers to defsig_general.o(.text) for __default_signal_display
    defsig_segv_inner.o(.text) refers to defsig_general.o(.text) for __default_signal_display
    defsig_other.o(.text) refers to defsig_general.o(.text) for __default_signal_display
    _get_argv_nomalloc.o(.text) refers (Special) to hrguard.o(.text) for __heap_region$guard
    _get_argv_nomalloc.o(.text) refers to defsig_rtmem_outer.o(.text) for __rt_SIGRTMEM
    _get_argv_nomalloc.o(.text) refers to sys_command.o(.text) for _sys_command_string
    libshutdown.o(.ARM.Collect$$libshutdown$$00000000) refers (Special) to libshutdown2.o(.ARM.Collect$$libshutdown$$00000006) for __rt_lib_shutdown_fp_trap_1
    libshutdown.o(.ARM.Collect$$libshutdown$$00000000) refers (Special) to libshutdown2.o(.ARM.Collect$$libshutdown$$0000000E) for __rt_lib_shutdown_heap_1
    libshutdown.o(.ARM.Collect$$libshutdown$$00000000) refers (Special) to libshutdown2.o(.ARM.Collect$$libshutdown$$0000000F) for __rt_lib_shutdown_return
    libshutdown.o(.ARM.Collect$$libshutdown$$00000000) refers (Special) to libshutdown2.o(.ARM.Collect$$libshutdown$$00000009) for __rt_lib_shutdown_signal_1
    libshutdown.o(.ARM.Collect$$libshutdown$$00000000) refers (Special) to libshutdown2.o(.ARM.Collect$$libshutdown$$00000003) for __rt_lib_shutdown_stdio_1
    libshutdown.o(.ARM.Collect$$libshutdown$$00000000) refers (Special) to libshutdown2.o(.ARM.Collect$$libshutdown$$0000000B) for __rt_lib_shutdown_user_alloc_1
    sys_command.o(.text) refers (Special) to use_no_semi.o(.text) for __I$use$semihosting
    sys_command.o(.text) refers (Special) to indicate_semi.o(.text) for __semihosting_library_function
    defsig_rtmem_outer.o(.text) refers to defsig_rtmem_inner.o(.text) for __rt_SIGRTMEM_inner
    defsig_rtmem_outer.o(.text) refers to defsig_exit.o(.text) for __sig_exit
    defsig_rtmem_formal.o(.text) refers to rt_raise.o(.text) for __rt_raise


==============================================================================

Removing Unused input sections from the image.

    Removing pbdata.o(.data), (1 bytes).
    Removing stm32f10x_exti.o(.text), (284 bytes).
    Removing core_cm3.o(.emb_text), (32 bytes).

3 unused section(s) (total 317 bytes) removed from the image.

==============================================================================

Image Symbol Table

    Local Symbols

    Symbol Name                              Value     Ov Type        Size  Object(Section)

    ../clib/angel/boardlib.s                 0x00000000   Number         0  boardshut.o ABSOLUTE
    ../clib/angel/boardlib.s                 0x00000000   Number         0  boardinit3.o ABSOLUTE
    ../clib/angel/boardlib.s                 0x00000000   Number         0  boardinit2.o ABSOLUTE
    ../clib/angel/boardlib.s                 0x00000000   Number         0  boardinit1.o ABSOLUTE
    ../clib/angel/dczerorl2.s                0x00000000   Number         0  __dczerorl2.o ABSOLUTE
    ../clib/angel/handlers.s                 0x00000000   Number         0  __scatter_zi.o ABSOLUTE
    ../clib/angel/kernel.s                   0x00000000   Number         0  __rtentry.o ABSOLUTE
    ../clib/angel/kernel.s                   0x00000000   Number         0  __rtentry4.o ABSOLUTE
    ../clib/angel/kernel.s                   0x00000000   Number         0  __rtentry2.o ABSOLUTE
    ../clib/angel/kernel.s                   0x00000000   Number         0  rtexit.o ABSOLUTE
    ../clib/angel/kernel.s                   0x00000000   Number         0  rtexit2.o ABSOLUTE
    ../clib/angel/rt.s                       0x00000000   Number         0  rt_raise.o ABSOLUTE
    ../clib/angel/scatter.s                  0x00000000   Number         0  __scatter.o ABSOLUTE
    ../clib/angel/startup.s                  0x00000000   Number         0  __main.o ABSOLUTE
    ../clib/angel/sys.s                      0x00000000   Number         0  libspace.o ABSOLUTE
    ../clib/angel/sys.s                      0x00000000   Number         0  sys_stackheap_outer.o ABSOLUTE
    ../clib/angel/sys.s                      0x00000000   Number         0  indicate_semi.o ABSOLUTE
    ../clib/angel/sys.s                      0x00000000   Number         0  use_no_semi.o ABSOLUTE
    ../clib/angel/sysapp.c                   0x00000000   Number         0  sys_command.o ABSOLUTE
    ../clib/angel/sysapp.c                   0x00000000   Number         0  sys_exit.o ABSOLUTE
    ../clib/angel/sysapp.c                   0x00000000   Number         0  sys_wrch.o ABSOLUTE
    ../clib/armsys.c                         0x00000000   Number         0  _get_argv_nomalloc.o ABSOLUTE
    ../clib/armsys.c                         0x00000000   Number         0  no_argv.o ABSOLUTE
    ../clib/armsys.c                         0x00000000   Number         0  argv_veneer.o ABSOLUTE
    ../clib/armsys.c                         0x00000000   Number         0  argv_veneer.o ABSOLUTE
    ../clib/assert.c                         0x00000000   Number         0  assert_puts.o ABSOLUTE
    ../clib/assert.c                         0x00000000   Number         0  assert.o ABSOLUTE
    ../clib/heapalloc.c                      0x00000000   Number         0  hrguard.o ABSOLUTE
    ../clib/heapaux.c                        0x00000000   Number         0  heapauxi.o ABSOLUTE
    ../clib/libinit.s                        0x00000000   Number         0  libinit2.o ABSOLUTE
    ../clib/libinit.s                        0x00000000   Number         0  libinit.o ABSOLUTE
    ../clib/libinit.s                        0x00000000   Number         0  libshutdown2.o ABSOLUTE
    ../clib/libinit.s                        0x00000000   Number         0  libshutdown.o ABSOLUTE
    ../clib/memcpset.s                       0x00000000   Number         0  rt_memcpy_v6.o ABSOLUTE
    ../clib/memcpset.s                       0x00000000   Number         0  rt_memcpy_w.o ABSOLUTE
    ../clib/signal.c                         0x00000000   Number         0  defsig_exit.o ABSOLUTE
    ../clib/signal.c                         0x00000000   Number         0  defsig_rtred_inner.o ABSOLUTE
    ../clib/signal.c                         0x00000000   Number         0  defsig_rtmem_inner.o ABSOLUTE
    ../clib/signal.c                         0x00000000   Number         0  defsig_stak_inner.o ABSOLUTE
    ../clib/signal.c                         0x00000000   Number         0  defsig_abrt_inner.o ABSOLUTE
    ../clib/signal.c                         0x00000000   Number         0  defsig_abrt_outer.o ABSOLUTE
    ../clib/signal.c                         0x00000000   Number         0  defsig_rtmem_outer.o ABSOLUTE
    ../clib/signal.c                         0x00000000   Number         0  defsig_rtmem_formal.o ABSOLUTE
    ../clib/signal.c                         0x00000000   Number         0  defsig_pvfn_inner.o ABSOLUTE
    ../clib/signal.c                         0x00000000   Number         0  defsig_cppl_inner.o ABSOLUTE
    ../clib/signal.c                         0x00000000   Number         0  defsig_segv_inner.o ABSOLUTE
    ../clib/signal.c                         0x00000000   Number         0  defsig_other.o ABSOLUTE
    ../clib/signal.c                         0x00000000   Number         0  defsig_abrt_formal.o ABSOLUTE
    ../clib/signal.c                         0x00000000   Number         0  defsig_fpe_inner.o ABSOLUTE
    ../clib/signal.c                         0x00000000   Number         0  defsig_general.o ABSOLUTE
    ../clib/signal.c                         0x00000000   Number         0  __raise.o ABSOLUTE
    ../clib/signal.s                         0x00000000   Number         0  defsig.o ABSOLUTE
    ../clib/stdlib.c                         0x00000000   Number         0  abort.o ABSOLUTE
    ../clib/stdlib.c                         0x00000000   Number         0  exit.o ABSOLUTE
    ../fplib/fpinit.s                        0x00000000   Number         0  fpinit.o ABSOLUTE
    ASM\startup_stm32f10x_hd.s               0x00000000   Number         0  startup_stm32f10x_hd.o ABSOLUTE
    Lib\SRC\misc.c                           0x00000000   Number         0  misc.o ABSOLUTE
    Lib\SRC\stm32f10x_exti.c                 0x00000000   Number         0  stm32f10x_exti.o ABSOLUTE
    Lib\SRC\stm32f10x_gpio.c                 0x00000000   Number         0  stm32f10x_gpio.o ABSOLUTE
    Lib\SRC\stm32f10x_rcc.c                  0x00000000   Number         0  stm32f10x_rcc.o ABSOLUTE
    Lib\SRC\stm32f10x_tim.c                  0x00000000   Number         0  stm32f10x_tim.o ABSOLUTE
    Lib\SRC\stm32f10x_usart.c                0x00000000   Number         0  stm32f10x_usart.o ABSOLUTE
    System\\core_cm3.c                       0x00000000   Number         0  core_cm3.o ABSOLUTE
    System\core_cm3.c                        0x00000000   Number         0  core_cm3.o ABSOLUTE
    System\system_stm32f10x.c                0x00000000   Number         0  system_stm32f10x.o ABSOLUTE
    USR\main.c                               0x00000000   Number         0  main.o ABSOLUTE
    USR\pbdata.c                             0x00000000   Number         0  pbdata.o ABSOLUTE
    USR\stm32f10x_it.c                       0x00000000   Number         0  stm32f10x_it.o ABSOLUTE
    dc.s                                     0x00000000   Number         0  dc.o ABSOLUTE
    modbus\ascii\mbascii.c                   0x00000000   Number         0  mbascii.o ABSOLUTE
    modbus\functions\mbfunccoils.c           0x00000000   Number         0  mbfunccoils.o ABSOLUTE
    modbus\functions\mbfuncdisc.c            0x00000000   Number         0  mbfuncdisc.o ABSOLUTE
    modbus\functions\mbfuncholding.c         0x00000000   Number         0  mbfuncholding.o ABSOLUTE
    modbus\functions\mbfuncinput.c           0x00000000   Number         0  mbfuncinput.o ABSOLUTE
    modbus\functions\mbfuncother.c           0x00000000   Number         0  mbfuncother.o ABSOLUTE
    modbus\functions\mbutils.c               0x00000000   Number         0  mbutils.o ABSOLUTE
    modbus\mb.c                              0x00000000   Number         0  mb.o ABSOLUTE
    modbus\rtu\mbcrc.c                       0x00000000   Number         0  mbcrc.o ABSOLUTE
    modbus\rtu\mbrtu.c                       0x00000000   Number         0  mbrtu.o ABSOLUTE
    modbus\tcp\mbtcp.c                       0x00000000   Number         0  mbtcp.o ABSOLUTE
    port\portevent.c                         0x00000000   Number         0  portevent.o ABSOLUTE
    port\portserial.c                        0x00000000   Number         0  portserial.o ABSOLUTE
    port\porttimer.c                         0x00000000   Number         0  porttimer.o ABSOLUTE
    RESET                                    0x08000000   Section      304  startup_stm32f10x_hd.o(RESET)
    !!!main                                  0x08000130   Section        8  __main.o(!!!main)
    !!!scatter                               0x08000138   Section       52  __scatter.o(!!!scatter)
    !!dczerorl2                              0x0800016c   Section       90  __dczerorl2.o(!!dczerorl2)
    !!handler_zi                             0x080001c8   Section       28  __scatter_zi.o(!!handler_zi)
    .ARM.Collect$$libinit$$00000000          0x080001e4   Section        2  libinit.o(.ARM.Collect$$libinit$$00000000)
    .ARM.Collect$$libinit$$00000002          0x080001e6   Section        0  libinit2.o(.ARM.Collect$$libinit$$00000002)
    .ARM.Collect$$libinit$$00000004          0x080001e6   Section        0  libinit2.o(.ARM.Collect$$libinit$$00000004)
    .ARM.Collect$$libinit$$0000000A          0x080001e6   Section        0  libinit2.o(.ARM.Collect$$libinit$$0000000A)
    .ARM.Collect$$libinit$$0000000C          0x080001e6   Section        0  libinit2.o(.ARM.Collect$$libinit$$0000000C)
    .ARM.Collect$$libinit$$0000000E          0x080001e6   Section        0  libinit2.o(.ARM.Collect$$libinit$$0000000E)
    .ARM.Collect$$libinit$$00000011          0x080001e6   Section        0  libinit2.o(.ARM.Collect$$libinit$$00000011)
    .ARM.Collect$$libinit$$00000013          0x080001e6   Section        0  libinit2.o(.ARM.Collect$$libinit$$00000013)
    .ARM.Collect$$libinit$$00000015          0x080001e6   Section        0  libinit2.o(.ARM.Collect$$libinit$$00000015)
    .ARM.Collect$$libinit$$00000017          0x080001e6   Section        0  libinit2.o(.ARM.Collect$$libinit$$00000017)
    .ARM.Collect$$libinit$$00000019          0x080001e6   Section        0  libinit2.o(.ARM.Collect$$libinit$$00000019)
    .ARM.Collect$$libinit$$0000001B          0x080001e6   Section        0  libinit2.o(.ARM.Collect$$libinit$$0000001B)
    .ARM.Collect$$libinit$$0000001D          0x080001e6   Section        0  libinit2.o(.ARM.Collect$$libinit$$0000001D)
    .ARM.Collect$$libinit$$0000001F          0x080001e6   Section        0  libinit2.o(.ARM.Collect$$libinit$$0000001F)
    .ARM.Collect$$libinit$$00000021          0x080001e6   Section        0  libinit2.o(.ARM.Collect$$libinit$$00000021)
    .ARM.Collect$$libinit$$00000023          0x080001e6   Section        0  libinit2.o(.ARM.Collect$$libinit$$00000023)
    .ARM.Collect$$libinit$$00000025          0x080001e6   Section        0  libinit2.o(.ARM.Collect$$libinit$$00000025)
    .ARM.Collect$$libinit$$0000002C          0x080001e6   Section        0  libinit2.o(.ARM.Collect$$libinit$$0000002C)
    .ARM.Collect$$libinit$$0000002E          0x080001e6   Section        0  libinit2.o(.ARM.Collect$$libinit$$0000002E)
    .ARM.Collect$$libinit$$00000030          0x080001e6   Section        0  libinit2.o(.ARM.Collect$$libinit$$00000030)
    .ARM.Collect$$libinit$$00000032          0x080001e6   Section        0  libinit2.o(.ARM.Collect$$libinit$$00000032)
    .ARM.Collect$$libinit$$00000033          0x080001e6   Section        2  libinit2.o(.ARM.Collect$$libinit$$00000033)
    .ARM.Collect$$libshutdown$$00000000      0x080001e8   Section        2  libshutdown.o(.ARM.Collect$$libshutdown$$00000000)
    .ARM.Collect$$libshutdown$$00000003      0x080001ea   Section        0  libshutdown2.o(.ARM.Collect$$libshutdown$$00000003)
    .ARM.Collect$$libshutdown$$00000006      0x080001ea   Section        0  libshutdown2.o(.ARM.Collect$$libshutdown$$00000006)
    .ARM.Collect$$libshutdown$$00000009      0x080001ea   Section        0  libshutdown2.o(.ARM.Collect$$libshutdown$$00000009)
    .ARM.Collect$$libshutdown$$0000000B      0x080001ea   Section        0  libshutdown2.o(.ARM.Collect$$libshutdown$$0000000B)
    .ARM.Collect$$libshutdown$$0000000E      0x080001ea   Section        0  libshutdown2.o(.ARM.Collect$$libshutdown$$0000000E)
    .ARM.Collect$$libshutdown$$0000000F      0x080001ea   Section        2  libshutdown2.o(.ARM.Collect$$libshutdown$$0000000F)
    .ARM.Collect$$rtentry$$00000000          0x080001ec   Section        0  __rtentry.o(.ARM.Collect$$rtentry$$00000000)
    .ARM.Collect$$rtentry$$00000002          0x080001ec   Section        0  __rtentry2.o(.ARM.Collect$$rtentry$$00000002)
    .ARM.Collect$$rtentry$$00000004          0x080001ec   Section        6  __rtentry4.o(.ARM.Collect$$rtentry$$00000004)
    .ARM.Collect$$rtentry$$00000009          0x080001f2   Section        0  __rtentry2.o(.ARM.Collect$$rtentry$$00000009)
    .ARM.Collect$$rtentry$$0000000A          0x080001f2   Section        4  __rtentry2.o(.ARM.Collect$$rtentry$$0000000A)
    .ARM.Collect$$rtentry$$0000000C          0x080001f6   Section        0  __rtentry2.o(.ARM.Collect$$rtentry$$0000000C)
    .ARM.Collect$$rtentry$$0000000D          0x080001f6   Section        8  __rtentry2.o(.ARM.Collect$$rtentry$$0000000D)
    .ARM.Collect$$rtexit$$00000000           0x080001fe   Section        2  rtexit.o(.ARM.Collect$$rtexit$$00000000)
    .ARM.Collect$$rtexit$$00000002           0x08000200   Section        0  rtexit2.o(.ARM.Collect$$rtexit$$00000002)
    .ARM.Collect$$rtexit$$00000003           0x08000200   Section        4  rtexit2.o(.ARM.Collect$$rtexit$$00000003)
    .ARM.Collect$$rtexit$$00000004           0x08000204   Section        6  rtexit2.o(.ARM.Collect$$rtexit$$00000004)
    .text                                    0x0800020c   Section       64  startup_stm32f10x_hd.o(.text)
    .text                                    0x0800024c   Section        0  main.o(.text)
    .text                                    0x08000644   Section        0  stm32f10x_it.o(.text)
    .text                                    0x0800069c   Section        0  pbdata.o(.text)
    .text                                    0x08000770   Section        0  stm32f10x_gpio.o(.text)
    .text                                    0x08000acc   Section        0  stm32f10x_rcc.o(.text)
    .text                                    0x08000e70   Section        0  stm32f10x_usart.o(.text)
    .text                                    0x08001278   Section        0  stm32f10x_tim.o(.text)
    TI4_Config                               0x0800171f   Thumb Code   130  stm32f10x_tim.o(.text)
    TI3_Config                               0x080017b3   Thumb Code   122  stm32f10x_tim.o(.text)
    TI2_Config                               0x08001847   Thumb Code   130  stm32f10x_tim.o(.text)
    TI1_Config                               0x080018db   Thumb Code   108  stm32f10x_tim.o(.text)
    .text                                    0x08002094   Section        0  misc.o(.text)
    .text                                    0x08002170   Section        0  system_stm32f10x.o(.text)
    SetSysClockTo72                          0x08002171   Thumb Code   214  system_stm32f10x.o(.text)
    SetSysClock                              0x08002247   Thumb Code     8  system_stm32f10x.o(.text)
    .text                                    0x08002350   Section        0  mbascii.o(.text)
    prvucMBLRC                               0x080023b3   Thumb Code    32  mbascii.o(.text)
    prvucMBCHAR2BIN                          0x08002491   Thumb Code    38  mbascii.o(.text)
    prvucMBBIN2CHAR                          0x080025dd   Thumb Code    44  mbascii.o(.text)
    .text                                    0x080027dc   Section        0  mbfunccoils.o(.text)
    .text                                    0x0800297c   Section        0  mbfuncdisc.o(.text)
    .text                                    0x08002a20   Section        0  mbfuncholding.o(.text)
    .text                                    0x08002c30   Section        0  mbfuncinput.o(.text)
    .text                                    0x08002cbc   Section        0  mbfuncother.o(.text)
    .text                                    0x08002d50   Section        0  mbutils.o(.text)
    .text                                    0x08002e30   Section        0  mbcrc.o(.text)
    .text                                    0x08002e68   Section        0  mbrtu.o(.text)
    .text                                    0x0800319c   Section        0  mb.o(.text)
    .text                                    0x080034e8   Section        0  portevent.o(.text)
    .text                                    0x08003524   Section        0  portserial.o(.text)
    prvvUARTTxReadyISR                       0x080036a1   Thumb Code    10  portserial.o(.text)
    prvvUARTRxISR                            0x080036ab   Thumb Code    10  portserial.o(.text)
    .text                                    0x08003718   Section        0  porttimer.o(.text)
    prvvTIMERExpiredISR                      0x080037eb   Thumb Code    10  porttimer.o(.text)
    .text                                    0x0800381c   Section        0  assert.o(.text)
    .text                                    0x0800389c   Section      138  rt_memcpy_v6.o(.text)
    .text                                    0x08003926   Section        0  heapauxi.o(.text)
    .text                                    0x0800392c   Section        0  abort.o(.text)
    .text                                    0x0800393c   Section        0  assert_puts.o(.text)
    .text                                    0x08003950   Section      100  rt_memcpy_w.o(.text)
    .text                                    0x080039b4   Section        0  sys_wrch.o(.text)
    .text                                    0x080039c4   Section        0  sys_exit.o(.text)
    .text                                    0x080039d0   Section        0  defsig_abrt_outer.o(.text)
    .text                                    0x080039de   Section        2  use_no_semi.o(.text)
    .text                                    0x080039e0   Section        0  indicate_semi.o(.text)
    .text                                    0x080039e0   Section       74  sys_stackheap_outer.o(.text)
    .text                                    0x08003a2a   Section        0  exit.o(.text)
    .text                                    0x08003a36   Section        0  defsig_exit.o(.text)
    .text                                    0x08003a40   Section        0  defsig_abrt_inner.o(.text)
    .text                                    0x08003a70   Section        8  libspace.o(.text)
    .text                                    0x08003a78   Section        0  defsig_general.o(.text)
    .constdata                               0x08003aaa   Section      512  main.o(.constdata)
    .constdata                               0x08003caa   Section      512  mbcrc.o(.constdata)
    aucCRCHi                                 0x08003caa   Data         256  mbcrc.o(.constdata)
    aucCRCLo                                 0x08003daa   Data         256  mbcrc.o(.constdata)
    .conststring                             0x08003eac   Section       68  mbascii.o(.conststring)
    .conststring                             0x08003ef0   Section       99  mbrtu.o(.conststring)
    .data                                    0x20000000   Section       68  main.o(.data)
    .data                                    0x20000044   Section       20  stm32f10x_rcc.o(.data)
    APBAHBPrescTable                         0x20000044   Data          16  stm32f10x_rcc.o(.data)
    ADCPrescTable                            0x20000054   Data           4  stm32f10x_rcc.o(.data)
    .data                                    0x20000058   Section       20  system_stm32f10x.o(.data)
    .data                                    0x2000006c   Section       20  mbascii.o(.data)
    eSndState                                0x2000006c   Data           1  mbascii.o(.data)
    eRcvState                                0x2000006d   Data           1  mbascii.o(.data)
    ucASCIIBuf                               0x20000070   Data           4  mbascii.o(.data)
    usRcvBufferPos                           0x20000074   Data           2  mbascii.o(.data)
    eBytePos                                 0x20000076   Data           1  mbascii.o(.data)
    pucSndBufferCur                          0x20000078   Data           4  mbascii.o(.data)
    usSndBufferCount                         0x2000007c   Data           2  mbascii.o(.data)
    ucLRC                                    0x2000007e   Data           1  mbascii.o(.data)
    ucMBLFCharacter                          0x2000007f   Data           1  mbascii.o(.data)
    .data                                    0x20000080   Section        2  mbfuncother.o(.data)
    usMBSlaveIDLen                           0x20000080   Data           2  mbfuncother.o(.data)
    .data                                    0x20000084   Section       12  mbrtu.o(.data)
    eSndState                                0x20000084   Data           1  mbrtu.o(.data)
    eRcvState                                0x20000085   Data           1  mbrtu.o(.data)
    pucSndBufferCur                          0x20000088   Data           4  mbrtu.o(.data)
    usSndBufferCount                         0x2000008c   Data           2  mbrtu.o(.data)
    usRcvBufferPos                           0x2000008e   Data           2  mbrtu.o(.data)
    .data                                    0x20000090   Section      181  mb.o(.data)
    ucMBAddress                              0x20000090   Data           1  mb.o(.data)
    eMBCurrentMode                           0x20000091   Data           1  mb.o(.data)
    eMBState                                 0x20000092   Data           1  mb.o(.data)
    peMBFrameSendCur                         0x20000094   Data           4  mb.o(.data)
    pvMBFrameStartCur                        0x20000098   Data           4  mb.o(.data)
    pvMBFrameStopCur                         0x2000009c   Data           4  mb.o(.data)
    peMBFrameReceiveCur                      0x200000a0   Data           4  mb.o(.data)
    pvMBFrameCloseCur                        0x200000a4   Data           4  mb.o(.data)
    xFuncHandlers                            0x200000bc   Data         128  mb.o(.data)
    ucMBFrame                                0x2000013c   Data           4  mb.o(.data)
    ucRcvAddress                             0x20000140   Data           1  mb.o(.data)
    ucFunctionCode                           0x20000141   Data           1  mb.o(.data)
    usLength                                 0x20000142   Data           2  mb.o(.data)
    eException                               0x20000144   Data           1  mb.o(.data)
    .data                                    0x20000145   Section        2  portevent.o(.data)
    eQueuedEvent                             0x20000145   Data           1  portevent.o(.data)
    xEventInQueue                            0x20000146   Data           1  portevent.o(.data)
    .data                                    0x20000148   Section       12  portserial.o(.data)
    .bss                                     0x20000154   Section      200  main.o(.bss)
    .bss                                     0x2000021c   Section       32  mbfuncother.o(.bss)
    ucMBSlaveID                              0x2000021c   Data          32  mbfuncother.o(.bss)
    .bss                                     0x2000023c   Section      256  mbrtu.o(.bss)
    .bss                                     0x2000033c   Section       96  libspace.o(.bss)
    HEAP                                     0x200003a0   Section      512  startup_stm32f10x_hd.o(HEAP)
    Heap_Mem                                 0x200003a0   Data         512  startup_stm32f10x_hd.o(HEAP)
    STACK                                    0x200005a0   Section     1024  startup_stm32f10x_hd.o(STACK)
    Stack_Mem                                0x200005a0   Data        1024  startup_stm32f10x_hd.o(STACK)
    __initial_sp                             0x200009a0   Data           0  startup_stm32f10x_hd.o(STACK)

    Global Symbols

    Symbol Name                              Value     Ov Type        Size  Object(Section)

    BuildAttributes$$THM_ISAv4$P$D$K$B$S$PE$A:L22UL41UL21$X:L11$S22US41US21$IEEE1$IW$USESV6$~STKCKD$USESV7$~SHL$OSPACE$ROPI$EBA8$UX$STANDARDLIB$REQ8$PRES8$EABIv2 0x00000000   Number         0  anon$$obj.o ABSOLUTE
    __ARM_use_no_argv                        0x00000000   Number         0  main.o ABSOLUTE
    __ARM_exceptions_init                     - Undefined Weak Reference
    __alloca_initialize                       - Undefined Weak Reference
    __arm_preinit_                            - Undefined Weak Reference
    __cpp_initialize__aeabi_                  - Undefined Weak Reference
    __cxa_finalize                            - Undefined Weak Reference
    __rt_locale                               - Undefined Weak Reference
    __sigvec_lookup                           - Undefined Weak Reference
    _atexit_init                              - Undefined Weak Reference
    _call_atexit_fns                          - Undefined Weak Reference
    _clock_init                               - Undefined Weak Reference
    _fp_trap_init                             - Undefined Weak Reference
    _fp_trap_shutdown                         - Undefined Weak Reference
    _get_lc_collate                           - Undefined Weak Reference
    _get_lc_ctype                             - Undefined Weak Reference
    _get_lc_monetary                          - Undefined Weak Reference
    _get_lc_numeric                           - Undefined Weak Reference
    _get_lc_time                              - Undefined Weak Reference
    _getenv_init                              - Undefined Weak Reference
    _handle_redirection                       - Undefined Weak Reference
    _init_alloc                               - Undefined Weak Reference
    _init_user_alloc                          - Undefined Weak Reference
    _initio                                   - Undefined Weak Reference
    _rand_init                                - Undefined Weak Reference
    _signal_finish                            - Undefined Weak Reference
    _signal_init                              - Undefined Weak Reference
    _terminate_alloc                          - Undefined Weak Reference
    _terminate_user_alloc                     - Undefined Weak Reference
    _terminateio                              - Undefined Weak Reference
    __Vectors_Size                           0x00000130   Number         0  startup_stm32f10x_hd.o ABSOLUTE
    __Vectors                                0x08000000   Data           4  startup_stm32f10x_hd.o(RESET)
    __Vectors_End                            0x08000130   Data           0  startup_stm32f10x_hd.o(RESET)
    __main                                   0x08000131   Thumb Code     8  __main.o(!!!main)
    __scatterload                            0x08000139   Thumb Code     0  __scatter.o(!!!scatter)
    __scatterload_rt2                        0x08000139   Thumb Code    44  __scatter.o(!!!scatter)
    __scatterload_rt2_thumb_only             0x08000139   Thumb Code     0  __scatter.o(!!!scatter)
    __scatterload_null                       0x08000147   Thumb Code     0  __scatter.o(!!!scatter)
    __decompress                             0x0800016d   Thumb Code    90  __dczerorl2.o(!!dczerorl2)
    __decompress1                            0x0800016d   Thumb Code     0  __dczerorl2.o(!!dczerorl2)
    __scatterload_zeroinit                   0x080001c9   Thumb Code    28  __scatter_zi.o(!!handler_zi)
    __rt_lib_init                            0x080001e5   Thumb Code     0  libinit.o(.ARM.Collect$$libinit$$00000000)
    __rt_lib_init_alloca_1                   0x080001e7   Thumb Code     0  libinit2.o(.ARM.Collect$$libinit$$0000002E)
    __rt_lib_init_argv_1                     0x080001e7   Thumb Code     0  libinit2.o(.ARM.Collect$$libinit$$0000002C)
    __rt_lib_init_atexit_1                   0x080001e7   Thumb Code     0  libinit2.o(.ARM.Collect$$libinit$$0000001B)
    __rt_lib_init_clock_1                    0x080001e7   Thumb Code     0  libinit2.o(.ARM.Collect$$libinit$$00000021)
    __rt_lib_init_cpp_1                      0x080001e7   Thumb Code     0  libinit2.o(.ARM.Collect$$libinit$$00000032)
    __rt_lib_init_exceptions_1               0x080001e7   Thumb Code     0  libinit2.o(.ARM.Collect$$libinit$$00000030)
    __rt_lib_init_fp_1                       0x080001e7   Thumb Code     0  libinit2.o(.ARM.Collect$$libinit$$00000002)
    __rt_lib_init_fp_trap_1                  0x080001e7   Thumb Code     0  libinit2.o(.ARM.Collect$$libinit$$0000001F)
    __rt_lib_init_getenv_1                   0x080001e7   Thumb Code     0  libinit2.o(.ARM.Collect$$libinit$$00000023)
    __rt_lib_init_heap_1                     0x080001e7   Thumb Code     0  libinit2.o(.ARM.Collect$$libinit$$0000000A)
    __rt_lib_init_lc_collate_1               0x080001e7   Thumb Code     0  libinit2.o(.ARM.Collect$$libinit$$00000011)
    __rt_lib_init_lc_ctype_1                 0x080001e7   Thumb Code     0  libinit2.o(.ARM.Collect$$libinit$$00000013)
    __rt_lib_init_lc_monetary_1              0x080001e7   Thumb Code     0  libinit2.o(.ARM.Collect$$libinit$$00000015)
    __rt_lib_init_lc_numeric_1               0x080001e7   Thumb Code     0  libinit2.o(.ARM.Collect$$libinit$$00000017)
    __rt_lib_init_lc_time_1                  0x080001e7   Thumb Code     0  libinit2.o(.ARM.Collect$$libinit$$00000019)
    __rt_lib_init_preinit_1                  0x080001e7   Thumb Code     0  libinit2.o(.ARM.Collect$$libinit$$00000004)
    __rt_lib_init_rand_1                     0x080001e7   Thumb Code     0  libinit2.o(.ARM.Collect$$libinit$$0000000E)
    __rt_lib_init_return                     0x080001e7   Thumb Code     0  libinit2.o(.ARM.Collect$$libinit$$00000033)
    __rt_lib_init_signal_1                   0x080001e7   Thumb Code     0  libinit2.o(.ARM.Collect$$libinit$$0000001D)
    __rt_lib_init_stdio_1                    0x080001e7   Thumb Code     0  libinit2.o(.ARM.Collect$$libinit$$00000025)
    __rt_lib_init_user_alloc_1               0x080001e7   Thumb Code     0  libinit2.o(.ARM.Collect$$libinit$$0000000C)
    __rt_lib_shutdown                        0x080001e9   Thumb Code     0  libshutdown.o(.ARM.Collect$$libshutdown$$00000000)
    __rt_lib_shutdown_fp_trap_1              0x080001eb   Thumb Code     0  libshutdown2.o(.ARM.Collect$$libshutdown$$00000006)
    __rt_lib_shutdown_heap_1                 0x080001eb   Thumb Code     0  libshutdown2.o(.ARM.Collect$$libshutdown$$0000000E)
    __rt_lib_shutdown_return                 0x080001eb   Thumb Code     0  libshutdown2.o(.ARM.Collect$$libshutdown$$0000000F)
    __rt_lib_shutdown_signal_1               0x080001eb   Thumb Code     0  libshutdown2.o(.ARM.Collect$$libshutdown$$00000009)
    __rt_lib_shutdown_stdio_1                0x080001eb   Thumb Code     0  libshutdown2.o(.ARM.Collect$$libshutdown$$00000003)
    __rt_lib_shutdown_user_alloc_1           0x080001eb   Thumb Code     0  libshutdown2.o(.ARM.Collect$$libshutdown$$0000000B)
    __rt_entry                               0x080001ed   Thumb Code     0  __rtentry.o(.ARM.Collect$$rtentry$$00000000)
    __rt_entry_presh_1                       0x080001ed   Thumb Code     0  __rtentry2.o(.ARM.Collect$$rtentry$$00000002)
    __rt_entry_sh                            0x080001ed   Thumb Code     0  __rtentry4.o(.ARM.Collect$$rtentry$$00000004)
    __rt_entry_li                            0x080001f3   Thumb Code     0  __rtentry2.o(.ARM.Collect$$rtentry$$0000000A)
    __rt_entry_postsh_1                      0x080001f3   Thumb Code     0  __rtentry2.o(.ARM.Collect$$rtentry$$00000009)
    __rt_entry_main                          0x080001f7   Thumb Code     0  __rtentry2.o(.ARM.Collect$$rtentry$$0000000D)
    __rt_entry_postli_1                      0x080001f7   Thumb Code     0  __rtentry2.o(.ARM.Collect$$rtentry$$0000000C)
    __rt_exit                                0x080001ff   Thumb Code     0  rtexit.o(.ARM.Collect$$rtexit$$00000000)
    __rt_exit_ls                             0x08000201   Thumb Code     0  rtexit2.o(.ARM.Collect$$rtexit$$00000003)
    __rt_exit_prels_1                        0x08000201   Thumb Code     0  rtexit2.o(.ARM.Collect$$rtexit$$00000002)
    __rt_exit_exit                           0x08000205   Thumb Code     0  rtexit2.o(.ARM.Collect$$rtexit$$00000004)
    Reset_Handler                            0x0800020d   Thumb Code     8  startup_stm32f10x_hd.o(.text)
    ADC1_2_IRQHandler                        0x08000227   Thumb Code     0  startup_stm32f10x_hd.o(.text)
    ADC3_IRQHandler                          0x08000227   Thumb Code     0  startup_stm32f10x_hd.o(.text)
    CAN1_RX1_IRQHandler                      0x08000227   Thumb Code     0  startup_stm32f10x_hd.o(.text)
    CAN1_SCE_IRQHandler                      0x08000227   Thumb Code     0  startup_stm32f10x_hd.o(.text)
    DMA1_Channel1_IRQHandler                 0x08000227   Thumb Code     0  startup_stm32f10x_hd.o(.text)
    DMA1_Channel2_IRQHandler                 0x08000227   Thumb Code     0  startup_stm32f10x_hd.o(.text)
    DMA1_Channel3_IRQHandler                 0x08000227   Thumb Code     0  startup_stm32f10x_hd.o(.text)
    DMA1_Channel4_IRQHandler                 0x08000227   Thumb Code     0  startup_stm32f10x_hd.o(.text)
    DMA1_Channel5_IRQHandler                 0x08000227   Thumb Code     0  startup_stm32f10x_hd.o(.text)
    DMA1_Channel6_IRQHandler                 0x08000227   Thumb Code     0  startup_stm32f10x_hd.o(.text)
    DMA1_Channel7_IRQHandler                 0x08000227   Thumb Code     0  startup_stm32f10x_hd.o(.text)
    DMA2_Channel1_IRQHandler                 0x08000227   Thumb Code     0  startup_stm32f10x_hd.o(.text)
    DMA2_Channel2_IRQHandler                 0x08000227   Thumb Code     0  startup_stm32f10x_hd.o(.text)
    DMA2_Channel3_IRQHandler                 0x08000227   Thumb Code     0  startup_stm32f10x_hd.o(.text)
    DMA2_Channel4_5_IRQHandler               0x08000227   Thumb Code     0  startup_stm32f10x_hd.o(.text)
    EXTI0_IRQHandler                         0x08000227   Thumb Code     0  startup_stm32f10x_hd.o(.text)
    EXTI15_10_IRQHandler                     0x08000227   Thumb Code     0  startup_stm32f10x_hd.o(.text)
    EXTI4_IRQHandler                         0x08000227   Thumb Code     0  startup_stm32f10x_hd.o(.text)
    FLASH_IRQHandler                         0x08000227   Thumb Code     0  startup_stm32f10x_hd.o(.text)
    FSMC_IRQHandler                          0x08000227   Thumb Code     0  startup_stm32f10x_hd.o(.text)
    I2C1_ER_IRQHandler                       0x08000227   Thumb Code     0  startup_stm32f10x_hd.o(.text)
    I2C1_EV_IRQHandler                       0x08000227   Thumb Code     0  startup_stm32f10x_hd.o(.text)
    I2C2_ER_IRQHandler                       0x08000227   Thumb Code     0  startup_stm32f10x_hd.o(.text)
    I2C2_EV_IRQHandler                       0x08000227   Thumb Code     0  startup_stm32f10x_hd.o(.text)
    PVD_IRQHandler                           0x08000227   Thumb Code     0  startup_stm32f10x_hd.o(.text)
    RCC_IRQHandler                           0x08000227   Thumb Code     0  startup_stm32f10x_hd.o(.text)
    RTCAlarm_IRQHandler                      0x08000227   Thumb Code     0  startup_stm32f10x_hd.o(.text)
    RTC_IRQHandler                           0x08000227   Thumb Code     0  startup_stm32f10x_hd.o(.text)
    SDIO_IRQHandler                          0x08000227   Thumb Code     0  startup_stm32f10x_hd.o(.text)
    SPI1_IRQHandler                          0x08000227   Thumb Code     0  startup_stm32f10x_hd.o(.text)
    SPI2_IRQHandler                          0x08000227   Thumb Code     0  startup_stm32f10x_hd.o(.text)
    SPI3_IRQHandler                          0x08000227   Thumb Code     0  startup_stm32f10x_hd.o(.text)
    TAMPER_IRQHandler                        0x08000227   Thumb Code     0  startup_stm32f10x_hd.o(.text)
    TIM1_BRK_IRQHandler                      0x08000227   Thumb Code     0  startup_stm32f10x_hd.o(.text)
    TIM1_CC_IRQHandler                       0x08000227   Thumb Code     0  startup_stm32f10x_hd.o(.text)
    TIM1_TRG_COM_IRQHandler                  0x08000227   Thumb Code     0  startup_stm32f10x_hd.o(.text)
    TIM1_UP_IRQHandler                       0x08000227   Thumb Code     0  startup_stm32f10x_hd.o(.text)
    TIM2_IRQHandler                          0x08000227   Thumb Code     0  startup_stm32f10x_hd.o(.text)
    TIM5_IRQHandler                          0x08000227   Thumb Code     0  startup_stm32f10x_hd.o(.text)
    TIM6_IRQHandler                          0x08000227   Thumb Code     0  startup_stm32f10x_hd.o(.text)
    TIM7_IRQHandler                          0x08000227   Thumb Code     0  startup_stm32f10x_hd.o(.text)
    TIM8_BRK_IRQHandler                      0x08000227   Thumb Code     0  startup_stm32f10x_hd.o(.text)
    TIM8_CC_IRQHandler                       0x08000227   Thumb Code     0  startup_stm32f10x_hd.o(.text)
    TIM8_TRG_COM_IRQHandler                  0x08000227   Thumb Code     0  startup_stm32f10x_hd.o(.text)
    TIM8_UP_IRQHandler                       0x08000227   Thumb Code     0  startup_stm32f10x_hd.o(.text)
    UART4_IRQHandler                         0x08000227   Thumb Code     0  startup_stm32f10x_hd.o(.text)
    UART5_IRQHandler                         0x08000227   Thumb Code     0  startup_stm32f10x_hd.o(.text)
    USART3_IRQHandler                        0x08000227   Thumb Code     0  startup_stm32f10x_hd.o(.text)
    USBWakeUp_IRQHandler                     0x08000227   Thumb Code     0  startup_stm32f10x_hd.o(.text)
    USB_HP_CAN1_TX_IRQHandler                0x08000227   Thumb Code     0  startup_stm32f10x_hd.o(.text)
    USB_LP_CAN1_RX0_IRQHandler               0x08000227   Thumb Code     0  startup_stm32f10x_hd.o(.text)
    WWDG_IRQHandler                          0x08000227   Thumb Code     0  startup_stm32f10x_hd.o(.text)
    __user_initial_stackheap                 0x08000229   Thumb Code     0  startup_stm32f10x_hd.o(.text)
    crc16                                    0x0800024d   Thumb Code    48  main.o(.text)
    Get_Crc8                                 0x0800027d   Thumb Code    56  main.o(.text)
    serial_send                              0x080002b5   Thumb Code    90  main.o(.text)
    GPIO_Configuration                       0x0800030f   Thumb Code   106  main.o(.text)
    RCC_Configuration                        0x08000379   Thumb Code    56  main.o(.text)
    main                                     0x080003b1   Thumb Code   486  main.o(.text)
    eMBRegInputCB                            0x08000597   Thumb Code    62  main.o(.text)
    eMBRegHoldingCB                          0x080005d5   Thumb Code     8  main.o(.text)
    eMBRegCoilsCB                            0x080005dd   Thumb Code     8  main.o(.text)
    eMBRegDiscreteCB                         0x080005e5   Thumb Code     6  main.o(.text)
    NMI_Handler                              0x08000645   Thumb Code     2  stm32f10x_it.o(.text)
    USART1_IRQHandler                        0x08000647   Thumb Code    46  stm32f10x_it.o(.text)
    HardFault_Handler                        0x08000675   Thumb Code     4  stm32f10x_it.o(.text)
    MemManage_Handler                        0x08000679   Thumb Code     4  stm32f10x_it.o(.text)
    BusFault_Handler                         0x0800067d   Thumb Code     4  stm32f10x_it.o(.text)
    UsageFault_Handler                       0x08000681   Thumb Code     4  stm32f10x_it.o(.text)
    SVC_Handler                              0x08000685   Thumb Code     2  stm32f10x_it.o(.text)
    DebugMon_Handler                         0x08000687   Thumb Code     2  stm32f10x_it.o(.text)
    PendSV_Handler                           0x08000689   Thumb Code     2  stm32f10x_it.o(.text)
    SysTick_Handler                          0x0800068b   Thumb Code     2  stm32f10x_it.o(.text)
    TIM3_IRQHandler                          0x0800068d   Thumb Code     2  stm32f10x_it.o(.text)
    EXTI9_5_IRQHandler                       0x0800068f   Thumb Code     2  stm32f10x_it.o(.text)
    EXTI1_IRQHandler                         0x08000691   Thumb Code     2  stm32f10x_it.o(.text)
    EXTI2_IRQHandler                         0x08000693   Thumb Code     2  stm32f10x_it.o(.text)
    EXTI3_IRQHandler                         0x08000695   Thumb Code     2  stm32f10x_it.o(.text)
    RCC_HSE_Configuration                    0x0800069d   Thumb Code    90  pbdata.o(.text)
    delay                                    0x080006f7   Thumb Code    10  pbdata.o(.text)
    delay_us                                 0x08000701   Thumb Code    54  pbdata.o(.text)
    delay_ms                                 0x08000737   Thumb Code    56  pbdata.o(.text)
    GPIO_DeInit                              0x08000771   Thumb Code   172  stm32f10x_gpio.o(.text)
    GPIO_AFIODeInit                          0x0800081d   Thumb Code    20  stm32f10x_gpio.o(.text)
    GPIO_Init                                0x08000831   Thumb Code   278  stm32f10x_gpio.o(.text)
    GPIO_StructInit                          0x08000947   Thumb Code    16  stm32f10x_gpio.o(.text)
    GPIO_ReadInputDataBit                    0x08000957   Thumb Code    18  stm32f10x_gpio.o(.text)
    GPIO_ReadInputData                       0x08000969   Thumb Code     8  stm32f10x_gpio.o(.text)
    GPIO_ReadOutputDataBit                   0x08000971   Thumb Code    18  stm32f10x_gpio.o(.text)
    GPIO_ReadOutputData                      0x08000983   Thumb Code     8  stm32f10x_gpio.o(.text)
    GPIO_SetBits                             0x0800098b   Thumb Code     4  stm32f10x_gpio.o(.text)
    GPIO_ResetBits                           0x0800098f   Thumb Code     4  stm32f10x_gpio.o(.text)
    GPIO_WriteBit                            0x08000993   Thumb Code    10  stm32f10x_gpio.o(.text)
    GPIO_Write                               0x0800099d   Thumb Code     4  stm32f10x_gpio.o(.text)
    GPIO_PinLockConfig                       0x080009a1   Thumb Code    18  stm32f10x_gpio.o(.text)
    GPIO_EventOutputConfig                   0x080009b3   Thumb Code    26  stm32f10x_gpio.o(.text)
    GPIO_EventOutputCmd                      0x080009cd   Thumb Code     6  stm32f10x_gpio.o(.text)
    GPIO_PinRemapConfig                      0x080009d3   Thumb Code   138  stm32f10x_gpio.o(.text)
    GPIO_EXTILineConfig                      0x08000a5d   Thumb Code    66  stm32f10x_gpio.o(.text)
    GPIO_ETH_MediaInterfaceConfig            0x08000a9f   Thumb Code     8  stm32f10x_gpio.o(.text)
    RCC_DeInit                               0x08000acd   Thumb Code    64  stm32f10x_rcc.o(.text)
    RCC_HSEConfig                            0x08000b0d   Thumb Code    70  stm32f10x_rcc.o(.text)
    RCC_GetFlagStatus                        0x08000b53   Thumb Code    56  stm32f10x_rcc.o(.text)
    RCC_WaitForHSEStartUp                    0x08000b8b   Thumb Code    56  stm32f10x_rcc.o(.text)
    RCC_AdjustHSICalibrationValue            0x08000bc3   Thumb Code    20  stm32f10x_rcc.o(.text)
    RCC_HSICmd                               0x08000bd7   Thumb Code     6  stm32f10x_rcc.o(.text)
    RCC_PLLConfig                            0x08000bdd   Thumb Code    24  stm32f10x_rcc.o(.text)
    RCC_PLLCmd                               0x08000bf5   Thumb Code     6  stm32f10x_rcc.o(.text)
    RCC_SYSCLKConfig                         0x08000bfb   Thumb Code    18  stm32f10x_rcc.o(.text)
    RCC_GetSYSCLKSource                      0x08000c0d   Thumb Code    10  stm32f10x_rcc.o(.text)
    RCC_HCLKConfig                           0x08000c17   Thumb Code    18  stm32f10x_rcc.o(.text)
    RCC_PCLK1Config                          0x08000c29   Thumb Code    18  stm32f10x_rcc.o(.text)
    RCC_PCLK2Config                          0x08000c3b   Thumb Code    20  stm32f10x_rcc.o(.text)
    RCC_ITConfig                             0x08000c4f   Thumb Code    26  stm32f10x_rcc.o(.text)
    RCC_USBCLKConfig                         0x08000c69   Thumb Code     8  stm32f10x_rcc.o(.text)
    RCC_ADCCLKConfig                         0x08000c71   Thumb Code    18  stm32f10x_rcc.o(.text)
    RCC_LSEConfig                            0x08000c83   Thumb Code    50  stm32f10x_rcc.o(.text)
    RCC_LSICmd                               0x08000cb5   Thumb Code     6  stm32f10x_rcc.o(.text)
    RCC_RTCCLKConfig                         0x08000cbb   Thumb Code    12  stm32f10x_rcc.o(.text)
    RCC_RTCCLKCmd                            0x08000cc7   Thumb Code     8  stm32f10x_rcc.o(.text)
    RCC_GetClocksFreq                        0x08000ccf   Thumb Code   192  stm32f10x_rcc.o(.text)
    RCC_AHBPeriphClockCmd                    0x08000d8f   Thumb Code    26  stm32f10x_rcc.o(.text)
    RCC_APB2PeriphClockCmd                   0x08000da9   Thumb Code    26  stm32f10x_rcc.o(.text)
    RCC_APB1PeriphClockCmd                   0x08000dc3   Thumb Code    26  stm32f10x_rcc.o(.text)
    RCC_APB2PeriphResetCmd                   0x08000ddd   Thumb Code    26  stm32f10x_rcc.o(.text)
    RCC_APB1PeriphResetCmd                   0x08000df7   Thumb Code    26  stm32f10x_rcc.o(.text)
    RCC_BackupResetCmd                       0x08000e11   Thumb Code     8  stm32f10x_rcc.o(.text)
    RCC_ClockSecuritySystemCmd               0x08000e19   Thumb Code     6  stm32f10x_rcc.o(.text)
    RCC_MCOConfig                            0x08000e1f   Thumb Code     6  stm32f10x_rcc.o(.text)
    RCC_ClearFlag                            0x08000e25   Thumb Code    14  stm32f10x_rcc.o(.text)
    RCC_GetITStatus                          0x08000e33   Thumb Code    20  stm32f10x_rcc.o(.text)
    RCC_ClearITPendingBit                    0x08000e47   Thumb Code     6  stm32f10x_rcc.o(.text)
    USART_DeInit                             0x08000e71   Thumb Code   134  stm32f10x_usart.o(.text)
    USART_Init                               0x08000ef7   Thumb Code   210  stm32f10x_usart.o(.text)
    USART_StructInit                         0x08000fc9   Thumb Code    24  stm32f10x_usart.o(.text)
    USART_ClockInit                          0x08000fe1   Thumb Code    34  stm32f10x_usart.o(.text)
    USART_ClockStructInit                    0x08001003   Thumb Code    12  stm32f10x_usart.o(.text)
    USART_Cmd                                0x0800100f   Thumb Code    24  stm32f10x_usart.o(.text)
    USART_ITConfig                           0x08001027   Thumb Code    74  stm32f10x_usart.o(.text)
    USART_DMACmd                             0x08001071   Thumb Code    18  stm32f10x_usart.o(.text)
    USART_SetAddress                         0x08001083   Thumb Code    18  stm32f10x_usart.o(.text)
    USART_WakeUpConfig                       0x08001095   Thumb Code    18  stm32f10x_usart.o(.text)
    USART_ReceiverWakeUpCmd                  0x080010a7   Thumb Code    24  stm32f10x_usart.o(.text)
    USART_LINBreakDetectLengthConfig         0x080010bf   Thumb Code    18  stm32f10x_usart.o(.text)
    USART_LINCmd                             0x080010d1   Thumb Code    24  stm32f10x_usart.o(.text)
    USART_SendData                           0x080010e9   Thumb Code     8  stm32f10x_usart.o(.text)
    USART_ReceiveData                        0x080010f1   Thumb Code    10  stm32f10x_usart.o(.text)
    USART_SendBreak                          0x080010fb   Thumb Code    10  stm32f10x_usart.o(.text)
    USART_SetGuardTime                       0x08001105   Thumb Code    16  stm32f10x_usart.o(.text)
    USART_SetPrescaler                       0x08001115   Thumb Code    16  stm32f10x_usart.o(.text)
    USART_SmartCardCmd                       0x08001125   Thumb Code    24  stm32f10x_usart.o(.text)
    USART_SmartCardNACKCmd                   0x0800113d   Thumb Code    24  stm32f10x_usart.o(.text)
    USART_HalfDuplexCmd                      0x08001155   Thumb Code    24  stm32f10x_usart.o(.text)
    USART_OverSampling8Cmd                   0x0800116d   Thumb Code    22  stm32f10x_usart.o(.text)
    USART_OneBitMethodCmd                    0x08001183   Thumb Code    24  stm32f10x_usart.o(.text)
    USART_IrDAConfig                         0x0800119b   Thumb Code    18  stm32f10x_usart.o(.text)
    USART_IrDACmd                            0x080011ad   Thumb Code    24  stm32f10x_usart.o(.text)
    USART_GetFlagStatus                      0x080011c5   Thumb Code    26  stm32f10x_usart.o(.text)
    USART_ClearFlag                          0x080011df   Thumb Code    18  stm32f10x_usart.o(.text)
    USART_GetITStatus                        0x080011f1   Thumb Code    84  stm32f10x_usart.o(.text)
    USART_ClearITPendingBit                  0x08001245   Thumb Code    52  stm32f10x_usart.o(.text)
    TIM_DeInit                               0x08001279   Thumb Code   424  stm32f10x_tim.o(.text)
    TIM_TimeBaseInit                         0x08001421   Thumb Code   122  stm32f10x_tim.o(.text)
    TIM_OC1Init                              0x0800149b   Thumb Code   132  stm32f10x_tim.o(.text)
    TIM_OC2Init                              0x0800151f   Thumb Code   154  stm32f10x_tim.o(.text)
    TIM_OC3Init                              0x080015b9   Thumb Code   150  stm32f10x_tim.o(.text)
    TIM_OC4Init                              0x0800164f   Thumb Code   182  stm32f10x_tim.o(.text)
    TIM_SetIC4Prescaler                      0x08001705   Thumb Code    26  stm32f10x_tim.o(.text)
    TIM_SetIC3Prescaler                      0x080017a1   Thumb Code    18  stm32f10x_tim.o(.text)
    TIM_SetIC2Prescaler                      0x0800182d   Thumb Code    26  stm32f10x_tim.o(.text)
    TIM_SetIC1Prescaler                      0x080018c9   Thumb Code    18  stm32f10x_tim.o(.text)
    TIM_ICInit                               0x08001947   Thumb Code   150  stm32f10x_tim.o(.text)
    TIM_PWMIConfig                           0x080019dd   Thumb Code   124  stm32f10x_tim.o(.text)
    TIM_BDTRConfig                           0x08001a59   Thumb Code    32  stm32f10x_tim.o(.text)
    TIM_TimeBaseStructInit                   0x08001a79   Thumb Code    18  stm32f10x_tim.o(.text)
    TIM_OCStructInit                         0x08001a8b   Thumb Code    20  stm32f10x_tim.o(.text)
    TIM_ICStructInit                         0x08001a9f   Thumb Code    18  stm32f10x_tim.o(.text)
    TIM_BDTRStructInit                       0x08001ab1   Thumb Code    40  stm32f10x_tim.o(.text)
    TIM_Cmd                                  0x08001ad9   Thumb Code    24  stm32f10x_tim.o(.text)
    TIM_CtrlPWMOutputs                       0x08001af1   Thumb Code    30  stm32f10x_tim.o(.text)
    TIM_ITConfig                             0x08001b0f   Thumb Code    18  stm32f10x_tim.o(.text)
    TIM_GenerateEvent                        0x08001b21   Thumb Code     4  stm32f10x_tim.o(.text)
    TIM_DMAConfig                            0x08001b25   Thumb Code    10  stm32f10x_tim.o(.text)
    TIM_DMACmd                               0x08001b2f   Thumb Code    18  stm32f10x_tim.o(.text)
    TIM_InternalClockConfig                  0x08001b41   Thumb Code    12  stm32f10x_tim.o(.text)
    TIM_SelectInputTrigger                   0x08001b4d   Thumb Code    18  stm32f10x_tim.o(.text)
    TIM_ITRxExternalClockConfig              0x08001b5f   Thumb Code    24  stm32f10x_tim.o(.text)
    TIM_TIxExternalClockConfig               0x08001b77   Thumb Code    62  stm32f10x_tim.o(.text)
    TIM_ETRConfig                            0x08001bb5   Thumb Code    28  stm32f10x_tim.o(.text)
    TIM_ETRClockMode1Config                  0x08001bd1   Thumb Code    54  stm32f10x_tim.o(.text)
    TIM_ETRClockMode2Config                  0x08001c07   Thumb Code    32  stm32f10x_tim.o(.text)
    TIM_PrescalerConfig                      0x08001c27   Thumb Code     6  stm32f10x_tim.o(.text)
    TIM_CounterModeConfig                    0x08001c2d   Thumb Code    18  stm32f10x_tim.o(.text)
    TIM_EncoderInterfaceConfig               0x08001c3f   Thumb Code    66  stm32f10x_tim.o(.text)
    TIM_ForcedOC1Config                      0x08001c81   Thumb Code    18  stm32f10x_tim.o(.text)
    TIM_ForcedOC2Config                      0x08001c93   Thumb Code    26  stm32f10x_tim.o(.text)
    TIM_ForcedOC3Config                      0x08001cad   Thumb Code    18  stm32f10x_tim.o(.text)
    TIM_ForcedOC4Config                      0x08001cbf   Thumb Code    26  stm32f10x_tim.o(.text)
    TIM_ARRPreloadConfig                     0x08001cd9   Thumb Code    24  stm32f10x_tim.o(.text)
    TIM_SelectCOM                            0x08001cf1   Thumb Code    24  stm32f10x_tim.o(.text)
    TIM_SelectCCDMA                          0x08001d09   Thumb Code    24  stm32f10x_tim.o(.text)
    TIM_CCPreloadControl                     0x08001d21   Thumb Code    24  stm32f10x_tim.o(.text)
    TIM_OC1PreloadConfig                     0x08001d39   Thumb Code    18  stm32f10x_tim.o(.text)
    TIM_OC2PreloadConfig                     0x08001d4b   Thumb Code    26  stm32f10x_tim.o(.text)
    TIM_OC3PreloadConfig                     0x08001d65   Thumb Code    18  stm32f10x_tim.o(.text)
    TIM_OC4PreloadConfig                     0x08001d77   Thumb Code    26  stm32f10x_tim.o(.text)
    TIM_OC1FastConfig                        0x08001d91   Thumb Code    18  stm32f10x_tim.o(.text)
    TIM_OC2FastConfig                        0x08001da3   Thumb Code    26  stm32f10x_tim.o(.text)
    TIM_OC3FastConfig                        0x08001dbd   Thumb Code    18  stm32f10x_tim.o(.text)
    TIM_OC4FastConfig                        0x08001dcf   Thumb Code    26  stm32f10x_tim.o(.text)
    TIM_ClearOC1Ref                          0x08001de9   Thumb Code    18  stm32f10x_tim.o(.text)
    TIM_ClearOC2Ref                          0x08001dfb   Thumb Code    24  stm32f10x_tim.o(.text)
    TIM_ClearOC3Ref                          0x08001e13   Thumb Code    18  stm32f10x_tim.o(.text)
    TIM_ClearOC4Ref                          0x08001e25   Thumb Code    24  stm32f10x_tim.o(.text)
    TIM_OC1PolarityConfig                    0x08001e3d   Thumb Code    18  stm32f10x_tim.o(.text)
    TIM_OC1NPolarityConfig                   0x08001e4f   Thumb Code    18  stm32f10x_tim.o(.text)
    TIM_OC2PolarityConfig                    0x08001e61   Thumb Code    26  stm32f10x_tim.o(.text)
    TIM_OC2NPolarityConfig                   0x08001e7b   Thumb Code    26  stm32f10x_tim.o(.text)
    TIM_OC3PolarityConfig                    0x08001e95   Thumb Code    26  stm32f10x_tim.o(.text)
    TIM_OC3NPolarityConfig                   0x08001eaf   Thumb Code    26  stm32f10x_tim.o(.text)
    TIM_OC4PolarityConfig                    0x08001ec9   Thumb Code    26  stm32f10x_tim.o(.text)
    TIM_CCxCmd                               0x08001ee3   Thumb Code    30  stm32f10x_tim.o(.text)
    TIM_CCxNCmd                              0x08001f01   Thumb Code    30  stm32f10x_tim.o(.text)
    TIM_SelectOCxM                           0x08001f1f   Thumb Code    82  stm32f10x_tim.o(.text)
    TIM_UpdateDisableConfig                  0x08001f71   Thumb Code    24  stm32f10x_tim.o(.text)
    TIM_UpdateRequestConfig                  0x08001f89   Thumb Code    24  stm32f10x_tim.o(.text)
    TIM_SelectHallSensor                     0x08001fa1   Thumb Code    24  stm32f10x_tim.o(.text)
    TIM_SelectOnePulseMode                   0x08001fb9   Thumb Code    18  stm32f10x_tim.o(.text)
    TIM_SelectOutputTrigger                  0x08001fcb   Thumb Code    18  stm32f10x_tim.o(.text)
    TIM_SelectSlaveMode                      0x08001fdd   Thumb Code    18  stm32f10x_tim.o(.text)
    TIM_SelectMasterSlaveMode                0x08001fef   Thumb Code    18  stm32f10x_tim.o(.text)
    TIM_SetCounter                           0x08002001   Thumb Code     4  stm32f10x_tim.o(.text)
    TIM_SetAutoreload                        0x08002005   Thumb Code     4  stm32f10x_tim.o(.text)
    TIM_SetCompare1                          0x08002009   Thumb Code     4  stm32f10x_tim.o(.text)
    TIM_SetCompare2                          0x0800200d   Thumb Code     4  stm32f10x_tim.o(.text)
    TIM_SetCompare3                          0x08002011   Thumb Code     4  stm32f10x_tim.o(.text)
    TIM_SetCompare4                          0x08002015   Thumb Code     6  stm32f10x_tim.o(.text)
    TIM_SetClockDivision                     0x0800201b   Thumb Code    18  stm32f10x_tim.o(.text)
    TIM_GetCapture1                          0x0800202d   Thumb Code     6  stm32f10x_tim.o(.text)
    TIM_GetCapture2                          0x08002033   Thumb Code     6  stm32f10x_tim.o(.text)
    TIM_GetCapture3                          0x08002039   Thumb Code     6  stm32f10x_tim.o(.text)
    TIM_GetCapture4                          0x0800203f   Thumb Code     8  stm32f10x_tim.o(.text)
    TIM_GetCounter                           0x08002047   Thumb Code     6  stm32f10x_tim.o(.text)
    TIM_GetPrescaler                         0x0800204d   Thumb Code     6  stm32f10x_tim.o(.text)
    TIM_GetFlagStatus                        0x08002053   Thumb Code    18  stm32f10x_tim.o(.text)
    TIM_ClearFlag                            0x08002065   Thumb Code     6  stm32f10x_tim.o(.text)
    TIM_GetITStatus                          0x0800206b   Thumb Code    34  stm32f10x_tim.o(.text)
    TIM_ClearITPendingBit                    0x0800208d   Thumb Code     6  stm32f10x_tim.o(.text)
    NVIC_PriorityGroupConfig                 0x08002095   Thumb Code    10  misc.o(.text)
    NVIC_Init                                0x0800209f   Thumb Code   100  misc.o(.text)
    NVIC_SetVectorTable                      0x08002103   Thumb Code    14  misc.o(.text)
    NVIC_SystemLPConfig                      0x08002111   Thumb Code    34  misc.o(.text)
    SysTick_CLKSourceConfig                  0x08002133   Thumb Code    40  misc.o(.text)
    SystemInit                               0x0800224f   Thumb Code    78  system_stm32f10x.o(.text)
    SystemCoreClockUpdate                    0x0800229d   Thumb Code   142  system_stm32f10x.o(.text)
    eMBASCIIInit                             0x08002351   Thumb Code    60  mbascii.o(.text)
    eMBASCIIStart                            0x0800238d   Thumb Code    22  mbascii.o(.text)
    eMBASCIIStop                             0x080023a3   Thumb Code    16  mbascii.o(.text)
    eMBASCIIReceive                          0x080023d3   Thumb Code    88  mbascii.o(.text)
    eMBASCIISend                             0x0800242b   Thumb Code   102  mbascii.o(.text)
    xMBASCIIReceiveFSM                       0x080024b7   Thumb Code   294  mbascii.o(.text)
    xMBASCIITransmitFSM                      0x08002609   Thumb Code   240  mbascii.o(.text)
    xMBASCIITimerT1SExpired                  0x080026f9   Thumb Code   228  mbascii.o(.text)
    eMBFuncReadCoils                         0x080027dd   Thumb Code   166  mbfunccoils.o(.text)
    eMBFuncWriteCoil                         0x08002883   Thumb Code   108  mbfunccoils.o(.text)
    eMBFuncWriteMultipleCoils                0x080028ef   Thumb Code   142  mbfunccoils.o(.text)
    eMBFuncReadDiscreteInputs                0x0800297d   Thumb Code   164  mbfuncdisc.o(.text)
    eMBFuncWriteHoldingRegister              0x08002a21   Thumb Code    66  mbfuncholding.o(.text)
    eMBFuncWriteMultipleHoldingRegister      0x08002a63   Thumb Code   110  mbfuncholding.o(.text)
    eMBFuncReadHoldingRegister               0x08002ad1   Thumb Code   140  mbfuncholding.o(.text)
    eMBFuncReadWriteMultipleHoldingRegister  0x08002b5d   Thumb Code   212  mbfuncholding.o(.text)
    eMBFuncReadInputRegister                 0x08002c31   Thumb Code   140  mbfuncinput.o(.text)
    eMBSetSlaveID                            0x08002cbd   Thumb Code   110  mbfuncother.o(.text)
    eMBFuncReportSlaveID                     0x08002d2b   Thumb Code    30  mbfuncother.o(.text)
    xMBUtilSetBits                           0x08002d51   Thumb Code   104  mbutils.o(.text)
    xMBUtilGetBits                           0x08002db9   Thumb Code    42  mbutils.o(.text)
    prveMBError2Exception                    0x08002de3   Thumb Code    34  mbutils.o(.text)
    usMBCRC16                                0x08002e31   Thumb Code    48  mbcrc.o(.text)
    eMBRTUInit                               0x08002e69   Thumb Code    76  mbrtu.o(.text)
    eMBRTUStart                              0x08002eb5   Thumb Code    22  mbrtu.o(.text)
    eMBRTUStop                               0x08002ecb   Thumb Code    16  mbrtu.o(.text)
    eMBRTUReceive                            0x08002edb   Thumb Code    90  mbrtu.o(.text)
    eMBRTUSend                               0x08002f35   Thumb Code   116  mbrtu.o(.text)
    xMBRTUReceiveFSM                         0x08002fa9   Thumb Code   140  mbrtu.o(.text)
    xMBRTUTransmitFSM                        0x08003035   Thumb Code   116  mbrtu.o(.text)
    xMBRTUTimerT35Expired                    0x080030a9   Thumb Code    96  mbrtu.o(.text)
    eMBInit                                  0x0800319d   Thumb Code   222  mb.o(.text)
    eMBRegisterCB                            0x0800327b   Thumb Code   124  mb.o(.text)
    eMBClose                                 0x080032f7   Thumb Code    32  mb.o(.text)
    eMBEnable                                0x08003317   Thumb Code    32  mb.o(.text)
    eMBDisable                               0x08003337   Thumb Code    42  mb.o(.text)
    eMBPoll                                  0x08003361   Thumb Code   268  mb.o(.text)
    xMBPortEventInit                         0x080034e9   Thumb Code    10  portevent.o(.text)
    xMBPortEventPost                         0x080034f3   Thumb Code    16  portevent.o(.text)
    xMBPortEventGet                          0x08003503   Thumb Code    26  portevent.o(.text)
    vMBPortSerialEnable                      0x08003525   Thumb Code    96  portserial.o(.text)
    xMBPortSerialInit                        0x08003585   Thumb Code   230  portserial.o(.text)
    xMBPortSerialPutByte                     0x0800366b   Thumb Code    38  portserial.o(.text)
    xMBPortSerialGetByte                     0x08003691   Thumb Code    16  portserial.o(.text)
    USART2_IRQHandler                        0x080036b5   Thumb Code    72  portserial.o(.text)
    xMBPortTimersInit                        0x08003719   Thumb Code   134  porttimer.o(.text)
    vMBPortTimersEnable                      0x0800379f   Thumb Code    38  porttimer.o(.text)
    vMBPortTimersDisable                     0x080037c5   Thumb Code    38  porttimer.o(.text)
    TIM4_IRQHandler                          0x080037f5   Thumb Code    26  porttimer.o(.text)
    __aeabi_assert                           0x0800381d   Thumb Code    86  assert.o(.text)
    __assert                                 0x0800381d   Thumb Code     0  assert.o(.text)
    __aeabi_memcpy                           0x0800389d   Thumb Code     0  rt_memcpy_v6.o(.text)
    __rt_memcpy                              0x0800389d   Thumb Code   138  rt_memcpy_v6.o(.text)
    _memcpy_lastbytes                        0x08003903   Thumb Code     0  rt_memcpy_v6.o(.text)
    __use_two_region_memory                  0x08003927   Thumb Code     2  heapauxi.o(.text)
    __rt_heap_escrow$2region                 0x08003929   Thumb Code     2  heapauxi.o(.text)
    __rt_heap_expand$2region                 0x0800392b   Thumb Code     2  heapauxi.o(.text)
    abort                                    0x0800392d   Thumb Code    16  abort.o(.text)
    __assert_puts                            0x0800393d   Thumb Code    20  assert_puts.o(.text)
    __aeabi_memcpy4                          0x08003951   Thumb Code     0  rt_memcpy_w.o(.text)
    __aeabi_memcpy8                          0x08003951   Thumb Code     0  rt_memcpy_w.o(.text)
    __rt_memcpy_w                            0x08003951   Thumb Code   100  rt_memcpy_w.o(.text)
    _memcpy_lastbytes_aligned                0x08003999   Thumb Code     0  rt_memcpy_w.o(.text)
    _ttywrch                                 0x080039b5   Thumb Code    14  sys_wrch.o(.text)
    _sys_exit                                0x080039c5   Thumb Code     8  sys_exit.o(.text)
    __rt_SIGABRT                             0x080039d1   Thumb Code    14  defsig_abrt_outer.o(.text)
    __I$use$semihosting                      0x080039df   Thumb Code     0  use_no_semi.o(.text)
    __use_no_semihosting_swi                 0x080039df   Thumb Code     2  use_no_semi.o(.text)
    __semihosting_library_function           0x080039e1   Thumb Code     0  indicate_semi.o(.text)
    __user_setup_stackheap                   0x080039e1   Thumb Code    74  sys_stackheap_outer.o(.text)
    exit                                     0x08003a2b   Thumb Code    12  exit.o(.text)
    __sig_exit                               0x08003a37   Thumb Code    10  defsig_exit.o(.text)
    __rt_SIGABRT_inner                       0x08003a41   Thumb Code    14  defsig_abrt_inner.o(.text)
    __user_libspace                          0x08003a71   Thumb Code     8  libspace.o(.text)
    __user_perproc_libspace                  0x08003a71   Thumb Code     0  libspace.o(.text)
    __user_perthread_libspace                0x08003a71   Thumb Code     0  libspace.o(.text)
    __default_signal_display                 0x08003a79   Thumb Code    50  defsig_general.o(.text)
    auchCRCHi                                0x08003aaa   Data         256  main.o(.constdata)
    auchCRCLo                                0x08003baa   Data         256  main.o(.constdata)
    Region$$Table$$Base                      0x08003f54   Number         0  anon$$obj.o(Region$$Table)
    Region$$Table$$Limit                     0x08003f74   Number         0  anon$$obj.o(Region$$Table)
    usRegInputBuf                            0x20000000   Data          16  main.o(.data)
    usRegInputStart                          0x20000010   Data           2  main.o(.data)
    usRegHoldingBuf                          0x20000012   Data          16  main.o(.data)
    usRegHoldingStart                        0x20000022   Data           2  main.o(.data)
    user_data                                0x20000024   Data          10  main.o(.data)
    send_mun                                 0x2000002e   Data           1  main.o(.data)
    i                                        0x20000030   Data           4  main.o(.data)
    k                                        0x20000034   Data           4  main.o(.data)
    z                                        0x20000038   Data           4  main.o(.data)
    t                                        0x2000003c   Data           4  main.o(.data)
    a                                        0x20000040   Data           4  main.o(.data)
    SystemCoreClock                          0x20000058   Data           4  system_stm32f10x.o(.data)
    AHBPrescTable                            0x2000005c   Data          16  system_stm32f10x.o(.data)
    pxMBFrameCBByteReceived                  0x200000a8   Data           4  mb.o(.data)
    pxMBFrameCBTransmitterEmpty              0x200000ac   Data           4  mb.o(.data)
    pxMBPortCBTimerExpired                   0x200000b0   Data           4  mb.o(.data)
    pxMBFrameCBReceiveFSMCur                 0x200000b4   Data           4  mb.o(.data)
    pxMBFrameCBTransmitFSMCur                0x200000b8   Data           4  mb.o(.data)
    flag_rx                                  0x20000148   Data           1  portserial.o(.data)
    rx_bz                                    0x2000014c   Data           4  portserial.o(.data)
    tx_bz                                    0x20000150   Data           4  portserial.o(.data)
    RS485_RX_BUFF                            0x20000154   Data         100  main.o(.bss)
    send_buf                                 0x200001b8   Data         100  main.o(.bss)
    ucRTUBuf                                 0x2000023c   Data         256  mbrtu.o(.bss)
    __libspace_start                         0x2000033c   Data          96  libspace.o(.bss)
    __temporary_stack_top$libspace           0x2000039c   Data           0  libspace.o(.bss)



==============================================================================

Memory Map of the image

  Image Entry point : 0x08000131

  Load Region LR_IROM1 (Base: 0x08000000, Size: 0x000040c8, Max: 0x00080000, ABSOLUTE, COMPRESSED[0x00003ff8])

    Execution Region ER_IROM1 (Base: 0x08000000, Size: 0x00003f74, Max: 0x00080000, ABSOLUTE)

    Base Addr    Size         Type   Attr      Idx    E Section Name        Object

    0x08000000   0x00000130   Data   RO            3    RESET               startup_stm32f10x_hd.o
    0x08000130   0x00000008   Code   RO          487  * !!!main             c_w.l(__main.o)
    0x08000138   0x00000034   Code   RO          655    !!!scatter          c_w.l(__scatter.o)
    0x0800016c   0x0000005a   Code   RO          653    !!dczerorl2         c_w.l(__dczerorl2.o)
    0x080001c6   0x00000002   PAD
    0x080001c8   0x0000001c   Code   RO          657    !!handler_zi        c_w.l(__scatter_zi.o)
    0x080001e4   0x00000002   Code   RO          537    .ARM.Collect$$libinit$$00000000  c_w.l(libinit.o)
    0x080001e6   0x00000000   Code   RO          548    .ARM.Collect$$libinit$$00000002  c_w.l(libinit2.o)
    0x080001e6   0x00000000   Code   RO          550    .ARM.Collect$$libinit$$00000004  c_w.l(libinit2.o)
    0x080001e6   0x00000000   Code   RO          553    .ARM.Collect$$libinit$$0000000A  c_w.l(libinit2.o)
    0x080001e6   0x00000000   Code   RO          555    .ARM.Collect$$libinit$$0000000C  c_w.l(libinit2.o)
    0x080001e6   0x00000000   Code   RO          557    .ARM.Collect$$libinit$$0000000E  c_w.l(libinit2.o)
    0x080001e6   0x00000000   Code   RO          560    .ARM.Collect$$libinit$$00000011  c_w.l(libinit2.o)
    0x080001e6   0x00000000   Code   RO          562    .ARM.Collect$$libinit$$00000013  c_w.l(libinit2.o)
    0x080001e6   0x00000000   Code   RO          564    .ARM.Collect$$libinit$$00000015  c_w.l(libinit2.o)
    0x080001e6   0x00000000   Code   RO          566    .ARM.Collect$$libinit$$00000017  c_w.l(libinit2.o)
    0x080001e6   0x00000000   Code   RO          568    .ARM.Collect$$libinit$$00000019  c_w.l(libinit2.o)
    0x080001e6   0x00000000   Code   RO          570    .ARM.Collect$$libinit$$0000001B  c_w.l(libinit2.o)
    0x080001e6   0x00000000   Code   RO          572    .ARM.Collect$$libinit$$0000001D  c_w.l(libinit2.o)
    0x080001e6   0x00000000   Code   RO          574    .ARM.Collect$$libinit$$0000001F  c_w.l(libinit2.o)
    0x080001e6   0x00000000   Code   RO          576    .ARM.Collect$$libinit$$00000021  c_w.l(libinit2.o)
    0x080001e6   0x00000000   Code   RO          578    .ARM.Collect$$libinit$$00000023  c_w.l(libinit2.o)
    0x080001e6   0x00000000   Code   RO          580    .ARM.Collect$$libinit$$00000025  c_w.l(libinit2.o)
    0x080001e6   0x00000000   Code   RO          584    .ARM.Collect$$libinit$$0000002C  c_w.l(libinit2.o)
    0x080001e6   0x00000000   Code   RO          586    .ARM.Collect$$libinit$$0000002E  c_w.l(libinit2.o)
    0x080001e6   0x00000000   Code   RO          588    .ARM.Collect$$libinit$$00000030  c_w.l(libinit2.o)
    0x080001e6   0x00000000   Code   RO          590    .ARM.Collect$$libinit$$00000032  c_w.l(libinit2.o)
    0x080001e6   0x00000002   Code   RO          591    .ARM.Collect$$libinit$$00000033  c_w.l(libinit2.o)
    0x080001e8   0x00000002   Code   RO          627    .ARM.Collect$$libshutdown$$00000000  c_w.l(libshutdown.o)
    0x080001ea   0x00000000   Code   RO          638    .ARM.Collect$$libshutdown$$00000003  c_w.l(libshutdown2.o)
    0x080001ea   0x00000000   Code   RO          641    .ARM.Collect$$libshutdown$$00000006  c_w.l(libshutdown2.o)
    0x080001ea   0x00000000   Code   RO          644    .ARM.Collect$$libshutdown$$00000009  c_w.l(libshutdown2.o)
    0x080001ea   0x00000000   Code   RO          646    .ARM.Collect$$libshutdown$$0000000B  c_w.l(libshutdown2.o)
    0x080001ea   0x00000000   Code   RO          649    .ARM.Collect$$libshutdown$$0000000E  c_w.l(libshutdown2.o)
    0x080001ea   0x00000002   Code   RO          650    .ARM.Collect$$libshutdown$$0000000F  c_w.l(libshutdown2.o)
    0x080001ec   0x00000000   Code   RO          489    .ARM.Collect$$rtentry$$00000000  c_w.l(__rtentry.o)
    0x080001ec   0x00000000   Code   RO          501    .ARM.Collect$$rtentry$$00000002  c_w.l(__rtentry2.o)
    0x080001ec   0x00000006   Code   RO          513    .ARM.Collect$$rtentry$$00000004  c_w.l(__rtentry4.o)
    0x080001f2   0x00000000   Code   RO          503    .ARM.Collect$$rtentry$$00000009  c_w.l(__rtentry2.o)
    0x080001f2   0x00000004   Code   RO          504    .ARM.Collect$$rtentry$$0000000A  c_w.l(__rtentry2.o)
    0x080001f6   0x00000000   Code   RO          506    .ARM.Collect$$rtentry$$0000000C  c_w.l(__rtentry2.o)
    0x080001f6   0x00000008   Code   RO          507    .ARM.Collect$$rtentry$$0000000D  c_w.l(__rtentry2.o)
    0x080001fe   0x00000002   Code   RO          541    .ARM.Collect$$rtexit$$00000000  c_w.l(rtexit.o)
    0x08000200   0x00000000   Code   RO          593    .ARM.Collect$$rtexit$$00000002  c_w.l(rtexit2.o)
    0x08000200   0x00000004   Code   RO          594    .ARM.Collect$$rtexit$$00000003  c_w.l(rtexit2.o)
    0x08000204   0x00000006   Code   RO          595    .ARM.Collect$$rtexit$$00000004  c_w.l(rtexit2.o)
    0x0800020a   0x00000002   PAD
    0x0800020c   0x00000040   Code   RO            4    .text               startup_stm32f10x_hd.o
    0x0800024c   0x000003f8   Code   RO           10    .text               main.o
    0x08000644   0x00000058   Code   RO           94    .text               stm32f10x_it.o
    0x0800069c   0x000000d2   Code   RO          106    .text               pbdata.o
    0x0800076e   0x00000002   PAD
    0x08000770   0x0000035c   Code   RO          124    .text               stm32f10x_gpio.o
    0x08000acc   0x000003a4   Code   RO          136    .text               stm32f10x_rcc.o
    0x08000e70   0x00000408   Code   RO          150    .text               stm32f10x_usart.o
    0x08001278   0x00000e1a   Code   RO          162    .text               stm32f10x_tim.o
    0x08002092   0x00000002   PAD
    0x08002094   0x000000dc   Code   RO          186    .text               misc.o
    0x08002170   0x000001e0   Code   RO          208    .text               system_stm32f10x.o
    0x08002350   0x0000048c   Code   RO          233    .text               mbascii.o
    0x080027dc   0x000001a0   Code   RO          273    .text               mbfunccoils.o
    0x0800297c   0x000000a4   Code   RO          285    .text               mbfuncdisc.o
    0x08002a20   0x00000210   Code   RO          297    .text               mbfuncholding.o
    0x08002c30   0x0000008c   Code   RO          309    .text               mbfuncinput.o
    0x08002cbc   0x00000094   Code   RO          321    .text               mbfuncother.o
    0x08002d50   0x000000e0   Code   RO          336    .text               mbutils.o
    0x08002e30   0x00000038   Code   RO          348    .text               mbcrc.o
    0x08002e68   0x00000334   Code   RO          362    .text               mbrtu.o
    0x0800319c   0x0000034c   Code   RO          394    .text               mb.o
    0x080034e8   0x0000003c   Code   RO          421    .text               portevent.o
    0x08003524   0x000001f4   Code   RO          435    .text               portserial.o
    0x08003718   0x00000104   Code   RO          457    .text               porttimer.o
    0x0800381c   0x00000080   Code   RO          481    .text               c_w.l(assert.o)
    0x0800389c   0x0000008a   Code   RO          483    .text               c_w.l(rt_memcpy_v6.o)
    0x08003926   0x00000006   Code   RO          485    .text               c_w.l(heapauxi.o)
    0x0800392c   0x00000010   Code   RO          490    .text               c_w.l(abort.o)
    0x0800393c   0x00000014   Code   RO          492    .text               c_w.l(assert_puts.o)
    0x08003950   0x00000064   Code   RO          494    .text               c_w.l(rt_memcpy_w.o)
    0x080039b4   0x0000000e   Code   RO          496    .text               c_w.l(sys_wrch.o)
    0x080039c2   0x00000002   PAD
    0x080039c4   0x0000000c   Code   RO          498    .text               c_w.l(sys_exit.o)
    0x080039d0   0x0000000e   Code   RO          515    .text               c_w.l(defsig_abrt_outer.o)
    0x080039de   0x00000002   Code   RO          519    .text               c_w.l(use_no_semi.o)
    0x080039e0   0x00000000   Code   RO          521    .text               c_w.l(indicate_semi.o)
    0x080039e0   0x0000004a   Code   RO          522    .text               c_w.l(sys_stackheap_outer.o)
    0x08003a2a   0x0000000c   Code   RO          526    .text               c_w.l(exit.o)
    0x08003a36   0x0000000a   Code   RO          528    .text               c_w.l(defsig_exit.o)
    0x08003a40   0x00000030   Code   RO          530    .text               c_w.l(defsig_abrt_inner.o)
    0x08003a70   0x00000008   Code   RO          538    .text               c_w.l(libspace.o)
    0x08003a78   0x00000032   Code   RO          545    .text               c_w.l(defsig_general.o)
    0x08003aaa   0x00000200   Data   RO           12    .constdata          main.o
    0x08003caa   0x00000200   Data   RO          349    .constdata          mbcrc.o
    0x08003eaa   0x00000002   PAD
    0x08003eac   0x00000044   Data   RO          234    .conststring        mbascii.o
    0x08003ef0   0x00000063   Data   RO          364    .conststring        mbrtu.o
    0x08003f53   0x00000001   PAD
    0x08003f54   0x00000020   Data   RO          651    Region$$Table       anon$$obj.o


    Execution Region RW_IRAM1 (Base: 0x20000000, Size: 0x000009a0, Max: 0x00010000, ABSOLUTE, COMPRESSED[0x00000084])

    Base Addr    Size         Type   Attr      Idx    E Section Name        Object

    0x20000000   0x00000044   Data   RW           13    .data               main.o
    0x20000044   0x00000014   Data   RW          137    .data               stm32f10x_rcc.o
    0x20000058   0x00000014   Data   RW          209    .data               system_stm32f10x.o
    0x2000006c   0x00000014   Data   RW          235    .data               mbascii.o
    0x20000080   0x00000002   Data   RW          323    .data               mbfuncother.o
    0x20000082   0x00000002   PAD
    0x20000084   0x0000000c   Data   RW          365    .data               mbrtu.o
    0x20000090   0x000000b5   Data   RW          395    .data               mb.o
    0x20000145   0x00000002   Data   RW          422    .data               portevent.o
    0x20000147   0x00000001   PAD
    0x20000148   0x0000000c   Data   RW          436    .data               portserial.o
    0x20000154   0x000000c8   Zero   RW           11    .bss                main.o
    0x2000021c   0x00000020   Zero   RW          322    .bss                mbfuncother.o
    0x2000023c   0x00000100   Zero   RW          363    .bss                mbrtu.o
    0x2000033c   0x00000060   Zero   RW          539    .bss                c_w.l(libspace.o)
    0x2000039c   0x00000004   PAD
    0x200003a0   0x00000200   Zero   RW            2    HEAP                startup_stm32f10x_hd.o
    0x200005a0   0x00000400   Zero   RW            1    STACK               startup_stm32f10x_hd.o


==============================================================================

Image component sizes


      Code (inc. data)   RO Data    RW Data    ZI Data      Debug   Object Name

      1016         90        512         68        200     260210   main.o
       844        124          0        181          0       4046   mb.o
      1164        166         68         20          0       5205   mbascii.o
        56          8        512          0          0       1100   mbcrc.o
       416          0          0          0          0       2878   mbfunccoils.o
       164          0          0          0          0       1492   mbfuncdisc.o
       528          0          0          0          0       3733   mbfuncholding.o
       140          0          0          0          0       1447   mbfuncinput.o
       148          8          0          2         32       1645   mbfuncother.o
       820        148         99         12        256       3561   mbrtu.o
       224         44          0          0          0       1798   mbutils.o
       220         22          0          0          0       1701   misc.o
       210          0          0          0          0        996   pbdata.o
        60          8          0          2          0       1396   portevent.o
       500         28          0         12          0       2546   portserial.o
       260         14          0          0          0       1777   porttimer.o
        64         26        304          0       1536        812   startup_stm32f10x_hd.o
       860         38          0          0          0       5549   stm32f10x_gpio.o
        88          6          0          0          0       1870   stm32f10x_it.o
       932         36          0         20          0       8688   stm32f10x_rcc.o
      3610         88          0          0          0      22032   stm32f10x_tim.o
      1032         22          0          0          0       8268   stm32f10x_usart.o
       480         38          0         20          0       1739   system_stm32f10x.o

    ----------------------------------------------------------------------
     13840        914       1530        340       2024     344489   Object Totals
         0          0         32          0          0          0   (incl. Generated)
         4          0          3          3          0          0   (incl. Padding)

    ----------------------------------------------------------------------

      Code (inc. data)   RO Data    RW Data    ZI Data      Debug   Library Member Name

        90          0          0          0          0          0   __dczerorl2.o
         8          0          0          0          0         68   __main.o
         0          0          0          0          0          0   __rtentry.o
        12          0          0          0          0          0   __rtentry2.o
         6          0          0          0          0          0   __rtentry4.o
        52          8          0          0          0          0   __scatter.o
        28          0          0          0          0          0   __scatter_zi.o
        16          0          0          0          0         72   abort.o
       128         42          0          0          0         76   assert.o
        20          0          0          0          0         76   assert_puts.o
        48         34          0          0          0         76   defsig_abrt_inner.o
        14          0          0          0          0         80   defsig_abrt_outer.o
        10          0          0          0          0         68   defsig_exit.o
        50          0          0          0          0         88   defsig_general.o
        12          0          0          0          0         72   exit.o
         6          0          0          0          0        152   heapauxi.o
         0          0          0          0          0          0   indicate_semi.o
         2          0          0          0          0          0   libinit.o
         2          0          0          0          0          0   libinit2.o
         2          0          0          0          0          0   libshutdown.o
         2          0          0          0          0          0   libshutdown2.o
         8          4          0          0         96         68   libspace.o
       138          0          0          0          0         68   rt_memcpy_v6.o
       100          0          0          0          0         80   rt_memcpy_w.o
         2          0          0          0          0          0   rtexit.o
        10          0          0          0          0          0   rtexit2.o
        12          4          0          0          0         68   sys_exit.o
        74          0          0          0          0         80   sys_stackheap_outer.o
        14          0          0          0          0         76   sys_wrch.o
         2          0          0          0          0         68   use_no_semi.o

    ----------------------------------------------------------------------
       874         92          0          0        100       1336   Library Totals
         6          0          0          0          4          0   (incl. Padding)

    ----------------------------------------------------------------------

      Code (inc. data)   RO Data    RW Data    ZI Data      Debug   Library Name

       868         92          0          0         96       1336   c_w.l

    ----------------------------------------------------------------------
       874         92          0          0        100       1336   Library Totals

    ----------------------------------------------------------------------

==============================================================================


      Code (inc. data)   RO Data    RW Data    ZI Data      Debug   

     14714       1006       1530        340       2124     343481   Grand Totals
     14714       1006       1530        132       2124     343481   ELF Image Totals (compressed)
     14714       1006       1530        132          0          0   ROM Totals

==============================================================================

    Total RO  Size (Code + RO Data)                16244 (  15.86kB)
    Total RW  Size (RW Data + ZI Data)              2464 (   2.41kB)
    Total ROM Size (Code + RO Data + RW Data)      16376 (  15.99kB)

==============================================================================

