<html>
<body>
<pre>
<h1>礦ision Build Log</h1>
<h2>Tool Versions:</h2>
IDE-Version: μVision V5.14.0.0
Copyright (C) 2015 ARM Ltd and ARM Germany GmbH. All rights reserved.
License Information: liu qiang, tianshuishifan, LIC=6XJHL-0XDW5-WIG5K-ZW204-QT65T-XN33E
 
Tool Versions:
Toolchain:       MDK-ARM Professional  Version: 5.14.0.0
Toolchain Path:  D:\Keil_v5\ARM\ARMCC\Bin
C Compiler:      Armcc.exe V5.05 update 1 (build 106)
Assembler:       Armasm.exe V5.05 update 1 (build 106)
Linker/Locator:  ArmLink.exe V5.05 update 1 (build 106)
Library Manager: ArmAr.exe V5.05 update 1 (build 106)
Hex Converter:   FromElf.exe V5.05 update 1 (build 106)
CPU DLL:         SARMCM3.DLL V5.14.0.0
Dialog DLL:      DARMSTM.DLL V1.65.0.0
Target DLL:      STLink\ST-LINKIII-KEIL_SWO.dll V2.0.14.0_KEIL
Dialog DLL:      TARMSTM.DLL V1.64.0.0
 
<h2>Project:</h2>
C:\Users\Administrator\Desktop\MODBUS485\第四次修改（实现了地址传输）\从机1\ZQ_STM32.uvprojx
Project File Date:  05/13/2018

<h2>Output:</h2>
Build target 'ZQ_STM32'
compiling main.c...
USR\main.c(34): warning:  #188-D: enumerated type mixed with another type
  eMBRegisterMode eMode = 0;
USR\main.c(83): warning:  #186-D: pointless comparison of unsigned integer with zero
      if( ( usAddress >= REG_INPUT_START )
USR\main.c: 2 warnings, 0 errors
linking...
Program Size: Code=16914 RO-data=1138 RW-data=324 ZI-data=2188  
FromELF: creating hex file...
".\ZQ_STM32.axf" - 0 Error(s), 2 Warning(s).

<h2>Collection of Component include folders:</h2>
  C:\Users\Administrator\Desktop\MODBUS485\第四次修改（实现了地址传输）\从机1\RTE
  D:\Keil_v5\ARM\PACK\Keil\STM32F1xx_DFP\1.0.5\Device\Include

<h2>Collection of Component Files used:</h2>
</pre>
</body>
</html>
