<html>
<body>
<pre>
<h1>礦ision Build Log</h1>
<h2>Tool Versions:</h2>
IDE-Version: μVision V5.14.0.0
Copyright (C) 2015 ARM Ltd and ARM Germany GmbH. All rights reserved.
License Information: liu qiang, tianshuishifan, LIC=6XJHL-0XDW5-WIG5K-ZW204-QT65T-XN33E
 
Tool Versions:
Toolchain:       MDK-ARM Professional  Version: 5.14.0.0
Toolchain Path:  D:\Keil_v5\ARM\ARMCC\Bin
C Compiler:      Armcc.exe V5.05 update 1 (build 106)
Assembler:       Armasm.exe V5.05 update 1 (build 106)
Linker/Locator:  ArmLink.exe V5.05 update 1 (build 106)
Library Manager: ArmAr.exe V5.05 update 1 (build 106)
Hex Converter:   FromElf.exe V5.05 update 1 (build 106)
CPU DLL:         SARMCM3.DLL V5.14.0.0
Dialog DLL:      DCM.DLL V1.13.1.0
Target DLL:      STLink\ST-LINKIII-KEIL_SWO.dll V2.0.14.0_KEIL
Dialog DLL:      TCM.DLL V1.14.4.0
 
<h2>Project:</h2>
C:\Users\Administrator\Desktop\2017.8.13板球控制系统\Project\DoubleM.uvprojx
Project File Date:  08/12/2017

<h2>Output:</h2>
Build target 'DoubleM'
compiling misc.c...
compiling stm32f10x_exti.c...
compiling stm32f10x_gpio.c...
compiling stm32f10x_rcc.c...
compiling stm32f10x_tim.c...
compiling stm32f10x_usart.c...
compiling stm32f10x_fsmc.c...
compiling sys.c...
compiling usart.c...
compiling usmart.c...
compiling usmart_config.c...
compiling usmart_str.c...
compiling timer.c...
compiling ov7670.c...
compiling sccb.c...
compiling led.c...
compiling lcd.c...
compiling key.c...
compiling exti.c...
compiling HardWork.c...
..\HARDWARE\HardWork\HardWork.c(147): warning:  #177-D: variable "x_cha" was declared but never referenced
        u16 x_cha=0;//目标面积
..\HARDWARE\HardWork\HardWork.c(148): warning:  #177-D: variable "y_cha" was declared but never referenced
        u16 y_cha=0;//黑圈面积
..\HARDWARE\HardWork\HardWork.c(222): warning:  #177-D: variable "tem" was declared but never referenced
        int tem = 0;
..\HARDWARE\HardWork\HardWork.c(223): warning:  #550-D: variable "flag1" was set but never used
        int flag1 = 0 ,flag2 = 0;
..\HARDWARE\HardWork\HardWork.c(223): warning:  #550-D: variable "flag2" was set but never used
        int flag1 = 0 ,flag2 = 0;
..\HARDWARE\HardWork\HardWork.c: 5 warnings, 0 errors
compiling EasyTrace.c...
..\HARDWARE\EasyTrace\EasyTrace.c(395): warning:  #1-D: last line of file ends without a newline
  }
..\HARDWARE\EasyTrace\EasyTrace.c: 1 warning, 0 errors
compiling motor.c...
compiling core_cm3.c...
assembling startup_stm32f10x_hd.s...
compiling main.c...
..\USER\main.c(12): warning:  #177-D: variable "msgbuf" was declared but never referenced
        u8 msgbuf[15];                          //消息缓存区
..\USER\main.c: 1 warning, 0 errors
compiling pbdata.c...
compiling stm32f10x_it.c...
compiling system_stm32f10x.c...
linking...
Program Size: Code=34714 RO-data=7074 RW-data=616 ZI-data=1384  
".\Objects\DoubleM.axf" - 0 Error(s), 7 Warning(s).

<h2>Collection of Component include folders:</h2>
  C:\Users\Administrator\Desktop\2017.8.13板球控制系统\Project\RTE
  D:\Keil_v5\ARM\PACK\Keil\STM32F1xx_DFP\1.0.5\Device\Include

<h2>Collection of Component Files used:</h2>
</pre>
</body>
</html>
