Component: ARM Compiler 5.05 update 1 (build 106) Tool: armlink [4d0efa]

==============================================================================

Section Cross References

    startup_stm32f10x_hd.o(STACK) refers (Special) to heapauxi.o(.text) for __use_two_region_memory
    startup_stm32f10x_hd.o(HEAP) refers (Special) to heapauxi.o(.text) for __use_two_region_memory
    startup_stm32f10x_hd.o(RESET) refers (Special) to heapauxi.o(.text) for __use_two_region_memory
    startup_stm32f10x_hd.o(RESET) refers to startup_stm32f10x_hd.o(STACK) for __initial_sp
    startup_stm32f10x_hd.o(RESET) refers to startup_stm32f10x_hd.o(.text) for Reset_Handler
    startup_stm32f10x_hd.o(RESET) refers to porttimer.o(.text) for TIM4_IRQHandler
    startup_stm32f10x_hd.o(RESET) refers to stm32f10x_it.o(.text) for USART1_IRQHandler
    startup_stm32f10x_hd.o(RESET) refers to mbrtu.o(.text) for USART2_IRQHandler
    startup_stm32f10x_hd.o(.text) refers (Special) to heapauxi.o(.text) for __use_two_region_memory
    startup_stm32f10x_hd.o(.text) refers to system_stm32f10x.o(.text) for SystemInit
    startup_stm32f10x_hd.o(.text) refers to __main.o(!!!main) for __main
    startup_stm32f10x_hd.o(.text) refers to startup_stm32f10x_hd.o(HEAP) for Heap_Mem
    startup_stm32f10x_hd.o(.text) refers to startup_stm32f10x_hd.o(STACK) for Stack_Mem
    main.o(.text) refers to mb.o(.text) for eMBInit
    main.o(.text) refers to pbdata.o(.text) for RCC_Configuration
    main.o(.text) refers to led.o(.text) for GPIO_Configuration
    main.o(.text) refers to uart.o(.text) for UART_Configuration
    main.o(.text) refers to noretval__2printf.o(.text) for __2printf
    main.o(.text) refers to stm32f10x_gpio.o(.text) for GPIO_ReadInputDataBit
    main.o(.text) refers to mbrtu.o(.text) for eMBRTUSend
    main.o(.text) refers to main.o(.constdata) for buf
    main.o(.text) refers to main.o(.data) for bz
    main.o(.text) refers to mb.o(.data) for flag
    stm32f10x_it.o(.text) refers to stm32f10x_usart.o(.text) for USART_GetITStatus
    pbdata.o(.text) refers to stm32f10x_rcc.o(.text) for RCC_DeInit
    pbdata.o(.text) refers to system_stm32f10x.o(.text) for SystemInit
    pbdata.o(.text) refers to misc.o(.text) for NVIC_PriorityGroupConfig
    led.o(.text) refers to stm32f10x_gpio.o(.text) for GPIO_Init
    uart.o(.text) refers to stm32f10x_usart.o(.text) for USART_SendData
    uart.o(.text) refers to stm32f10x_gpio.o(.text) for GPIO_Init
    stm32f10x_gpio.o(.text) refers to stm32f10x_rcc.o(.text) for RCC_APB2PeriphResetCmd
    stm32f10x_rcc.o(.text) refers to stm32f10x_rcc.o(.data) for APBAHBPrescTable
    stm32f10x_usart.o(.text) refers to stm32f10x_rcc.o(.text) for RCC_APB2PeriphResetCmd
    stm32f10x_tim.o(.text) refers to stm32f10x_rcc.o(.text) for RCC_APB2PeriphResetCmd
    system_stm32f10x.o(.text) refers to system_stm32f10x.o(.data) for SystemCoreClock
    mbascii.o(.text) refers to portserial.o(.text) for xMBPortSerialInit
    mbascii.o(.text) refers to porttimer.o(.text) for xMBPortTimersInit
    mbascii.o(.text) refers to portevent.o(.text) for xMBPortEventPost
    mbascii.o(.text) refers to assert.o(.text) for __aeabi_assert
    mbascii.o(.text) refers to mbascii.o(.data) for ucMBLFCharacter
    mbascii.o(.text) refers to mbascii.o(.conststring) for .conststring
    mbascii.o(.data) refers to mbrtu.o(.bss) for ucRTUBuf
    mbfunccoils.o(.text) refers to main.o(.text) for eMBRegCoilsCB
    mbfunccoils.o(.text) refers to mbutils.o(.text) for prveMBError2Exception
    mbfuncdisc.o(.text) refers to main.o(.text) for eMBRegDiscreteCB
    mbfuncdisc.o(.text) refers to mbutils.o(.text) for prveMBError2Exception
    mbfuncholding.o(.text) refers to main.o(.text) for eMBRegHoldingCB
    mbfuncholding.o(.text) refers to mbutils.o(.text) for prveMBError2Exception
    mbfuncinput.o(.text) refers to main.o(.text) for eMBRegInputCB
    mbfuncinput.o(.text) refers to mbutils.o(.text) for prveMBError2Exception
    mbfuncother.o(.text) refers to rt_memcpy_v6.o(.text) for __aeabi_memcpy
    mbfuncother.o(.text) refers to mbfuncother.o(.data) for usMBSlaveIDLen
    mbfuncother.o(.text) refers to mbfuncother.o(.bss) for ucMBSlaveID
    mbutils.o(.text) refers to assert.o(.text) for __aeabi_assert
    mbcrc.o(.text) refers to _printf_percent.o(.ARM.Collect$$_printf_percent$$00000000) for _printf_percent
    mbcrc.o(.text) refers to _printf_d.o(.ARM.Collect$$_printf_percent$$00000009) for _printf_d
    mbcrc.o(.text) refers to _printf_dec.o(.text) for _printf_int_dec
    mbcrc.o(.text) refers to noretval__2printf.o(.text) for __2printf
    mbcrc.o(.text) refers to mbcrc.o(.constdata) for aucCRCHi
    mbrtu.o(.text) refers to _printf_percent.o(.ARM.Collect$$_printf_percent$$00000000) for _printf_percent
    mbrtu.o(.text) refers to _printf_d.o(.ARM.Collect$$_printf_percent$$00000009) for _printf_d
    mbrtu.o(.text) refers to _printf_dec.o(.text) for _printf_int_dec
[...]
    _get_argv_nomalloc.o(.text) refers to defsig_rtmem_outer.o(.text) for __rt_SIGRTMEM
    _get_argv_nomalloc.o(.text) refers to sys_command.o(.text) for _sys_command_string
    libshutdown.o(.ARM.Collect$$libshutdown$$00000000) refers (Special) to libshutdown2.o(.ARM.Collect$$libshutdown$$00000006) for __rt_lib_shutdown_fp_trap_1
    libshutdown.o(.ARM.Collect$$libshutdown$$00000000) refers (Special) to libshutdown2.o(.ARM.Collect$$libshutdown$$0000000E) for __rt_lib_shutdown_heap_1
    libshutdown.o(.ARM.Collect$$libshutdown$$00000000) refers (Special) to libshutdown2.o(.ARM.Collect$$libshutdown$$0000000F) for __rt_lib_shutdown_return
    libshutdown.o(.ARM.Collect$$libshutdown$$00000000) refers (Special) to libshutdown2.o(.ARM.Collect$$libshutdown$$00000009) for __rt_lib_shutdown_signal_1
    libshutdown.o(.ARM.Collect$$libshutdown$$00000000) refers (Special) to libshutdown2.o(.ARM.Collect$$libshutdown$$00000003) for __rt_lib_shutdown_stdio_1
    libshutdown.o(.ARM.Collect$$libshutdown$$00000000) refers (Special) to libshutdown2.o(.ARM.Collect$$libshutdown$$0000000B) for __rt_lib_shutdown_user_alloc_1
    sys_command.o(.text) refers (Special) to use_no_semi.o(.text) for __I$use$semihosting
    sys_command.o(.text) refers (Special) to indicate_semi.o(.text) for __semihosting_library_function
    defsig_rtmem_outer.o(.text) refers to defsig_rtmem_inner.o(.text) for __rt_SIGRTMEM_inner
    defsig_rtmem_outer.o(.text) refers to defsig_exit.o(.text) for __sig_exit
    defsig_rtmem_formal.o(.text) refers to rt_raise.o(.text) for __rt_raise


==============================================================================

Removing Unused input sections from the image.

    Removing pbdata.o(.data), (1 bytes).
    Removing stm32f10x_exti.o(.text), (284 bytes).
    Removing core_cm3.o(.emb_text), (32 bytes).

3 unused section(s) (total 317 bytes) removed from the image.

==============================================================================

Image Symbol Table

    Local Symbols

    Symbol Name                              Value     Ov Type        Size  Object(Section)

    ../clib/angel/boardlib.s                 0x00000000   Number         0  boardinit3.o ABSOLUTE
    ../clib/angel/boardlib.s                 0x00000000   Number         0  boardshut.o ABSOLUTE
    ../clib/angel/boardlib.s                 0x00000000   Number         0  boardinit1.o ABSOLUTE
    ../clib/angel/boardlib.s                 0x00000000   Number         0  boardinit2.o ABSOLUTE
    ../clib/angel/handlers.s                 0x00000000   Number         0  __scatter_copy.o ABSOLUTE
    ../clib/angel/handlers.s                 0x00000000   Number         0  __scatter_zi.o ABSOLUTE
    ../clib/angel/kernel.s                   0x00000000   Number         0  __rtentry2.o ABSOLUTE
    ../clib/angel/kernel.s                   0x00000000   Number         0  rtexit2.o ABSOLUTE
    ../clib/angel/kernel.s                   0x00000000   Number         0  __rtentry4.o ABSOLUTE
    ../clib/angel/kernel.s                   0x00000000   Number         0  rtexit.o ABSOLUTE
    ../clib/angel/kernel.s                   0x00000000   Number         0  __rtentry.o ABSOLUTE
    ../clib/angel/rt.s                       0x00000000   Number         0  rt_raise.o ABSOLUTE
    ../clib/angel/scatter.s                  0x00000000   Number         0  __scatter.o ABSOLUTE
    ../clib/angel/startup.s                  0x00000000   Number         0  __main.o ABSOLUTE
    ../clib/angel/sys.s                      0x00000000   Number         0  sys_stackheap_outer.o ABSOLUTE
    ../clib/angel/sys.s                      0x00000000   Number         0  libspace.o ABSOLUTE
    ../clib/angel/sys.s                      0x00000000   Number         0  indicate_semi.o ABSOLUTE
    ../clib/angel/sys.s                      0x00000000   Number         0  use_no_semi.o ABSOLUTE
    ../clib/angel/sysapp.c                   0x00000000   Number         0  sys_command.o ABSOLUTE
    ../clib/armsys.c                         0x00000000   Number         0  argv_veneer.o ABSOLUTE
    ../clib/armsys.c                         0x00000000   Number         0  argv_veneer.o ABSOLUTE
    ../clib/armsys.c                         0x00000000   Number         0  no_argv.o ABSOLUTE
    ../clib/armsys.c                         0x00000000   Number         0  _get_argv_nomalloc.o ABSOLUTE
    ../clib/assert.c                         0x00000000   Number         0  assert_puts.o ABSOLUTE
    ../clib/assert.c                         0x00000000   Number         0  assert.o ABSOLUTE
    ../clib/heapalloc.c                      0x00000000   Number         0  hrguard.o ABSOLUTE
    ../clib/heapaux.c                        0x00000000   Number         0  heapauxi.o ABSOLUTE
    ../clib/libinit.s                        0x00000000   Number         0  libinit2.o ABSOLUTE
    ../clib/libinit.s                        0x00000000   Number         0  libshutdown2.o ABSOLUTE
    ../clib/libinit.s                        0x00000000   Number         0  libinit.o ABSOLUTE
    ../clib/libinit.s                        0x00000000   Number         0  libshutdown.o ABSOLUTE
    ../clib/memcpset.s                       0x00000000   Number         0  rt_memcpy_w.o ABSOLUTE
    ../clib/memcpset.s                       0x00000000   Number         0  rt_memcpy_v6.o ABSOLUTE
    ../clib/printf.c                         0x00000000   Number         0  __printf_ss_wp.o ABSOLUTE
    ../clib/printf.c                         0x00000000   Number         0  __2printf.o ABSOLUTE
    ../clib/printf.c                         0x00000000   Number         0  _printf_hex_int_ptr.o ABSOLUTE
    ../clib/printf.c                         0x00000000   Number         0  noretval__2printf.o ABSOLUTE
    ../clib/printf.c                         0x00000000   Number         0  __printf_flags_ss_wp.o ABSOLUTE
    ../clib/printf.c                         0x00000000   Number         0  __printf_flags_wp.o ABSOLUTE
    ../clib/printf.c                         0x00000000   Number         0  _printf_hex_ptr.o ABSOLUTE
    ../clib/printf.c                         0x00000000   Number         0  _printf_hex_int_ll.o ABSOLUTE
    ../clib/printf.c                         0x00000000   Number         0  _printf_hex_ll_ptr.o ABSOLUTE
    ../clib/printf.c                         0x00000000   Number         0  __printf.o ABSOLUTE
    ../clib/printf.c                         0x00000000   Number         0  __printf_wp.o ABSOLUTE
    ../clib/printf.c                         0x00000000   Number         0  __printf_flags_ss.o ABSOLUTE
    ../clib/printf.c                         0x00000000   Number         0  _printf_hex_int_ll_ptr.o ABSOLUTE
    ../clib/printf.c                         0x00000000   Number         0  _printf_hex_ll.o ABSOLUTE
    ../clib/printf.c                         0x00000000   Number         0  _printf_hex_int.o ABSOLUTE
    ../clib/printf.c                         0x00000000   Number         0  __printf_ss.o ABSOLUTE
    ../clib/printf.c                         0x00000000   Number         0  _printf_char_common.o ABSOLUTE
    ../clib/printf.c                         0x00000000   Number         0  __printf_flags.o ABSOLUTE
    ../clib/printf.c                         0x00000000   Number         0  _printf_intcommon.o ABSOLUTE
    ../clib/printf.c                         0x00000000   Number         0  __printf_nopercent.o ABSOLUTE
    ../clib/printf.c                         0x00000000   Number         0  _printf_char_file.o ABSOLUTE
    ../clib/printf.c                         0x00000000   Number         0  _printf_dec.o ABSOLUTE
    ../clib/printf_percent.s                 0x00000000   Number         0  _printf_percent_end.o ABSOLUTE
    ../clib/printf_percent.s                 0x00000000   Number         0  _printf_percent.o ABSOLUTE
    ../clib/printf_percent.s                 0x00000000   Number         0  _printf_d.o ABSOLUTE
    ../clib/printf_percent.s                 0x00000000   Number         0  _printf_x.o ABSOLUTE
    ../clib/signal.c                         0x00000000   Number         0  defsig_fpe_inner.o ABSOLUTE
    ../clib/signal.c                         0x00000000   Number         0  defsig_abrt_outer.o ABSOLUTE
    ../clib/signal.c                         0x00000000   Number         0  defsig_general.o ABSOLUTE
    ../clib/signal.c                         0x00000000   Number         0  __raise.o ABSOLUTE
    ../clib/signal.c                         0x00000000   Number         0  defsig_stak_inner.o ABSOLUTE
    ../clib/signal.c                         0x00000000   Number         0  defsig_rtmem_formal.o ABSOLUTE
    ../clib/signal.c                         0x00000000   Number         0  defsig_rtmem_outer.o ABSOLUTE
    ../clib/signal.c                         0x00000000   Number         0  defsig_other.o ABSOLUTE
    ../clib/signal.c                         0x00000000   Number         0  defsig_segv_inner.o ABSOLUTE
    ../clib/signal.c                         0x00000000   Number         0  defsig_cppl_inner.o ABSOLUTE
    ../clib/signal.c                         0x00000000   Number         0  defsig_abrt_inner.o ABSOLUTE
    ../clib/signal.c                         0x00000000   Number         0  defsig_exit.o ABSOLUTE
    ../clib/signal.c                         0x00000000   Number         0  defsig_pvfn_inner.o ABSOLUTE
    ../clib/signal.c                         0x00000000   Number         0  defsig_rtmem_inner.o ABSOLUTE
    ../clib/signal.c                         0x00000000   Number         0  defsig_rtred_inner.o ABSOLUTE
    ../clib/signal.c                         0x00000000   Number         0  defsig_abrt_formal.o ABSOLUTE
    ../clib/signal.s                         0x00000000   Number         0  defsig.o ABSOLUTE
    ../clib/stdio.c                          0x00000000   Number         0  ferror.o ABSOLUTE
    ../clib/stdio.c                          0x00000000   Number         0  ferror_locked.o ABSOLUTE
    ../clib/stdlib.c                         0x00000000   Number         0  exit.o ABSOLUTE
    ../clib/stdlib.c                         0x00000000   Number         0  abort.o ABSOLUTE
    ../fplib/fpinit.s                        0x00000000   Number         0  fpinit.o ABSOLUTE
    ASM\startup_stm32f10x_hd.s               0x00000000   Number         0  startup_stm32f10x_hd.o ABSOLUTE
    Lib\SRC\misc.c                           0x00000000   Number         0  misc.o ABSOLUTE
    Lib\SRC\stm32f10x_exti.c                 0x00000000   Number         0  stm32f10x_exti.o ABSOLUTE
    Lib\SRC\stm32f10x_gpio.c                 0x00000000   Number         0  stm32f10x_gpio.o ABSOLUTE
    Lib\SRC\stm32f10x_rcc.c                  0x00000000   Number         0  stm32f10x_rcc.o ABSOLUTE
    Lib\SRC\stm32f10x_tim.c                  0x00000000   Number         0  stm32f10x_tim.o ABSOLUTE
    Lib\SRC\stm32f10x_usart.c                0x00000000   Number         0  stm32f10x_usart.o ABSOLUTE
    System\\core_cm3.c                       0x00000000   Number         0  core_cm3.o ABSOLUTE
    System\core_cm3.c                        0x00000000   Number         0  core_cm3.o ABSOLUTE
    System\system_stm32f10x.c                0x00000000   Number         0  system_stm32f10x.o ABSOLUTE
    USR\led.c                                0x00000000   Number         0  led.o ABSOLUTE
    USR\main.c                               0x00000000   Number         0  main.o ABSOLUTE
    USR\pbdata.c                             0x00000000   Number         0  pbdata.o ABSOLUTE
    USR\stm32f10x_it.c                       0x00000000   Number         0  stm32f10x_it.o ABSOLUTE
    USR\uart.c                               0x00000000   Number         0  uart.o ABSOLUTE
    dc.s                                     0x00000000   Number         0  dc.o ABSOLUTE
    modbus\ascii\mbascii.c                   0x00000000   Number         0  mbascii.o ABSOLUTE
    modbus\functions\mbfunccoils.c           0x00000000   Number         0  mbfunccoils.o ABSOLUTE
    modbus\functions\mbfuncdisc.c            0x00000000   Number         0  mbfuncdisc.o ABSOLUTE
    modbus\functions\mbfuncholding.c         0x00000000   Number         0  mbfuncholding.o ABSOLUTE
    modbus\functions\mbfuncinput.c           0x00000000   Number         0  mbfuncinput.o ABSOLUTE
    modbus\functions\mbfuncother.c           0x00000000   Number         0  mbfuncother.o ABSOLUTE
    modbus\functions\mbutils.c               0x00000000   Number         0  mbutils.o ABSOLUTE
    modbus\mb.c                              0x00000000   Number         0  mb.o ABSOLUTE
    modbus\rtu\mbcrc.c                       0x00000000   Number         0  mbcrc.o ABSOLUTE
    modbus\rtu\mbrtu.c                       0x00000000   Number         0  mbrtu.o ABSOLUTE
    modbus\tcp\mbtcp.c                       0x00000000   Number         0  mbtcp.o ABSOLUTE
    port\portevent.c                         0x00000000   Number         0  portevent.o ABSOLUTE
    port\portserial.c                        0x00000000   Number         0  portserial.o ABSOLUTE
    port\porttimer.c                         0x00000000   Number         0  porttimer.o ABSOLUTE
    RESET                                    0x08000000   Section      304  startup_stm32f10x_hd.o(RESET)
    !!!main                                  0x08000130   Section        8  __main.o(!!!main)
    !!!scatter                               0x08000138   Section       52  __scatter.o(!!!scatter)
    !!handler_copy                           0x0800016c   Section       26  __scatter_copy.o(!!handler_copy)
    !!handler_zi                             0x08000188   Section       28  __scatter_zi.o(!!handler_zi)
    .ARM.Collect$$_printf_percent$$00000000  0x080001a4   Section        0  _printf_percent.o(.ARM.Collect$$_printf_percent$$00000000)
    .ARM.Collect$$_printf_percent$$00000009  0x080001a4   Section        6  _printf_d.o(.ARM.Collect$$_printf_percent$$00000009)
    .ARM.Collect$$_printf_percent$$0000000C  0x080001aa   Section        6  _printf_x.o(.ARM.Collect$$_printf_percent$$0000000C)
    .ARM.Collect$$_printf_percent$$00000017  0x080001b0   Section        4  _printf_percent_end.o(.ARM.Collect$$_printf_percent$$00000017)
    .ARM.Collect$$libinit$$00000000          0x080001b4   Section        2  libinit.o(.ARM.Collect$$libinit$$00000000)
    .ARM.Collect$$libinit$$00000002          0x080001b6   Section        0  libinit2.o(.ARM.Collect$$libinit$$00000002)
    .ARM.Collect$$libinit$$00000004          0x080001b6   Section        0  libinit2.o(.ARM.Collect$$libinit$$00000004)
    .ARM.Collect$$libinit$$0000000A          0x080001b6   Section        0  libinit2.o(.ARM.Collect$$libinit$$0000000A)
    .ARM.Collect$$libinit$$0000000C          0x080001b6   Section        0  libinit2.o(.ARM.Collect$$libinit$$0000000C)
    .ARM.Collect$$libinit$$0000000E          0x080001b6   Section        0  libinit2.o(.ARM.Collect$$libinit$$0000000E)
    .ARM.Collect$$libinit$$00000011          0x080001b6   Section        0  libinit2.o(.ARM.Collect$$libinit$$00000011)
    .ARM.Collect$$libinit$$00000013          0x080001b6   Section        0  libinit2.o(.ARM.Collect$$libinit$$00000013)
    .ARM.Collect$$libinit$$00000015          0x080001b6   Section        0  libinit2.o(.ARM.Collect$$libinit$$00000015)
    .ARM.Collect$$libinit$$00000017          0x080001b6   Section        0  libinit2.o(.ARM.Collect$$libinit$$00000017)
    .ARM.Collect$$libinit$$00000019          0x080001b6   Section        0  libinit2.o(.ARM.Collect$$libinit$$00000019)
    .ARM.Collect$$libinit$$0000001B          0x080001b6   Section        0  libinit2.o(.ARM.Collect$$libinit$$0000001B)
    .ARM.Collect$$libinit$$0000001D          0x080001b6   Section        0  libinit2.o(.ARM.Collect$$libinit$$0000001D)
    .ARM.Collect$$libinit$$0000001F          0x080001b6   Section        0  libinit2.o(.ARM.Collect$$libinit$$0000001F)
    .ARM.Collect$$libinit$$00000021          0x080001b6   Section        0  libinit2.o(.ARM.Collect$$libinit$$00000021)
    .ARM.Collect$$libinit$$00000023          0x080001b6   Section        0  libinit2.o(.ARM.Collect$$libinit$$00000023)
    .ARM.Collect$$libinit$$00000025          0x080001b6   Section        0  libinit2.o(.ARM.Collect$$libinit$$00000025)
    .ARM.Collect$$libinit$$0000002C          0x080001b6   Section        0  libinit2.o(.ARM.Collect$$libinit$$0000002C)
    .ARM.Collect$$libinit$$0000002E          0x080001b6   Section        0  libinit2.o(.ARM.Collect$$libinit$$0000002E)
    .ARM.Collect$$libinit$$00000030          0x080001b6   Section        0  libinit2.o(.ARM.Collect$$libinit$$00000030)
    .ARM.Collect$$libinit$$00000032          0x080001b6   Section        0  libinit2.o(.ARM.Collect$$libinit$$00000032)
    .ARM.Collect$$libinit$$00000033          0x080001b6   Section        2  libinit2.o(.ARM.Collect$$libinit$$00000033)
    .ARM.Collect$$libshutdown$$00000000      0x080001b8   Section        2  libshutdown.o(.ARM.Collect$$libshutdown$$00000000)
    .ARM.Collect$$libshutdown$$00000003      0x080001ba   Section        0  libshutdown2.o(.ARM.Collect$$libshutdown$$00000003)
    .ARM.Collect$$libshutdown$$00000006      0x080001ba   Section        0  libshutdown2.o(.ARM.Collect$$libshutdown$$00000006)
    .ARM.Collect$$libshutdown$$00000009      0x080001ba   Section        0  libshutdown2.o(.ARM.Collect$$libshutdown$$00000009)
    .ARM.Collect$$libshutdown$$0000000B      0x080001ba   Section        0  libshutdown2.o(.ARM.Collect$$libshutdown$$0000000B)
    .ARM.Collect$$libshutdown$$0000000E      0x080001ba   Section        0  libshutdown2.o(.ARM.Collect$$libshutdown$$0000000E)
    .ARM.Collect$$libshutdown$$0000000F      0x080001ba   Section        2  libshutdown2.o(.ARM.Collect$$libshutdown$$0000000F)
    .ARM.Collect$$rtentry$$00000000          0x080001bc   Section        0  __rtentry.o(.ARM.Collect$$rtentry$$00000000)
    .ARM.Collect$$rtentry$$00000002          0x080001bc   Section        0  __rtentry2.o(.ARM.Collect$$rtentry$$00000002)
    .ARM.Collect$$rtentry$$00000004          0x080001bc   Section        6  __rtentry4.o(.ARM.Collect$$rtentry$$00000004)
    .ARM.Collect$$rtentry$$00000009          0x080001c2   Section        0  __rtentry2.o(.ARM.Collect$$rtentry$$00000009)
    .ARM.Collect$$rtentry$$0000000A          0x080001c2   Section        4  __rtentry2.o(.ARM.Collect$$rtentry$$0000000A)
    .ARM.Collect$$rtentry$$0000000C          0x080001c6   Section        0  __rtentry2.o(.ARM.Collect$$rtentry$$0000000C)
    .ARM.Collect$$rtentry$$0000000D          0x080001c6   Section        8  __rtentry2.o(.ARM.Collect$$rtentry$$0000000D)
    .ARM.Collect$$rtexit$$00000000           0x080001ce   Section        2  rtexit.o(.ARM.Collect$$rtexit$$00000000)
    .ARM.Collect$$rtexit$$00000002           0x080001d0   Section        0  rtexit2.o(.ARM.Collect$$rtexit$$00000002)
    .ARM.Collect$$rtexit$$00000003           0x080001d0   Section        4  rtexit2.o(.ARM.Collect$$rtexit$$00000003)
    .ARM.Collect$$rtexit$$00000004           0x080001d4   Section        6  rtexit2.o(.ARM.Collect$$rtexit$$00000004)
    .text                                    0x080001dc   Section       64  startup_stm32f10x_hd.o(.text)
    .text                                    0x0800021c   Section        0  main.o(.text)
    .text                                    0x080003d0   Section        0  stm32f10x_it.o(.text)
    .text                                    0x08000404   Section        0  pbdata.o(.text)
    .text                                    0x0800056c   Section        0  led.o(.text)
    .text                                    0x08000624   Section        0  uart.o(.text)
    .text                                    0x08000754   Section        0  stm32f10x_gpio.o(.text)
    .text                                    0x08000ab0   Section        0  stm32f10x_rcc.o(.text)
    .text                                    0x08000e54   Section        0  stm32f10x_usart.o(.text)
    .text                                    0x0800125c   Section        0  stm32f10x_tim.o(.text)
    TI4_Config                               0x08001703   Thumb Code   130  stm32f10x_tim.o(.text)
    TI3_Config                               0x08001797   Thumb Code   122  stm32f10x_tim.o(.text)
    TI2_Config                               0x0800182b   Thumb Code   130  stm32f10x_tim.o(.text)
    TI1_Config                               0x080018bf   Thumb Code   108  stm32f10x_tim.o(.text)
    .text                                    0x08002078   Section        0  misc.o(.text)
    .text                                    0x08002154   Section        0  system_stm32f10x.o(.text)
    SetSysClockTo72                          0x08002155   Thumb Code   214  system_stm32f10x.o(.text)
    SetSysClock                              0x0800222b   Thumb Code     8  system_stm32f10x.o(.text)
    .text                                    0x08002334   Section        0  mbascii.o(.text)
    prvucMBLRC                               0x08002397   Thumb Code    32  mbascii.o(.text)
    prvucMBCHAR2BIN                          0x08002475   Thumb Code    38  mbascii.o(.text)
    prvucMBBIN2CHAR                          0x080025c1   Thumb Code    44  mbascii.o(.text)
    .text                                    0x080027c0   Section        0  mbfunccoils.o(.text)
    .text                                    0x0800295e   Section        0  mbfuncdisc.o(.text)
    .text                                    0x08002a02   Section        0  mbfuncholding.o(.text)
    .text                                    0x08002c14   Section        0  mbfuncinput.o(.text)
    .text                                    0x08002ca0   Section        0  mbfuncother.o(.text)
    .text                                    0x08002d34   Section        0  mbutils.o(.text)
    .text                                    0x08002e14   Section        0  mbcrc.o(.text)
    .text                                    0x08002ea8   Section        0  mbrtu.o(.text)
    .text                                    0x08003568   Section        0  mb.o(.text)
    .text                                    0x08003ab4   Section        0  portevent.o(.text)
    .text                                    0x08003af0   Section        0  portserial.o(.text)
    prvvUARTTxReadyISR                       0x08003b93   Thumb Code    10  portserial.o(.text)
    prvvUARTRxISR                            0x08003b9d   Thumb Code     2  portserial.o(.text)
    .text                                    0x08003bbc   Section        0  porttimer.o(.text)
    prvvTIMERExpiredISR                      0x08003c8f   Thumb Code    10  porttimer.o(.text)
    .text                                    0x08003cc0   Section        0  noretval__2printf.o(.text)
    .text                                    0x08003cd8   Section        0  __printf.o(.text)
    .text                                    0x08003d40   Section        0  _printf_dec.o(.text)
    .text                                    0x08003db8   Section        0  _printf_hex_int.o(.text)
    .text                                    0x08003e10   Section        0  assert.o(.text)
    .text                                    0x08003e90   Section      138  rt_memcpy_v6.o(.text)
    .text                                    0x08003f1a   Section        0  heapauxi.o(.text)
    .text                                    0x08003f20   Section        0  _printf_intcommon.o(.text)
    .text                                    0x08003fd4   Section        0  _printf_char_file.o(.text)
    .text                                    0x08003ff8   Section        0  abort.o(.text)
    .text                                    0x08004008   Section        0  assert_puts.o(.text)
    .text                                    0x0800401c   Section      100  rt_memcpy_w.o(.text)
    .text                                    0x08004080   Section        0  _printf_char_common.o(.text)
    _printf_input_char                       0x08004081   Thumb Code    10  _printf_char_common.o(.text)
    .text                                    0x080040b0   Section        0  ferror.o(.text)
    .text                                    0x080040b8   Section        0  defsig_abrt_outer.o(.text)
    .text                                    0x080040c6   Section       74  sys_stackheap_outer.o(.text)
    .text                                    0x08004110   Section        0  exit.o(.text)
    .text                                    0x0800411c   Section        0  defsig_exit.o(.text)
    .text                                    0x08004128   Section        0  defsig_abrt_inner.o(.text)
    .text                                    0x08004158   Section        8  libspace.o(.text)
    .text                                    0x08004160   Section        0  defsig_general.o(.text)
    .constdata                               0x08004192   Section        6  main.o(.constdata)
    .constdata                               0x08004198   Section      512  mbcrc.o(.constdata)
    aucCRCHi                                 0x08004198   Data         256  mbcrc.o(.constdata)
    aucCRCLo                                 0x08004298   Data         256  mbcrc.o(.constdata)
    .constdata                               0x08004398   Section       40  _printf_hex_int.o(.constdata)
    uc_hextab                                0x08004398   Data          20  _printf_hex_int.o(.constdata)
    lc_hextab                                0x080043ac   Data          20  _printf_hex_int.o(.constdata)
    .conststring                             0x080043c0   Section       68  mbascii.o(.conststring)
    .conststring                             0x08004404   Section      179  mbrtu.o(.conststring)
    .data                                    0x20000000   Section        9  main.o(.data)
    .data                                    0x2000000c   Section        4  uart.o(.data)
    .data                                    0x20000010   Section       20  stm32f10x_rcc.o(.data)
    APBAHBPrescTable                         0x20000010   Data          16  stm32f10x_rcc.o(.data)
    ADCPrescTable                            0x20000020   Data           4  stm32f10x_rcc.o(.data)
    .data                                    0x20000024   Section       20  system_stm32f10x.o(.data)
    .data                                    0x20000038   Section       20  mbascii.o(.data)
    eSndState                                0x20000038   Data           1  mbascii.o(.data)
    eRcvState                                0x20000039   Data           1  mbascii.o(.data)
    ucASCIIBuf                               0x2000003c   Data           4  mbascii.o(.data)
    usRcvBufferPos                           0x20000040   Data           2  mbascii.o(.data)
    eBytePos                                 0x20000042   Data           1  mbascii.o(.data)
    pucSndBufferCur                          0x20000044   Data           4  mbascii.o(.data)
    usSndBufferCount                         0x20000048   Data           2  mbascii.o(.data)
    ucLRC                                    0x2000004a   Data           1  mbascii.o(.data)
    ucMBLFCharacter                          0x2000004b   Data           1  mbascii.o(.data)
    .data                                    0x2000004c   Section        2  mbfuncother.o(.data)
    usMBSlaveIDLen                           0x2000004c   Data           2  mbfuncother.o(.data)
    .data                                    0x20000050   Section       12  mbrtu.o(.data)
    eSndState                                0x20000050   Data           1  mbrtu.o(.data)
    eRcvState                                0x20000051   Data           1  mbrtu.o(.data)
    pucSndBufferCur                          0x20000054   Data           4  mbrtu.o(.data)
    usSndBufferCount                         0x20000058   Data           2  mbrtu.o(.data)
    usRcvBufferPos                           0x2000005a   Data           2  mbrtu.o(.data)
    .data                                    0x2000005c   Section      185  mb.o(.data)
    ucMBAddress                              0x2000005c   Data           1  mb.o(.data)
    eMBCurrentMode                           0x2000005d   Data           1  mb.o(.data)
    eMBState                                 0x2000005e   Data           1  mb.o(.data)
    peMBFrameSendCur                         0x20000060   Data           4  mb.o(.data)
    pvMBFrameStartCur                        0x20000064   Data           4  mb.o(.data)
    pvMBFrameStopCur                         0x20000068   Data           4  mb.o(.data)
    peMBFrameReceiveCur                      0x2000006c   Data           4  mb.o(.data)
    pvMBFrameCloseCur                        0x20000070   Data           4  mb.o(.data)
    xFuncHandlers                            0x20000088   Data         128  mb.o(.data)
    ucMBFrame                                0x2000010c   Data           4  mb.o(.data)
    ucRcvAddress                             0x20000110   Data           1  mb.o(.data)
    ucFunctionCode                           0x20000111   Data           1  mb.o(.data)
    usLength                                 0x20000112   Data           2  mb.o(.data)
    eException                               0x20000114   Data           1  mb.o(.data)
    .data                                    0x20000115   Section        2  portevent.o(.data)
    eQueuedEvent                             0x20000115   Data           1  portevent.o(.data)
    xEventInQueue                            0x20000116   Data           1  portevent.o(.data)
    .bss                                     0x20000118   Section       32  mbfuncother.o(.bss)
    ucMBSlaveID                              0x20000118   Data          32  mbfuncother.o(.bss)
    .bss                                     0x20000138   Section      266  mbrtu.o(.bss)
    .bss                                     0x20000244   Section       96  libspace.o(.bss)
    HEAP                                     0x200002a8   Section      512  startup_stm32f10x_hd.o(HEAP)
    Heap_Mem                                 0x200002a8   Data         512  startup_stm32f10x_hd.o(HEAP)
    STACK                                    0x200004a8   Section     1024  startup_stm32f10x_hd.o(STACK)
    Stack_Mem                                0x200004a8   Data        1024  startup_stm32f10x_hd.o(STACK)
    __initial_sp                             0x200008a8   Data           0  startup_stm32f10x_hd.o(STACK)

    Global Symbols

    Symbol Name                              Value     Ov Type        Size  Object(Section)

    BuildAttributes$$THM_ISAv4$P$D$K$B$S$PE$A:L22UL41UL21$X:L11$S22US41US21$IEEE1$IW$USESV6$~STKCKD$USESV7$~SHL$OSPACE$ROPI$EBA8$UX$STANDARDLIB$REQ8$PRES8$EABIv2 0x00000000   Number         0  anon$$obj.o ABSOLUTE
    __ARM_use_no_argv                        0x00000000   Number         0  main.o ABSOLUTE
    __ARM_exceptions_init                     - Undefined Weak Reference
    __alloca_initialize                       - Undefined Weak Reference
    __arm_preinit_                            - Undefined Weak Reference
    __cpp_initialize__aeabi_                  - Undefined Weak Reference
    __cxa_finalize                            - Undefined Weak Reference
    __rt_locale                               - Undefined Weak Reference
    __sigvec_lookup                           - Undefined Weak Reference
    _atexit_init                              - Undefined Weak Reference
    _call_atexit_fns                          - Undefined Weak Reference
    _clock_init                               - Undefined Weak Reference
    _fp_trap_init                             - Undefined Weak Reference
    _fp_trap_shutdown                         - Undefined Weak Reference
    _get_lc_collate                           - Undefined Weak Reference
    _get_lc_ctype                             - Undefined Weak Reference
    _get_lc_monetary                          - Undefined Weak Reference
    _get_lc_numeric                           - Undefined Weak Reference
    _get_lc_time                              - Undefined Weak Reference
    _getenv_init                              - Undefined Weak Reference
    _handle_redirection                       - Undefined Weak Reference
    _init_alloc                               - Undefined Weak Reference
    _init_user_alloc                          - Undefined Weak Reference
    _initio                                   - Undefined Weak Reference
    _mutex_acquire                            - Undefined Weak Reference
    _mutex_release                            - Undefined Weak Reference
    _printf_post_padding                      - Undefined Weak Reference
    _printf_pre_padding                       - Undefined Weak Reference
    _printf_truncate_signed                   - Undefined Weak Reference
    _printf_truncate_unsigned                 - Undefined Weak Reference
    _rand_init                                - Undefined Weak Reference
    _signal_finish                            - Undefined Weak Reference
    _signal_init                              - Undefined Weak Reference
    _terminate_alloc                          - Undefined Weak Reference
    _terminate_user_alloc                     - Undefined Weak Reference
    _terminateio                              - Undefined Weak Reference
    __Vectors_Size                           0x00000130   Number         0  startup_stm32f10x_hd.o ABSOLUTE
    __Vectors                                0x08000000   Data           4  startup_stm32f10x_hd.o(RESET)
    __Vectors_End                            0x08000130   Data           0  startup_stm32f10x_hd.o(RESET)
    __main                                   0x08000131   Thumb Code     8  __main.o(!!!main)
    __scatterload                            0x08000139   Thumb Code     0  __scatter.o(!!!scatter)
    __scatterload_rt2                        0x08000139   Thumb Code    44  __scatter.o(!!!scatter)
    __scatterload_rt2_thumb_only             0x08000139   Thumb Code     0  __scatter.o(!!!scatter)
    __scatterload_null                       0x08000147   Thumb Code     0  __scatter.o(!!!scatter)
    __scatterload_copy                       0x0800016d   Thumb Code    26  __scatter_copy.o(!!handler_copy)
    __scatterload_zeroinit                   0x08000189   Thumb Code    28  __scatter_zi.o(!!handler_zi)
    _printf_d                                0x080001a5   Thumb Code     0  _printf_d.o(.ARM.Collect$$_printf_percent$$00000009)
    _printf_percent                          0x080001a5   Thumb Code     0  _printf_percent.o(.ARM.Collect$$_printf_percent$$00000000)
    _printf_x                                0x080001ab   Thumb Code     0  _printf_x.o(.ARM.Collect$$_printf_percent$$0000000C)
    _printf_percent_end                      0x080001b1   Thumb Code     0  _printf_percent_end.o(.ARM.Collect$$_printf_percent$$00000017)
    __rt_lib_init                            0x080001b5   Thumb Code     0  libinit.o(.ARM.Collect$$libinit$$00000000)
    __rt_lib_init_alloca_1                   0x080001b7   Thumb Code     0  libinit2.o(.ARM.Collect$$libinit$$0000002E)
    __rt_lib_init_argv_1                     0x080001b7   Thumb Code     0  libinit2.o(.ARM.Collect$$libinit$$0000002C)
    __rt_lib_init_atexit_1                   0x080001b7   Thumb Code     0  libinit2.o(.ARM.Collect$$libinit$$0000001B)
    __rt_lib_init_clock_1                    0x080001b7   Thumb Code     0  libinit2.o(.ARM.Collect$$libinit$$00000021)
    __rt_lib_init_cpp_1                      0x080001b7   Thumb Code     0  libinit2.o(.ARM.Collect$$libinit$$00000032)
    __rt_lib_init_exceptions_1               0x080001b7   Thumb Code     0  libinit2.o(.ARM.Collect$$libinit$$00000030)
    __rt_lib_init_fp_1                       0x080001b7   Thumb Code     0  libinit2.o(.ARM.Collect$$libinit$$00000002)
    __rt_lib_init_fp_trap_1                  0x080001b7   Thumb Code     0  libinit2.o(.ARM.Collect$$libinit$$0000001F)
    __rt_lib_init_getenv_1                   0x080001b7   Thumb Code     0  libinit2.o(.ARM.Collect$$libinit$$00000023)
    __rt_lib_init_heap_1                     0x080001b7   Thumb Code     0  libinit2.o(.ARM.Collect$$libinit$$0000000A)
    __rt_lib_init_lc_collate_1               0x080001b7   Thumb Code     0  libinit2.o(.ARM.Collect$$libinit$$00000011)
    __rt_lib_init_lc_ctype_1                 0x080001b7   Thumb Code     0  libinit2.o(.ARM.Collect$$libinit$$00000013)
    __rt_lib_init_lc_monetary_1              0x080001b7   Thumb Code     0  libinit2.o(.ARM.Collect$$libinit$$00000015)
    __rt_lib_init_lc_numeric_1               0x080001b7   Thumb Code     0  libinit2.o(.ARM.Collect$$libinit$$00000017)
    __rt_lib_init_lc_time_1                  0x080001b7   Thumb Code     0  libinit2.o(.ARM.Collect$$libinit$$00000019)
    __rt_lib_init_preinit_1                  0x080001b7   Thumb Code     0  libinit2.o(.ARM.Collect$$libinit$$00000004)
    __rt_lib_init_rand_1                     0x080001b7   Thumb Code     0  libinit2.o(.ARM.Collect$$libinit$$0000000E)
    __rt_lib_init_return                     0x080001b7   Thumb Code     0  libinit2.o(.ARM.Collect$$libinit$$00000033)
    __rt_lib_init_signal_1                   0x080001b7   Thumb Code     0  libinit2.o(.ARM.Collect$$libinit$$0000001D)
    __rt_lib_init_stdio_1                    0x080001b7   Thumb Code     0  libinit2.o(.ARM.Collect$$libinit$$00000025)
    __rt_lib_init_user_alloc_1               0x080001b7   Thumb Code     0  libinit2.o(.ARM.Collect$$libinit$$0000000C)
    __rt_lib_shutdown                        0x080001b9   Thumb Code     0  libshutdown.o(.ARM.Collect$$libshutdown$$00000000)
    __rt_lib_shutdown_fp_trap_1              0x080001bb   Thumb Code     0  libshutdown2.o(.ARM.Collect$$libshutdown$$00000006)
    __rt_lib_shutdown_heap_1                 0x080001bb   Thumb Code     0  libshutdown2.o(.ARM.Collect$$libshutdown$$0000000E)
    __rt_lib_shutdown_return                 0x080001bb   Thumb Code     0  libshutdown2.o(.ARM.Collect$$libshutdown$$0000000F)
    __rt_lib_shutdown_signal_1               0x080001bb   Thumb Code     0  libshutdown2.o(.ARM.Collect$$libshutdown$$00000009)
    __rt_lib_shutdown_stdio_1                0x080001bb   Thumb Code     0  libshutdown2.o(.ARM.Collect$$libshutdown$$00000003)
    __rt_lib_shutdown_user_alloc_1           0x080001bb   Thumb Code     0  libshutdown2.o(.ARM.Collect$$libshutdown$$0000000B)
    __rt_entry                               0x080001bd   Thumb Code     0  __rtentry.o(.ARM.Collect$$rtentry$$00000000)
    __rt_entry_presh_1                       0x080001bd   Thumb Code     0  __rtentry2.o(.ARM.Collect$$rtentry$$00000002)
    __rt_entry_sh                            0x080001bd   Thumb Code     0  __rtentry4.o(.ARM.Collect$$rtentry$$00000004)
    __rt_entry_li                            0x080001c3   Thumb Code     0  __rtentry2.o(.ARM.Collect$$rtentry$$0000000A)
    __rt_entry_postsh_1                      0x080001c3   Thumb Code     0  __rtentry2.o(.ARM.Collect$$rtentry$$00000009)
    __rt_entry_main                          0x080001c7   Thumb Code     0  __rtentry2.o(.ARM.Collect$$rtentry$$0000000D)
    __rt_entry_postli_1                      0x080001c7   Thumb Code     0  __rtentry2.o(.ARM.Collect$$rtentry$$0000000C)
    __rt_exit                                0x080001cf   Thumb Code     0  rtexit.o(.ARM.Collect$$rtexit$$00000000)
    __rt_exit_ls                             0x080001d1   Thumb Code     0  rtexit2.o(.ARM.Collect$$rtexit$$00000003)
    __rt_exit_prels_1                        0x080001d1   Thumb Code     0  rtexit2.o(.ARM.Collect$$rtexit$$00000002)
    __rt_exit_exit                           0x080001d5   Thumb Code     0  rtexit2.o(.ARM.Collect$$rtexit$$00000004)
    Reset_Handler                            0x080001dd   Thumb Code     8  startup_stm32f10x_hd.o(.text)
    NMI_Handler                              0x080001e5   Thumb Code     2  startup_stm32f10x_hd.o(.text)
    HardFault_Handler                        0x080001e7   Thumb Code     2  startup_stm32f10x_hd.o(.text)
    MemManage_Handler                        0x080001e9   Thumb Code     2  startup_stm32f10x_hd.o(.text)
    BusFault_Handler                         0x080001eb   Thumb Code     2  startup_stm32f10x_hd.o(.text)
    UsageFault_Handler                       0x080001ed   Thumb Code     2  startup_stm32f10x_hd.o(.text)
    SVC_Handler                              0x080001ef   Thumb Code     2  startup_stm32f10x_hd.o(.text)
    DebugMon_Handler                         0x080001f1   Thumb Code     2  startup_stm32f10x_hd.o(.text)
    PendSV_Handler                           0x080001f3   Thumb Code     2  startup_stm32f10x_hd.o(.text)
    SysTick_Handler                          0x080001f5   Thumb Code     2  startup_stm32f10x_hd.o(.text)
    ADC1_2_IRQHandler                        0x080001f7   Thumb Code     0  startup_stm32f10x_hd.o(.text)
    ADC3_IRQHandler                          0x080001f7   Thumb Code     0  startup_stm32f10x_hd.o(.text)
    CAN1_RX1_IRQHandler                      0x080001f7   Thumb Code     0  startup_stm32f10x_hd.o(.text)
    CAN1_SCE_IRQHandler                      0x080001f7   Thumb Code     0  startup_stm32f10x_hd.o(.text)
    DMA1_Channel1_IRQHandler                 0x080001f7   Thumb Code     0  startup_stm32f10x_hd.o(.text)
    DMA1_Channel2_IRQHandler                 0x080001f7   Thumb Code     0  startup_stm32f10x_hd.o(.text)
    DMA1_Channel3_IRQHandler                 0x080001f7   Thumb Code     0  startup_stm32f10x_hd.o(.text)
    DMA1_Channel4_IRQHandler                 0x080001f7   Thumb Code     0  startup_stm32f10x_hd.o(.text)
    DMA1_Channel5_IRQHandler                 0x080001f7   Thumb Code     0  startup_stm32f10x_hd.o(.text)
    DMA1_Channel6_IRQHandler                 0x080001f7   Thumb Code     0  startup_stm32f10x_hd.o(.text)
    DMA1_Channel7_IRQHandler                 0x080001f7   Thumb Code     0  startup_stm32f10x_hd.o(.text)
    DMA2_Channel1_IRQHandler                 0x080001f7   Thumb Code     0  startup_stm32f10x_hd.o(.text)
    DMA2_Channel2_IRQHandler                 0x080001f7   Thumb Code     0  startup_stm32f10x_hd.o(.text)
    DMA2_Channel3_IRQHandler                 0x080001f7   Thumb Code     0  startup_stm32f10x_hd.o(.text)
    DMA2_Channel4_5_IRQHandler               0x080001f7   Thumb Code     0  startup_stm32f10x_hd.o(.text)
    EXTI0_IRQHandler                         0x080001f7   Thumb Code     0  startup_stm32f10x_hd.o(.text)
    EXTI15_10_IRQHandler                     0x080001f7   Thumb Code     0  startup_stm32f10x_hd.o(.text)
    EXTI1_IRQHandler                         0x080001f7   Thumb Code     0  startup_stm32f10x_hd.o(.text)
    EXTI2_IRQHandler                         0x080001f7   Thumb Code     0  startup_stm32f10x_hd.o(.text)
    EXTI3_IRQHandler                         0x080001f7   Thumb Code     0  startup_stm32f10x_hd.o(.text)
    EXTI4_IRQHandler                         0x080001f7   Thumb Code     0  startup_stm32f10x_hd.o(.text)
    EXTI9_5_IRQHandler                       0x080001f7   Thumb Code     0  startup_stm32f10x_hd.o(.text)
    FLASH_IRQHandler                         0x080001f7   Thumb Code     0  startup_stm32f10x_hd.o(.text)
    FSMC_IRQHandler                          0x080001f7   Thumb Code     0  startup_stm32f10x_hd.o(.text)
    I2C1_ER_IRQHandler                       0x080001f7   Thumb Code     0  startup_stm32f10x_hd.o(.text)
    I2C1_EV_IRQHandler                       0x080001f7   Thumb Code     0  startup_stm32f10x_hd.o(.text)
    I2C2_ER_IRQHandler                       0x080001f7   Thumb Code     0  startup_stm32f10x_hd.o(.text)
    I2C2_EV_IRQHandler                       0x080001f7   Thumb Code     0  startup_stm32f10x_hd.o(.text)
    PVD_IRQHandler                           0x080001f7   Thumb Code     0  startup_stm32f10x_hd.o(.text)
    RCC_IRQHandler                           0x080001f7   Thumb Code     0  startup_stm32f10x_hd.o(.text)
    RTCAlarm_IRQHandler                      0x080001f7   Thumb Code     0  startup_stm32f10x_hd.o(.text)
    RTC_IRQHandler                           0x080001f7   Thumb Code     0  startup_stm32f10x_hd.o(.text)
    SDIO_IRQHandler                          0x080001f7   Thumb Code     0  startup_stm32f10x_hd.o(.text)
    SPI1_IRQHandler                          0x080001f7   Thumb Code     0  startup_stm32f10x_hd.o(.text)
    SPI2_IRQHandler                          0x080001f7   Thumb Code     0  startup_stm32f10x_hd.o(.text)
    SPI3_IRQHandler                          0x080001f7   Thumb Code     0  startup_stm32f10x_hd.o(.text)
    TAMPER_IRQHandler                        0x080001f7   Thumb Code     0  startup_stm32f10x_hd.o(.text)
    TIM1_BRK_IRQHandler                      0x080001f7   Thumb Code     0  startup_stm32f10x_hd.o(.text)
    TIM1_CC_IRQHandler                       0x080001f7   Thumb Code     0  startup_stm32f10x_hd.o(.text)
    TIM1_TRG_COM_IRQHandler                  0x080001f7   Thumb Code     0  startup_stm32f10x_hd.o(.text)
    TIM1_UP_IRQHandler                       0x080001f7   Thumb Code     0  startup_stm32f10x_hd.o(.text)
    TIM2_IRQHandler                          0x080001f7   Thumb Code     0  startup_stm32f10x_hd.o(.text)
    TIM3_IRQHandler                          0x080001f7   Thumb Code     0  startup_stm32f10x_hd.o(.text)
    TIM5_IRQHandler                          0x080001f7   Thumb Code     0  startup_stm32f10x_hd.o(.text)
    TIM6_IRQHandler                          0x080001f7   Thumb Code     0  startup_stm32f10x_hd.o(.text)
    TIM7_IRQHandler                          0x080001f7   Thumb Code     0  startup_stm32f10x_hd.o(.text)
    TIM8_BRK_IRQHandler                      0x080001f7   Thumb Code     0  startup_stm32f10x_hd.o(.text)
    TIM8_CC_IRQHandler                       0x080001f7   Thumb Code     0  startup_stm32f10x_hd.o(.text)
    TIM8_TRG_COM_IRQHandler                  0x080001f7   Thumb Code     0  startup_stm32f10x_hd.o(.text)
    TIM8_UP_IRQHandler                       0x080001f7   Thumb Code     0  startup_stm32f10x_hd.o(.text)
    UART4_IRQHandler                         0x080001f7   Thumb Code     0  startup_stm32f10x_hd.o(.text)
    UART5_IRQHandler                         0x080001f7   Thumb Code     0  startup_stm32f10x_hd.o(.text)
    USART3_IRQHandler                        0x080001f7   Thumb Code     0  startup_stm32f10x_hd.o(.text)
    USBWakeUp_IRQHandler                     0x080001f7   Thumb Code     0  startup_stm32f10x_hd.o(.text)
    USB_HP_CAN1_TX_IRQHandler                0x080001f7   Thumb Code     0  startup_stm32f10x_hd.o(.text)
    USB_LP_CAN1_RX0_IRQHandler               0x080001f7   Thumb Code     0  startup_stm32f10x_hd.o(.text)
    WWDG_IRQHandler                          0x080001f7   Thumb Code     0  startup_stm32f10x_hd.o(.text)
    __user_initial_stackheap                 0x080001f9   Thumb Code     0  startup_stm32f10x_hd.o(.text)
    main                                     0x0800021d   Thumb Code   164  main.o(.text)
    eMBRegInputCB                            0x080002c1   Thumb Code    62  main.o(.text)
    eMBRegHoldingCB                          0x080002ff   Thumb Code   124  main.o(.text)
    eMBRegCoilsCB                            0x0800037b   Thumb Code     8  main.o(.text)
    eMBRegDiscreteCB                         0x08000383   Thumb Code     6  main.o(.text)
    USART1_IRQHandler                        0x080003d1   Thumb Code    46  stm32f10x_it.o(.text)
    RCC_HSE_Configuration                    0x08000405   Thumb Code    90  pbdata.o(.text)
    delay                                    0x0800045f   Thumb Code    10  pbdata.o(.text)
    delay_us                                 0x08000469   Thumb Code    54  pbdata.o(.text)
    delay_ms                                 0x0800049f   Thumb Code    56  pbdata.o(.text)
    RCC_Configuration                        0x080004d7   Thumb Code    80  pbdata.o(.text)
    NVIC_Configuration                       0x08000527   Thumb Code    68  pbdata.o(.text)
    GPIO_Configuration                       0x0800056d   Thumb Code   166  led.o(.text)
    fputc                                    0x08000625   Thumb Code    32  uart.o(.text)
    _sys_exit                                0x08000645   Thumb Code     6  uart.o(.text)
    _ttywrch                                 0x0800064b   Thumb Code     4  uart.o(.text)
    UART_Configuration                       0x0800064f   Thumb Code   248  uart.o(.text)
    GPIO_DeInit                              0x08000755   Thumb Code   172  stm32f10x_gpio.o(.text)
    GPIO_AFIODeInit                          0x08000801   Thumb Code    20  stm32f10x_gpio.o(.text)
    GPIO_Init                                0x08000815   Thumb Code   278  stm32f10x_gpio.o(.text)
    GPIO_StructInit                          0x0800092b   Thumb Code    16  stm32f10x_gpio.o(.text)
    GPIO_ReadInputDataBit                    0x0800093b   Thumb Code    18  stm32f10x_gpio.o(.text)
    GPIO_ReadInputData                       0x0800094d   Thumb Code     8  stm32f10x_gpio.o(.text)
    GPIO_ReadOutputDataBit                   0x08000955   Thumb Code    18  stm32f10x_gpio.o(.text)
    GPIO_ReadOutputData                      0x08000967   Thumb Code     8  stm32f10x_gpio.o(.text)
    GPIO_SetBits                             0x0800096f   Thumb Code     4  stm32f10x_gpio.o(.text)
    GPIO_ResetBits                           0x08000973   Thumb Code     4  stm32f10x_gpio.o(.text)
    GPIO_WriteBit                            0x08000977   Thumb Code    10  stm32f10x_gpio.o(.text)
    GPIO_Write                               0x08000981   Thumb Code     4  stm32f10x_gpio.o(.text)
    GPIO_PinLockConfig                       0x08000985   Thumb Code    18  stm32f10x_gpio.o(.text)
    GPIO_EventOutputConfig                   0x08000997   Thumb Code    26  stm32f10x_gpio.o(.text)
    GPIO_EventOutputCmd                      0x080009b1   Thumb Code     6  stm32f10x_gpio.o(.text)
    GPIO_PinRemapConfig                      0x080009b7   Thumb Code   138  stm32f10x_gpio.o(.text)
    GPIO_EXTILineConfig                      0x08000a41   Thumb Code    66  stm32f10x_gpio.o(.text)
    GPIO_ETH_MediaInterfaceConfig            0x08000a83   Thumb Code     8  stm32f10x_gpio.o(.text)
    RCC_DeInit                               0x08000ab1   Thumb Code    64  stm32f10x_rcc.o(.text)
    RCC_HSEConfig                            0x08000af1   Thumb Code    70  stm32f10x_rcc.o(.text)
    RCC_GetFlagStatus                        0x08000b37   Thumb Code    56  stm32f10x_rcc.o(.text)
    RCC_WaitForHSEStartUp                    0x08000b6f   Thumb Code    56  stm32f10x_rcc.o(.text)
    RCC_AdjustHSICalibrationValue            0x08000ba7   Thumb Code    20  stm32f10x_rcc.o(.text)
    RCC_HSICmd                               0x08000bbb   Thumb Code     6  stm32f10x_rcc.o(.text)
    RCC_PLLConfig                            0x08000bc1   Thumb Code    24  stm32f10x_rcc.o(.text)
    RCC_PLLCmd                               0x08000bd9   Thumb Code     6  stm32f10x_rcc.o(.text)
    RCC_SYSCLKConfig                         0x08000bdf   Thumb Code    18  stm32f10x_rcc.o(.text)
    RCC_GetSYSCLKSource                      0x08000bf1   Thumb Code    10  stm32f10x_rcc.o(.text)
    RCC_HCLKConfig                           0x08000bfb   Thumb Code    18  stm32f10x_rcc.o(.text)
    RCC_PCLK1Config                          0x08000c0d   Thumb Code    18  stm32f10x_rcc.o(.text)
    RCC_PCLK2Config                          0x08000c1f   Thumb Code    20  stm32f10x_rcc.o(.text)
    RCC_ITConfig                             0x08000c33   Thumb Code    26  stm32f10x_rcc.o(.text)
    RCC_USBCLKConfig                         0x08000c4d   Thumb Code     8  stm32f10x_rcc.o(.text)
    RCC_ADCCLKConfig                         0x08000c55   Thumb Code    18  stm32f10x_rcc.o(.text)
    RCC_LSEConfig                            0x08000c67   Thumb Code    50  stm32f10x_rcc.o(.text)
    RCC_LSICmd                               0x08000c99   Thumb Code     6  stm32f10x_rcc.o(.text)
    RCC_RTCCLKConfig                         0x08000c9f   Thumb Code    12  stm32f10x_rcc.o(.text)
    RCC_RTCCLKCmd                            0x08000cab   Thumb Code     8  stm32f10x_rcc.o(.text)
    RCC_GetClocksFreq                        0x08000cb3   Thumb Code   192  stm32f10x_rcc.o(.text)
    RCC_AHBPeriphClockCmd                    0x08000d73   Thumb Code    26  stm32f10x_rcc.o(.text)
    RCC_APB2PeriphClockCmd                   0x08000d8d   Thumb Code    26  stm32f10x_rcc.o(.text)
    RCC_APB1PeriphClockCmd                   0x08000da7   Thumb Code    26  stm32f10x_rcc.o(.text)
    RCC_APB2PeriphResetCmd                   0x08000dc1   Thumb Code    26  stm32f10x_rcc.o(.text)
    RCC_APB1PeriphResetCmd                   0x08000ddb   Thumb Code    26  stm32f10x_rcc.o(.text)
    RCC_BackupResetCmd                       0x08000df5   Thumb Code     8  stm32f10x_rcc.o(.text)
    RCC_ClockSecuritySystemCmd               0x08000dfd   Thumb Code     6  stm32f10x_rcc.o(.text)
    RCC_MCOConfig                            0x08000e03   Thumb Code     6  stm32f10x_rcc.o(.text)
    RCC_ClearFlag                            0x08000e09   Thumb Code    14  stm32f10x_rcc.o(.text)
    RCC_GetITStatus                          0x08000e17   Thumb Code    20  stm32f10x_rcc.o(.text)
    RCC_ClearITPendingBit                    0x08000e2b   Thumb Code     6  stm32f10x_rcc.o(.text)
    USART_DeInit                             0x08000e55   Thumb Code   134  stm32f10x_usart.o(.text)
    USART_Init                               0x08000edb   Thumb Code   210  stm32f10x_usart.o(.text)
    USART_StructInit                         0x08000fad   Thumb Code    24  stm32f10x_usart.o(.text)
    USART_ClockInit                          0x08000fc5   Thumb Code    34  stm32f10x_usart.o(.text)
    USART_ClockStructInit                    0x08000fe7   Thumb Code    12  stm32f10x_usart.o(.text)
    USART_Cmd                                0x08000ff3   Thumb Code    24  stm32f10x_usart.o(.text)
    USART_ITConfig                           0x0800100b   Thumb Code    74  stm32f10x_usart.o(.text)
    USART_DMACmd                             0x08001055   Thumb Code    18  stm32f10x_usart.o(.text)
    USART_SetAddress                         0x08001067   Thumb Code    18  stm32f10x_usart.o(.text)
    USART_WakeUpConfig                       0x08001079   Thumb Code    18  stm32f10x_usart.o(.text)
    USART_ReceiverWakeUpCmd                  0x0800108b   Thumb Code    24  stm32f10x_usart.o(.text)
    USART_LINBreakDetectLengthConfig         0x080010a3   Thumb Code    18  stm32f10x_usart.o(.text)
    USART_LINCmd                             0x080010b5   Thumb Code    24  stm32f10x_usart.o(.text)
    USART_SendData                           0x080010cd   Thumb Code     8  stm32f10x_usart.o(.text)
    USART_ReceiveData                        0x080010d5   Thumb Code    10  stm32f10x_usart.o(.text)
    USART_SendBreak                          0x080010df   Thumb Code    10  stm32f10x_usart.o(.text)
    USART_SetGuardTime                       0x080010e9   Thumb Code    16  stm32f10x_usart.o(.text)
    USART_SetPrescaler                       0x080010f9   Thumb Code    16  stm32f10x_usart.o(.text)
    USART_SmartCardCmd                       0x08001109   Thumb Code    24  stm32f10x_usart.o(.text)
    USART_SmartCardNACKCmd                   0x08001121   Thumb Code    24  stm32f10x_usart.o(.text)
    USART_HalfDuplexCmd                      0x08001139   Thumb Code    24  stm32f10x_usart.o(.text)
    USART_OverSampling8Cmd                   0x08001151   Thumb Code    22  stm32f10x_usart.o(.text)
    USART_OneBitMethodCmd                    0x08001167   Thumb Code    24  stm32f10x_usart.o(.text)
    USART_IrDAConfig                         0x0800117f   Thumb Code    18  stm32f10x_usart.o(.text)
    USART_IrDACmd                            0x08001191   Thumb Code    24  stm32f10x_usart.o(.text)
    USART_GetFlagStatus                      0x080011a9   Thumb Code    26  stm32f10x_usart.o(.text)
    USART_ClearFlag                          0x080011c3   Thumb Code    18  stm32f10x_usart.o(.text)
    USART_GetITStatus                        0x080011d5   Thumb Code    84  stm32f10x_usart.o(.text)
    USART_ClearITPendingBit                  0x08001229   Thumb Code    52  stm32f10x_usart.o(.text)
    TIM_DeInit                               0x0800125d   Thumb Code   424  stm32f10x_tim.o(.text)
    TIM_TimeBaseInit                         0x08001405   Thumb Code   122  stm32f10x_tim.o(.text)
    TIM_OC1Init                              0x0800147f   Thumb Code   132  stm32f10x_tim.o(.text)
    TIM_OC2Init                              0x08001503   Thumb Code   154  stm32f10x_tim.o(.text)
    TIM_OC3Init                              0x0800159d   Thumb Code   150  stm32f10x_tim.o(.text)
    TIM_OC4Init                              0x08001633   Thumb Code   182  stm32f10x_tim.o(.text)
    TIM_SetIC4Prescaler                      0x080016e9   Thumb Code    26  stm32f10x_tim.o(.text)
    TIM_SetIC3Prescaler                      0x08001785   Thumb Code    18  stm32f10x_tim.o(.text)
    TIM_SetIC2Prescaler                      0x08001811   Thumb Code    26  stm32f10x_tim.o(.text)
    TIM_SetIC1Prescaler                      0x080018ad   Thumb Code    18  stm32f10x_tim.o(.text)
    TIM_ICInit                               0x0800192b   Thumb Code   150  stm32f10x_tim.o(.text)
    TIM_PWMIConfig                           0x080019c1   Thumb Code   124  stm32f10x_tim.o(.text)
    TIM_BDTRConfig                           0x08001a3d   Thumb Code    32  stm32f10x_tim.o(.text)
    TIM_TimeBaseStructInit                   0x08001a5d   Thumb Code    18  stm32f10x_tim.o(.text)
    TIM_OCStructInit                         0x08001a6f   Thumb Code    20  stm32f10x_tim.o(.text)
    TIM_ICStructInit                         0x08001a83   Thumb Code    18  stm32f10x_tim.o(.text)
    TIM_BDTRStructInit                       0x08001a95   Thumb Code    40  stm32f10x_tim.o(.text)
    TIM_Cmd                                  0x08001abd   Thumb Code    24  stm32f10x_tim.o(.text)
    TIM_CtrlPWMOutputs                       0x08001ad5   Thumb Code    30  stm32f10x_tim.o(.text)
    TIM_ITConfig                             0x08001af3   Thumb Code    18  stm32f10x_tim.o(.text)
    TIM_GenerateEvent                        0x08001b05   Thumb Code     4  stm32f10x_tim.o(.text)
    TIM_DMAConfig                            0x08001b09   Thumb Code    10  stm32f10x_tim.o(.text)
    TIM_DMACmd                               0x08001b13   Thumb Code    18  stm32f10x_tim.o(.text)
    TIM_InternalClockConfig                  0x08001b25   Thumb Code    12  stm32f10x_tim.o(.text)
    TIM_SelectInputTrigger                   0x08001b31   Thumb Code    18  stm32f10x_tim.o(.text)
    TIM_ITRxExternalClockConfig              0x08001b43   Thumb Code    24  stm32f10x_tim.o(.text)
    TIM_TIxExternalClockConfig               0x08001b5b   Thumb Code    62  stm32f10x_tim.o(.text)
    TIM_ETRConfig                            0x08001b99   Thumb Code    28  stm32f10x_tim.o(.text)
    TIM_ETRClockMode1Config                  0x08001bb5   Thumb Code    54  stm32f10x_tim.o(.text)
    TIM_ETRClockMode2Config                  0x08001beb   Thumb Code    32  stm32f10x_tim.o(.text)
    TIM_PrescalerConfig                      0x08001c0b   Thumb Code     6  stm32f10x_tim.o(.text)
    TIM_CounterModeConfig                    0x08001c11   Thumb Code    18  stm32f10x_tim.o(.text)
    TIM_EncoderInterfaceConfig               0x08001c23   Thumb Code    66  stm32f10x_tim.o(.text)
    TIM_ForcedOC1Config                      0x08001c65   Thumb Code    18  stm32f10x_tim.o(.text)
    TIM_ForcedOC2Config                      0x08001c77   Thumb Code    26  stm32f10x_tim.o(.text)
    TIM_ForcedOC3Config                      0x08001c91   Thumb Code    18  stm32f10x_tim.o(.text)
    TIM_ForcedOC4Config                      0x08001ca3   Thumb Code    26  stm32f10x_tim.o(.text)
    TIM_ARRPreloadConfig                     0x08001cbd   Thumb Code    24  stm32f10x_tim.o(.text)
    TIM_SelectCOM                            0x08001cd5   Thumb Code    24  stm32f10x_tim.o(.text)
    TIM_SelectCCDMA                          0x08001ced   Thumb Code    24  stm32f10x_tim.o(.text)
    TIM_CCPreloadControl                     0x08001d05   Thumb Code    24  stm32f10x_tim.o(.text)
    TIM_OC1PreloadConfig                     0x08001d1d   Thumb Code    18  stm32f10x_tim.o(.text)
    TIM_OC2PreloadConfig                     0x08001d2f   Thumb Code    26  stm32f10x_tim.o(.text)
    TIM_OC3PreloadConfig                     0x08001d49   Thumb Code    18  stm32f10x_tim.o(.text)
    TIM_OC4PreloadConfig                     0x08001d5b   Thumb Code    26  stm32f10x_tim.o(.text)
    TIM_OC1FastConfig                        0x08001d75   Thumb Code    18  stm32f10x_tim.o(.text)
    TIM_OC2FastConfig                        0x08001d87   Thumb Code    26  stm32f10x_tim.o(.text)
    TIM_OC3FastConfig                        0x08001da1   Thumb Code    18  stm32f10x_tim.o(.text)
    TIM_OC4FastConfig                        0x08001db3   Thumb Code    26  stm32f10x_tim.o(.text)
    TIM_ClearOC1Ref                          0x08001dcd   Thumb Code    18  stm32f10x_tim.o(.text)
    TIM_ClearOC2Ref                          0x08001ddf   Thumb Code    24  stm32f10x_tim.o(.text)
    TIM_ClearOC3Ref                          0x08001df7   Thumb Code    18  stm32f10x_tim.o(.text)
    TIM_ClearOC4Ref                          0x08001e09   Thumb Code    24  stm32f10x_tim.o(.text)
    TIM_OC1PolarityConfig                    0x08001e21   Thumb Code    18  stm32f10x_tim.o(.text)
    TIM_OC1NPolarityConfig                   0x08001e33   Thumb Code    18  stm32f10x_tim.o(.text)
    TIM_OC2PolarityConfig                    0x08001e45   Thumb Code    26  stm32f10x_tim.o(.text)
    TIM_OC2NPolarityConfig                   0x08001e5f   Thumb Code    26  stm32f10x_tim.o(.text)
    TIM_OC3PolarityConfig                    0x08001e79   Thumb Code    26  stm32f10x_tim.o(.text)
    TIM_OC3NPolarityConfig                   0x08001e93   Thumb Code    26  stm32f10x_tim.o(.text)
    TIM_OC4PolarityConfig                    0x08001ead   Thumb Code    26  stm32f10x_tim.o(.text)
    TIM_CCxCmd                               0x08001ec7   Thumb Code    30  stm32f10x_tim.o(.text)
    TIM_CCxNCmd                              0x08001ee5   Thumb Code    30  stm32f10x_tim.o(.text)
    TIM_SelectOCxM                           0x08001f03   Thumb Code    82  stm32f10x_tim.o(.text)
    TIM_UpdateDisableConfig                  0x08001f55   Thumb Code    24  stm32f10x_tim.o(.text)
    TIM_UpdateRequestConfig                  0x08001f6d   Thumb Code    24  stm32f10x_tim.o(.text)
    TIM_SelectHallSensor                     0x08001f85   Thumb Code    24  stm32f10x_tim.o(.text)
    TIM_SelectOnePulseMode                   0x08001f9d   Thumb Code    18  stm32f10x_tim.o(.text)
    TIM_SelectOutputTrigger                  0x08001faf   Thumb Code    18  stm32f10x_tim.o(.text)
    TIM_SelectSlaveMode                      0x08001fc1   Thumb Code    18  stm32f10x_tim.o(.text)
    TIM_SelectMasterSlaveMode                0x08001fd3   Thumb Code    18  stm32f10x_tim.o(.text)
    TIM_SetCounter                           0x08001fe5   Thumb Code     4  stm32f10x_tim.o(.text)
    TIM_SetAutoreload                        0x08001fe9   Thumb Code     4  stm32f10x_tim.o(.text)
    TIM_SetCompare1                          0x08001fed   Thumb Code     4  stm32f10x_tim.o(.text)
    TIM_SetCompare2                          0x08001ff1   Thumb Code     4  stm32f10x_tim.o(.text)
    TIM_SetCompare3                          0x08001ff5   Thumb Code     4  stm32f10x_tim.o(.text)
    TIM_SetCompare4                          0x08001ff9   Thumb Code     6  stm32f10x_tim.o(.text)
    TIM_SetClockDivision                     0x08001fff   Thumb Code    18  stm32f10x_tim.o(.text)
    TIM_GetCapture1                          0x08002011   Thumb Code     6  stm32f10x_tim.o(.text)
    TIM_GetCapture2                          0x08002017   Thumb Code     6  stm32f10x_tim.o(.text)
    TIM_GetCapture3                          0x0800201d   Thumb Code     6  stm32f10x_tim.o(.text)
    TIM_GetCapture4                          0x08002023   Thumb Code     8  stm32f10x_tim.o(.text)
    TIM_GetCounter                           0x0800202b   Thumb Code     6  stm32f10x_tim.o(.text)
    TIM_GetPrescaler                         0x08002031   Thumb Code     6  stm32f10x_tim.o(.text)
    TIM_GetFlagStatus                        0x08002037   Thumb Code    18  stm32f10x_tim.o(.text)
    TIM_ClearFlag                            0x08002049   Thumb Code     6  stm32f10x_tim.o(.text)
    TIM_GetITStatus                          0x0800204f   Thumb Code    34  stm32f10x_tim.o(.text)
    TIM_ClearITPendingBit                    0x08002071   Thumb Code     6  stm32f10x_tim.o(.text)
    NVIC_PriorityGroupConfig                 0x08002079   Thumb Code    10  misc.o(.text)
    NVIC_Init                                0x08002083   Thumb Code   100  misc.o(.text)
    NVIC_SetVectorTable                      0x080020e7   Thumb Code    14  misc.o(.text)
    NVIC_SystemLPConfig                      0x080020f5   Thumb Code    34  misc.o(.text)
    SysTick_CLKSourceConfig                  0x08002117   Thumb Code    40  misc.o(.text)
    SystemInit                               0x08002233   Thumb Code    78  system_stm32f10x.o(.text)
    SystemCoreClockUpdate                    0x08002281   Thumb Code   142  system_stm32f10x.o(.text)
    eMBASCIIInit                             0x08002335   Thumb Code    60  mbascii.o(.text)
    eMBASCIIStart                            0x08002371   Thumb Code    22  mbascii.o(.text)
    eMBASCIIStop                             0x08002387   Thumb Code    16  mbascii.o(.text)
    eMBASCIIReceive                          0x080023b7   Thumb Code    88  mbascii.o(.text)
    eMBASCIISend                             0x0800240f   Thumb Code   102  mbascii.o(.text)
    xMBASCIIReceiveFSM                       0x0800249b   Thumb Code   294  mbascii.o(.text)
    xMBASCIITransmitFSM                      0x080025ed   Thumb Code   240  mbascii.o(.text)
    xMBASCIITimerT1SExpired                  0x080026dd   Thumb Code   228  mbascii.o(.text)
    eMBFuncReadCoils                         0x080027c1   Thumb Code   164  mbfunccoils.o(.text)
    eMBFuncWriteCoil                         0x08002865   Thumb Code   108  mbfunccoils.o(.text)
    eMBFuncWriteMultipleCoils                0x080028d1   Thumb Code   142  mbfunccoils.o(.text)
    eMBFuncReadDiscreteInputs                0x0800295f   Thumb Code   164  mbfuncdisc.o(.text)
    eMBFuncWriteHoldingRegister              0x08002a03   Thumb Code    66  mbfuncholding.o(.text)
    eMBFuncWriteMultipleHoldingRegister      0x08002a45   Thumb Code   110  mbfuncholding.o(.text)
    eMBFuncReadHoldingRegister               0x08002ab3   Thumb Code   140  mbfuncholding.o(.text)
    eMBFuncReadWriteMultipleHoldingRegister  0x08002b3f   Thumb Code   214  mbfuncholding.o(.text)
    eMBFuncReadInputRegister                 0x08002c15   Thumb Code   140  mbfuncinput.o(.text)
    eMBSetSlaveID                            0x08002ca1   Thumb Code   110  mbfuncother.o(.text)
    eMBFuncReportSlaveID                     0x08002d0f   Thumb Code    30  mbfuncother.o(.text)
    xMBUtilSetBits                           0x08002d35   Thumb Code   104  mbutils.o(.text)
    xMBUtilGetBits                           0x08002d9d   Thumb Code    42  mbutils.o(.text)
    prveMBError2Exception                    0x08002dc7   Thumb Code    34  mbutils.o(.text)
    usMBCRC16                                0x08002e15   Thumb Code    88  mbcrc.o(.text)
    eMBRTUInit                               0x08002ea9   Thumb Code    76  mbrtu.o(.text)
    eMBRTUStart                              0x08002ef5   Thumb Code    22  mbrtu.o(.text)
    eMBRTUStop                               0x08002f0b   Thumb Code    16  mbrtu.o(.text)
    eMBRTUReceive                            0x08002f1b   Thumb Code    94  mbrtu.o(.text)
    eMBRTUSend                               0x08002f79   Thumb Code   274  mbrtu.o(.text)
    xMBRTUTransmitFSM                        0x0800308b   Thumb Code   138  mbrtu.o(.text)
    USART2_IRQHandler                        0x08003115   Thumb Code   108  mbrtu.o(.text)
    xMBRTUReceiveFSM                         0x08003181   Thumb Code   290  mbrtu.o(.text)
    xMBRTUTimerT35Expired                    0x080032a3   Thumb Code   670  mbrtu.o(.text)
    eMBInit                                  0x08003569   Thumb Code   222  mb.o(.text)
    eMBRegisterCB                            0x08003647   Thumb Code   124  mb.o(.text)
    eMBClose                                 0x080036c3   Thumb Code    32  mb.o(.text)
    eMBEnable                                0x080036e3   Thumb Code    32  mb.o(.text)
    eMBDisable                               0x08003703   Thumb Code    42  mb.o(.text)
    eMBPoll                                  0x0800372d   Thumb Code   420  mb.o(.text)
    xMBPortEventInit                         0x08003ab5   Thumb Code    10  portevent.o(.text)
    xMBPortEventPost                         0x08003abf   Thumb Code    16  portevent.o(.text)
    xMBPortEventGet                          0x08003acf   Thumb Code    26  portevent.o(.text)
    vMBPortSerialEnable                      0x08003af1   Thumb Code    96  portserial.o(.text)
    xMBPortSerialInit                        0x08003b51   Thumb Code    22  portserial.o(.text)
    xMBPortSerialPutByte                     0x08003b67   Thumb Code    38  portserial.o(.text)
    xMBPortSerialGetByte                     0x08003b8d   Thumb Code     6  portserial.o(.text)
    xMBPortTimersInit                        0x08003bbd   Thumb Code   134  porttimer.o(.text)
    vMBPortTimersEnable                      0x08003c43   Thumb Code    38  porttimer.o(.text)
    vMBPortTimersDisable                     0x08003c69   Thumb Code    38  porttimer.o(.text)
    TIM4_IRQHandler                          0x08003c99   Thumb Code    26  porttimer.o(.text)
    __2printf                                0x08003cc1   Thumb Code    20  noretval__2printf.o(.text)
    __printf                                 0x08003cd9   Thumb Code   104  __printf.o(.text)
    _printf_int_dec                          0x08003d41   Thumb Code   104  _printf_dec.o(.text)
    _printf_int_hex                          0x08003db9   Thumb Code    84  _printf_hex_int.o(.text)
    _printf_longlong_hex                     0x08003db9   Thumb Code     0  _printf_hex_int.o(.text)
    __aeabi_assert                           0x08003e11   Thumb Code    86  assert.o(.text)
    __assert                                 0x08003e11   Thumb Code     0  assert.o(.text)
    __aeabi_memcpy                           0x08003e91   Thumb Code     0  rt_memcpy_v6.o(.text)
    __rt_memcpy                              0x08003e91   Thumb Code   138  rt_memcpy_v6.o(.text)
    _memcpy_lastbytes                        0x08003ef7   Thumb Code     0  rt_memcpy_v6.o(.text)
    __use_two_region_memory                  0x08003f1b   Thumb Code     2  heapauxi.o(.text)
    __rt_heap_escrow$2region                 0x08003f1d   Thumb Code     2  heapauxi.o(.text)
    __rt_heap_expand$2region                 0x08003f1f   Thumb Code     2  heapauxi.o(.text)
    _printf_int_common                       0x08003f21   Thumb Code   178  _printf_intcommon.o(.text)
    _printf_char_file                        0x08003fd5   Thumb Code    32  _printf_char_file.o(.text)
    abort                                    0x08003ff9   Thumb Code    16  abort.o(.text)
    __assert_puts                            0x08004009   Thumb Code    20  assert_puts.o(.text)
    __aeabi_memcpy4                          0x0800401d   Thumb Code     0  rt_memcpy_w.o(.text)
    __aeabi_memcpy8                          0x0800401d   Thumb Code     0  rt_memcpy_w.o(.text)
    __rt_memcpy_w                            0x0800401d   Thumb Code   100  rt_memcpy_w.o(.text)
    _memcpy_lastbytes_aligned                0x08004065   Thumb Code     0  rt_memcpy_w.o(.text)
    _printf_char_common                      0x0800408b   Thumb Code    32  _printf_char_common.o(.text)
    ferror                                   0x080040b1   Thumb Code     8  ferror.o(.text)
    __rt_SIGABRT                             0x080040b9   Thumb Code    14  defsig_abrt_outer.o(.text)
    __user_setup_stackheap                   0x080040c7   Thumb Code    74  sys_stackheap_outer.o(.text)
    exit                                     0x08004111   Thumb Code    12  exit.o(.text)
    __sig_exit                               0x0800411d   Thumb Code    10  defsig_exit.o(.text)
    __rt_SIGABRT_inner                       0x08004129   Thumb Code    14  defsig_abrt_inner.o(.text)
    __user_libspace                          0x08004159   Thumb Code     8  libspace.o(.text)
    __user_perproc_libspace                  0x08004159   Thumb Code     0  libspace.o(.text)
    __user_perthread_libspace                0x08004159   Thumb Code     0  libspace.o(.text)
    __default_signal_display                 0x08004161   Thumb Code    50  defsig_general.o(.text)
    buf                                      0x08004192   Data           6  main.o(.constdata)
    Region$$Table$$Base                      0x080044b8   Number         0  anon$$obj.o(Region$$Table)
    Region$$Table$$Limit                     0x080044d8   Number         0  anon$$obj.o(Region$$Table)
    usRegInputBuf                            0x20000000   Data           2  main.o(.data)
    usRegInputStart                          0x20000002   Data           2  main.o(.data)
    usRegHoldingBuf                          0x20000004   Data           2  main.o(.data)
    usRegHoldingStart                        0x20000006   Data           2  main.o(.data)
    bz                                       0x20000008   Data           1  main.o(.data)
    __stdout                                 0x2000000c   Data           4  uart.o(.data)
    SystemCoreClock                          0x20000024   Data           4  system_stm32f10x.o(.data)
    AHBPrescTable                            0x20000028   Data          16  system_stm32f10x.o(.data)
    pxMBFrameCBByteReceived                  0x20000074   Data           4  mb.o(.data)
    pxMBFrameCBTransmitterEmpty              0x20000078   Data           4  mb.o(.data)
    pxMBPortCBTimerExpired                   0x2000007c   Data           4  mb.o(.data)
    pxMBFrameCBReceiveFSMCur                 0x20000080   Data           4  mb.o(.data)
    pxMBFrameCBTransmitFSMCur                0x20000084   Data           4  mb.o(.data)
    flag                                     0x20000108   Data           4  mb.o(.data)
    ucRTUBuf                                 0x20000138   Data         256  mbrtu.o(.bss)
    temp                                     0x20000238   Data          10  mbrtu.o(.bss)
    __libspace_start                         0x20000244   Data          96  libspace.o(.bss)
    __temporary_stack_top$libspace           0x200002a4   Data           0  libspace.o(.bss)



==============================================================================

Memory Map of the image

  Image Entry point : 0x08000131

  Load Region LR_IROM1 (Base: 0x08000000, Size: 0x000045f0, Max: 0x00080000, ABSOLUTE)

    Execution Region ER_IROM1 (Base: 0x08000000, Size: 0x000044d8, Max: 0x00080000, ABSOLUTE)

    Base Addr    Size         Type   Attr      Idx    E Section Name        Object

    0x08000000   0x00000130   Data   RO            3    RESET               startup_stm32f10x_hd.o
    0x08000130   0x00000008   Code   RO          591  * !!!main             c_w.l(__main.o)
    0x08000138   0x00000034   Code   RO          766    !!!scatter          c_w.l(__scatter.o)
    0x0800016c   0x0000001a   Code   RO          768    !!handler_copy      c_w.l(__scatter_copy.o)
    0x08000186   0x00000002   PAD
    0x08000188   0x0000001c   Code   RO          770    !!handler_zi        c_w.l(__scatter_zi.o)
    0x080001a4   0x00000000   Code   RO          584    .ARM.Collect$$_printf_percent$$00000000  c_w.l(_printf_percent.o)
    0x080001a4   0x00000006   Code   RO          583    .ARM.Collect$$_printf_percent$$00000009  c_w.l(_printf_d.o)
    0x080001aa   0x00000006   Code   RO          582    .ARM.Collect$$_printf_percent$$0000000C  c_w.l(_printf_x.o)
    0x080001b0   0x00000004   Code   RO          598    .ARM.Collect$$_printf_percent$$00000017  c_w.l(_printf_percent_end.o)
    0x080001b4   0x00000002   Code   RO          647    .ARM.Collect$$libinit$$00000000  c_w.l(libinit.o)
    0x080001b6   0x00000000   Code   RO          658    .ARM.Collect$$libinit$$00000002  c_w.l(libinit2.o)
    0x080001b6   0x00000000   Code   RO          660    .ARM.Collect$$libinit$$00000004  c_w.l(libinit2.o)
    0x080001b6   0x00000000   Code   RO          663    .ARM.Collect$$libinit$$0000000A  c_w.l(libinit2.o)
    0x080001b6   0x00000000   Code   RO          665    .ARM.Collect$$libinit$$0000000C  c_w.l(libinit2.o)
    0x080001b6   0x00000000   Code   RO          667    .ARM.Collect$$libinit$$0000000E  c_w.l(libinit2.o)
    0x080001b6   0x00000000   Code   RO          670    .ARM.Collect$$libinit$$00000011  c_w.l(libinit2.o)
    0x080001b6   0x00000000   Code   RO          672    .ARM.Collect$$libinit$$00000013  c_w.l(libinit2.o)
    0x080001b6   0x00000000   Code   RO          674    .ARM.Collect$$libinit$$00000015  c_w.l(libinit2.o)
    0x080001b6   0x00000000   Code   RO          676    .ARM.Collect$$libinit$$00000017  c_w.l(libinit2.o)
    0x080001b6   0x00000000   Code   RO          678    .ARM.Collect$$libinit$$00000019  c_w.l(libinit2.o)
    0x080001b6   0x00000000   Code   RO          680    .ARM.Collect$$libinit$$0000001B  c_w.l(libinit2.o)
    0x080001b6   0x00000000   Code   RO          682    .ARM.Collect$$libinit$$0000001D  c_w.l(libinit2.o)
    0x080001b6   0x00000000   Code   RO          684    .ARM.Collect$$libinit$$0000001F  c_w.l(libinit2.o)
    0x080001b6   0x00000000   Code   RO          686    .ARM.Collect$$libinit$$00000021  c_w.l(libinit2.o)
    0x080001b6   0x00000000   Code   RO          688    .ARM.Collect$$libinit$$00000023  c_w.l(libinit2.o)
    0x080001b6   0x00000000   Code   RO          690    .ARM.Collect$$libinit$$00000025  c_w.l(libinit2.o)
    0x080001b6   0x00000000   Code   RO          694    .ARM.Collect$$libinit$$0000002C  c_w.l(libinit2.o)
    0x080001b6   0x00000000   Code   RO          696    .ARM.Collect$$libinit$$0000002E  c_w.l(libinit2.o)
    0x080001b6   0x00000000   Code   RO          698    .ARM.Collect$$libinit$$00000030  c_w.l(libinit2.o)
    0x080001b6   0x00000000   Code   RO          700    .ARM.Collect$$libinit$$00000032  c_w.l(libinit2.o)
    0x080001b6   0x00000002   Code   RO          701    .ARM.Collect$$libinit$$00000033  c_w.l(libinit2.o)
    0x080001b8   0x00000002   Code   RO          737    .ARM.Collect$$libshutdown$$00000000  c_w.l(libshutdown.o)
    0x080001ba   0x00000000   Code   RO          748    .ARM.Collect$$libshutdown$$00000003  c_w.l(libshutdown2.o)
    0x080001ba   0x00000000   Code   RO          751    .ARM.Collect$$libshutdown$$00000006  c_w.l(libshutdown2.o)
    0x080001ba   0x00000000   Code   RO          754    .ARM.Collect$$libshutdown$$00000009  c_w.l(libshutdown2.o)
    0x080001ba   0x00000000   Code   RO          756    .ARM.Collect$$libshutdown$$0000000B  c_w.l(libshutdown2.o)
    0x080001ba   0x00000000   Code   RO          759    .ARM.Collect$$libshutdown$$0000000E  c_w.l(libshutdown2.o)
    0x080001ba   0x00000002   Code   RO          760    .ARM.Collect$$libshutdown$$0000000F  c_w.l(libshutdown2.o)
    0x080001bc   0x00000000   Code   RO          593    .ARM.Collect$$rtentry$$00000000  c_w.l(__rtentry.o)
    0x080001bc   0x00000000   Code   RO          606    .ARM.Collect$$rtentry$$00000002  c_w.l(__rtentry2.o)
    0x080001bc   0x00000006   Code   RO          618    .ARM.Collect$$rtentry$$00000004  c_w.l(__rtentry4.o)
    0x080001c2   0x00000000   Code   RO          608    .ARM.Collect$$rtentry$$00000009  c_w.l(__rtentry2.o)
    0x080001c2   0x00000004   Code   RO          609    .ARM.Collect$$rtentry$$0000000A  c_w.l(__rtentry2.o)
    0x080001c6   0x00000000   Code   RO          611    .ARM.Collect$$rtentry$$0000000C  c_w.l(__rtentry2.o)
    0x080001c6   0x00000008   Code   RO          612    .ARM.Collect$$rtentry$$0000000D  c_w.l(__rtentry2.o)
    0x080001ce   0x00000002   Code   RO          651    .ARM.Collect$$rtexit$$00000000  c_w.l(rtexit.o)
    0x080001d0   0x00000000   Code   RO          703    .ARM.Collect$$rtexit$$00000002  c_w.l(rtexit2.o)
    0x080001d0   0x00000004   Code   RO          704    .ARM.Collect$$rtexit$$00000003  c_w.l(rtexit2.o)
    0x080001d4   0x00000006   Code   RO          705    .ARM.Collect$$rtexit$$00000004  c_w.l(rtexit2.o)
    0x080001da   0x00000002   PAD
    0x080001dc   0x00000040   Code   RO            4    .text               startup_stm32f10x_hd.o
    0x0800021c   0x000001b4   Code   RO           10    .text               main.o
    0x080003d0   0x00000034   Code   RO          105    .text               stm32f10x_it.o
    0x08000404   0x00000166   Code   RO          117    .text               pbdata.o
    0x0800056a   0x00000002   PAD
    0x0800056c   0x000000b8   Code   RO          135    .text               led.o
    0x08000624   0x00000130   Code   RO          147    .text               uart.o
    0x08000754   0x0000035c   Code   RO          166    .text               stm32f10x_gpio.o
    0x08000ab0   0x000003a4   Code   RO          178    .text               stm32f10x_rcc.o
    0x08000e54   0x00000408   Code   RO          192    .text               stm32f10x_usart.o
    0x0800125c   0x00000e1a   Code   RO          204    .text               stm32f10x_tim.o
    0x08002076   0x00000002   PAD
    0x08002078   0x000000dc   Code   RO          228    .text               misc.o
    0x08002154   0x000001e0   Code   RO          250    .text               system_stm32f10x.o
    0x08002334   0x0000048c   Code   RO          275    .text               mbascii.o
    0x080027c0   0x0000019e   Code   RO          315    .text               mbfunccoils.o
    0x0800295e   0x000000a4   Code   RO          327    .text               mbfuncdisc.o
    0x08002a02   0x00000212   Code   RO          339    .text               mbfuncholding.o
    0x08002c14   0x0000008c   Code   RO          351    .text               mbfuncinput.o
    0x08002ca0   0x00000094   Code   RO          363    .text               mbfuncother.o
    0x08002d34   0x000000e0   Code   RO          378    .text               mbutils.o
    0x08002e14   0x00000094   Code   RO          390    .text               mbcrc.o
    0x08002ea8   0x000006c0   Code   RO          420    .text               mbrtu.o
    0x08003568   0x0000054c   Code   RO          456    .text               mb.o
    0x08003ab4   0x0000003c   Code   RO          483    .text               portevent.o
    0x08003af0   0x000000cc   Code   RO          497    .text               portserial.o
    0x08003bbc   0x00000104   Code   RO          509    .text               porttimer.o
    0x08003cc0   0x00000018   Code   RO          535    .text               c_w.l(noretval__2printf.o)
    0x08003cd8   0x00000068   Code   RO          537    .text               c_w.l(__printf.o)
    0x08003d40   0x00000078   Code   RO          539    .text               c_w.l(_printf_dec.o)
    0x08003db8   0x00000058   Code   RO          544    .text               c_w.l(_printf_hex_int.o)
    0x08003e10   0x00000080   Code   RO          585    .text               c_w.l(assert.o)
    0x08003e90   0x0000008a   Code   RO          587    .text               c_w.l(rt_memcpy_v6.o)
    0x08003f1a   0x00000006   Code   RO          589    .text               c_w.l(heapauxi.o)
    0x08003f20   0x000000b2   Code   RO          594    .text               c_w.l(_printf_intcommon.o)
    0x08003fd2   0x00000002   PAD
    0x08003fd4   0x00000024   Code   RO          596    .text               c_w.l(_printf_char_file.o)
    0x08003ff8   0x00000010   Code   RO          599    .text               c_w.l(abort.o)
    0x08004008   0x00000014   Code   RO          601    .text               c_w.l(assert_puts.o)
    0x0800401c   0x00000064   Code   RO          603    .text               c_w.l(rt_memcpy_w.o)
    0x08004080   0x00000030   Code   RO          620    .text               c_w.l(_printf_char_common.o)
    0x080040b0   0x00000008   Code   RO          622    .text               c_w.l(ferror.o)
    0x080040b8   0x0000000e   Code   RO          626    .text               c_w.l(defsig_abrt_outer.o)
    0x080040c6   0x0000004a   Code   RO          630    .text               c_w.l(sys_stackheap_outer.o)
    0x08004110   0x0000000c   Code   RO          636    .text               c_w.l(exit.o)
    0x0800411c   0x0000000a   Code   RO          638    .text               c_w.l(defsig_exit.o)
    0x08004126   0x00000002   PAD
    0x08004128   0x00000030   Code   RO          640    .text               c_w.l(defsig_abrt_inner.o)
    0x08004158   0x00000008   Code   RO          648    .text               c_w.l(libspace.o)
    0x08004160   0x00000032   Code   RO          655    .text               c_w.l(defsig_general.o)
    0x08004192   0x00000006   Data   RO           11    .constdata          main.o
    0x08004198   0x00000200   Data   RO          391    .constdata          mbcrc.o
    0x08004398   0x00000028   Data   RO          545    .constdata          c_w.l(_printf_hex_int.o)
    0x080043c0   0x00000044   Data   RO          276    .conststring        mbascii.o
    0x08004404   0x000000b3   Data   RO          422    .conststring        mbrtu.o
    0x080044b7   0x00000001   PAD
    0x080044b8   0x00000020   Data   RO          764    Region$$Table       anon$$obj.o


    Execution Region RW_IRAM1 (Base: 0x20000000, Size: 0x000008a8, Max: 0x00010000, ABSOLUTE)

    Base Addr    Size         Type   Attr      Idx    E Section Name        Object

    0x20000000   0x00000009   Data   RW           12    .data               main.o
    0x20000009   0x00000003   PAD
    0x2000000c   0x00000004   Data   RW          148    .data               uart.o
    0x20000010   0x00000014   Data   RW          179    .data               stm32f10x_rcc.o
    0x20000024   0x00000014   Data   RW          251    .data               system_stm32f10x.o
    0x20000038   0x00000014   Data   RW          277    .data               mbascii.o
    0x2000004c   0x00000002   Data   RW          365    .data               mbfuncother.o
    0x2000004e   0x00000002   PAD
    0x20000050   0x0000000c   Data   RW          423    .data               mbrtu.o
    0x2000005c   0x000000b9   Data   RW          457    .data               mb.o
    0x20000115   0x00000002   Data   RW          484    .data               portevent.o
    0x20000117   0x00000001   PAD
    0x20000118   0x00000020   Zero   RW          364    .bss                mbfuncother.o
    0x20000138   0x0000010a   Zero   RW          421    .bss                mbrtu.o
    0x20000242   0x00000002   PAD
    0x20000244   0x00000060   Zero   RW          649    .bss                c_w.l(libspace.o)
    0x200002a4   0x00000004   PAD
    0x200002a8   0x00000200   Zero   RW            2    HEAP                startup_stm32f10x_hd.o
    0x200004a8   0x00000400   Zero   RW            1    STACK               startup_stm32f10x_hd.o


==============================================================================

Image component sizes


      Code (inc. data)   RO Data    RW Data    ZI Data      Debug   Object Name

       184         18          0          0          0        561   led.o
       436         72          6          9          0     258678   main.o
      1356        484          0        185          0       4331   mb.o
      1164        166         68         20          0       5269   mbascii.o
       148         60        512          0          0       1224   mbcrc.o
       414          0          0          0          0       2910   mbfunccoils.o
       164          0          0          0          0       1524   mbfuncdisc.o
       530          0          0          0          0       3769   mbfuncholding.o
       140          0          0          0          0       1479   mbfuncinput.o
       148          8          0          2         32       1693   mbfuncother.o
      1728        594        179         12        266       4384   mbrtu.o
       224         44          0          0          0       1830   mbutils.o
       220         22          0          0          0       1733   misc.o
       358          0          0          0          0       1381   pbdata.o
        60          8          0          2          0       1468   portevent.o
       204         30          0          0          0       1854   portserial.o
       260         14          0          0          0       1809   porttimer.o
        64         26        304          0       1536        820   startup_stm32f10x_hd.o
       860         38          0          0          0       5581   stm32f10x_gpio.o
        52          6          0          0          0        464   stm32f10x_it.o
       932         36          0         20          0       8736   stm32f10x_rcc.o
      3610         88          0          0          0      22064   stm32f10x_tim.o
      1032         22          0          0          0       8300   stm32f10x_usart.o
       480         38          0         20          0       1787   system_stm32f10x.o
       304         14          0          4          0       2924   uart.o

    ----------------------------------------------------------------------
     15076       1788       1102        280       1836     346573   Object Totals
         0          0         32          0          0          0   (incl. Generated)
         4          0          1          6          2          0   (incl. Padding)

    ----------------------------------------------------------------------

      Code (inc. data)   RO Data    RW Data    ZI Data      Debug   Library Member Name

         8          0          0          0          0         68   __main.o
       104          0          0          0          0         84   __printf.o
         0          0          0          0          0          0   __rtentry.o
        12          0          0          0          0          0   __rtentry2.o
         6          0          0          0          0          0   __rtentry4.o
        52          8          0          0          0          0   __scatter.o
        26          0          0          0          0          0   __scatter_copy.o
        28          0          0          0          0          0   __scatter_zi.o
        48          6          0          0          0         96   _printf_char_common.o
        36          4          0          0          0         80   _printf_char_file.o
         6          0          0          0          0          0   _printf_d.o
       120         16          0          0          0         92   _printf_dec.o
        88          4         40          0          0         88   _printf_hex_int.o
       178          0          0          0          0         88   _printf_intcommon.o
         0          0          0          0          0          0   _printf_percent.o
         4          0          0          0          0          0   _printf_percent_end.o
         6          0          0          0          0          0   _printf_x.o
        16          0          0          0          0         72   abort.o
       128         42          0          0          0         76   assert.o
        20          0          0          0          0         76   assert_puts.o
        48         34          0          0          0         76   defsig_abrt_inner.o
        14          0          0          0          0         80   defsig_abrt_outer.o
        10          0          0          0          0         68   defsig_exit.o
        50          0          0          0          0         88   defsig_general.o
        12          0          0          0          0         72   exit.o
         8          0          0          0          0         68   ferror.o
         6          0          0          0          0        152   heapauxi.o
         2          0          0          0          0          0   libinit.o
         2          0          0          0          0          0   libinit2.o
         2          0          0          0          0          0   libshutdown.o
         2          0          0          0          0          0   libshutdown2.o
         8          4          0          0         96         68   libspace.o
        24          4          0          0          0         84   noretval__2printf.o
       138          0          0          0          0         68   rt_memcpy_v6.o
       100          0          0          0          0         80   rt_memcpy_w.o
         2          0          0          0          0          0   rtexit.o
        10          0          0          0          0          0   rtexit2.o
        74          0          0          0          0         80   sys_stackheap_outer.o

    ----------------------------------------------------------------------
      1406        122         40          0        100       1804   Library Totals
         8          0          0          0          4          0   (incl. Padding)

    ----------------------------------------------------------------------

      Code (inc. data)   RO Data    RW Data    ZI Data      Debug   Library Name

      1398        122         40          0         96       1804   c_w.l

    ----------------------------------------------------------------------
      1406        122         40          0        100       1804   Library Totals

    ----------------------------------------------------------------------

==============================================================================


      Code (inc. data)   RO Data    RW Data    ZI Data      Debug   

     16482       1910       1142        280       1936     345513   Grand Totals
     16482       1910       1142        280       1936     345513   ELF Image Totals
     16482       1910       1142        280          0          0   ROM Totals

==============================================================================

    Total RO  Size (Code + RO Data)                17624 (  17.21kB)
    Total RW  Size (RW Data + ZI Data)              2216 (   2.16kB)
    Total ROM Size (Code + RO Data + RW Data)      17904 (  17.48kB)

==============================================================================

