<html>
<body>
<pre>
<h1>礦ision Build Log</h1>
<h2>Project:</h2>
F:\MyDocument\TeachingDocu\讲义及教案\嵌入式系统原理与应用\14级课件\源程序\0802_通用TIM定时器_闪烁灯\Project\Test.uvproj
Project File Date:  04/17/2016

<h2>Output:</h2>
compiling main.c...
..\User\main.c - 0 Error(s), 0 Warning(s).
Rebuild target 'TimeCounter'
assembling startup_stm32f10x_hd.s...
compiling core_cm3.c...
compiling system_stm32f10x.c...
compiling main.c...
compiling stm32f10x_it.c...
compiling misc.c...
compiling stm32f10x_rcc.c...
compiling stm32f10x_flash.c...
compiling stm32f10x_gpio.c...
compiling stm32f10x_tim.c...
linking...
Program Size: Code=6612 RO-data=336 RW-data=40 ZI-data=1024  
FromELF: creating hex file...
".\Obj\Test.axf" - 0 Error(s), 0 Warning(s).
