<html>
<body>
<pre>
<h1>礦ision Build Log</h1>
<h2>Tool Versions:</h2>
IDE-Version: μVision V5.14.0.0
Copyright (C) 2015 ARM Ltd and ARM Germany GmbH. All rights reserved.
License Information: liu qiang, tianshuishifan, LIC=6XJHL-0XDW5-WIG5K-ZW204-QT65T-XN33E
 
Tool Versions:
Toolchain:       MDK-ARM Professional  Version: 5.14.0.0
Toolchain Path:  D:\Keil_v5\ARM\ARMCC\Bin
C Compiler:      Armcc.exe V5.05 update 1 (build 106)
Assembler:       Armasm.exe V5.05 update 1 (build 106)
Linker/Locator:  ArmLink.exe V5.05 update 1 (build 106)
Library Manager: ArmAr.exe V5.05 update 1 (build 106)
Hex Converter:   FromElf.exe V5.05 update 1 (build 106)
CPU DLL:         SARMCM3.DLL V5.14.0.0
Dialog DLL:      DCM.DLL V1.13.1.0
Target DLL:      STLink\ST-LINKIII-KEIL_SWO.dll V2.0.14.0_KEIL
Dialog DLL:      TCM.DLL V1.14.4.0
 
<h2>Project:</h2>
C:\Users\Administrator\Desktop\2017电子设计大赛程序\步进电机与陀螺仪组合\Project\DoubleM.uvprojx
Project File Date:  05/22/2018

<h2>Output:</h2>
Build target 'DoubleM'
compiling main.c...
..\User\main.c(6): warning:  #177-D: variable "flag" was declared but never referenced
        int flag = 0;
..\User\main.c(66): warning:  #1-D: last line of file ends without a newline
        
..\User\main.c: 2 warnings, 0 errors
linking...
Program Size: Code=25436 RO-data=3900 RW-data=140 ZI-data=2668  
".\Objects\DoubleM.axf" - 0 Error(s), 2 Warning(s).

<h2>Collection of Component include folders:</h2>
  C:\Users\Administrator\Desktop\2017电子设计大赛程序\步进电机与陀螺仪组合\Project\RTE
  D:\Keil_v5\ARM\PACK\Keil\STM32F1xx_DFP\1.0.5\Device\Include

<h2>Collection of Component Files used:</h2>
</pre>
</body>
</html>
